Component: ARM Compiler 5.06 update 7 (build 960) Tool: armlink [4d3601]

==============================================================================

Section Cross References

    startup_stm32f103xe.o(STACK) refers (Special) to heapauxi.o(.text) for __use_two_region_memory
    startup_stm32f103xe.o(HEAP) refers (Special) to heapauxi.o(.text) for __use_two_region_memory
    startup_stm32f103xe.o(RESET) refers (Special) to heapauxi.o(.text) for __use_two_region_memory
    startup_stm32f103xe.o(RESET) refers to startup_stm32f103xe.o(STACK) for __initial_sp
    startup_stm32f103xe.o(RESET) refers to startup_stm32f103xe.o(.text) for Reset_Handler
    startup_stm32f103xe.o(RESET) refers to stm32f1xx_it.o(i.NMI_Handler) for NMI_Handler
    startup_stm32f103xe.o(RESET) refers to stm32f1xx_it.o(i.HardFault_Handler) for HardFault_Handler
    startup_stm32f103xe.o(RESET) refers to stm32f1xx_it.o(i.MemManage_Handler) for MemManage_Handler
    startup_stm32f103xe.o(RESET) refers to stm32f1xx_it.o(i.BusFault_Handler) for BusFault_Handler
    startup_stm32f103xe.o(RESET) refers to stm32f1xx_it.o(i.UsageFault_Handler) for UsageFault_Handler
    startup_stm32f103xe.o(RESET) refers to port.o(.emb_text) for SVC_Handler
    startup_stm32f103xe.o(RESET) refers to stm32f1xx_it.o(i.DebugMon_Handler) for DebugMon_Handler
    startup_stm32f103xe.o(RESET) refers to cmsis_os2.o(i.SysTick_Handler) for SysTick_Handler
    startup_stm32f103xe.o(RESET) refers to stm32f1xx_it.o(i.TIM4_IRQHandler) for TIM4_IRQHandler
    startup_stm32f103xe.o(.text) refers (Special) to heapauxi.o(.text) for __use_two_region_memory
    startup_stm32f103xe.o(.text) refers to system_stm32f1xx.o(i.SystemInit) for SystemInit
    startup_stm32f103xe.o(.text) refers to __main.o(!!!main) for __main
    startup_stm32f103xe.o(.text) refers to startup_stm32f103xe.o(HEAP) for Heap_Mem
    startup_stm32f103xe.o(.text) refers to startup_stm32f103xe.o(STACK) for Stack_Mem
    main.o(i.HAL_TIM_PeriodElapsedCallback) refers to stm32f1xx_hal.o(i.HAL_IncTick) for HAL_IncTick
    main.o(i.SystemClock_Config) refers to rt_memclr_w.o(.text) for __aeabi_memclr4
    main.o(i.SystemClock_Config) refers to stm32f1xx_hal_rcc.o(i.HAL_RCC_OscConfig) for HAL_RCC_OscConfig
    main.o(i.SystemClock_Config) refers to stm32f1xx_hal_rcc.o(i.HAL_RCC_ClockConfig) for HAL_RCC_ClockConfig
    main.o(i.SystemClock_Config) refers to stm32f1xx_hal_rcc_ex.o(i.HAL_RCCEx_PeriphCLKConfig) for HAL_RCCEx_PeriphCLKConfig
    main.o(i.main) refers to stm32f1xx_hal.o(i.HAL_Init) for HAL_Init
    main.o(i.main) refers to main.o(i.SystemClock_Config) for SystemClock_Config
    main.o(i.main) refers to gpio.o(i.MX_GPIO_Init) for MX_GPIO_Init
    main.o(i.main) refers to usart.o(i.MX_USART1_UART_Init) for MX_USART1_UART_Init
    main.o(i.main) refers to usart.o(i.MX_USART2_UART_Init) for MX_USART2_UART_Init
    main.o(i.main) refers to usart.o(i.MX_USART3_UART_Init) for MX_USART3_UART_Init
    main.o(i.main) refers to adc.o(i.MX_ADC1_Init) for MX_ADC1_Init
    main.o(i.main) refers to cmsis_os2.o(i.osKernelInitialize) for osKernelInitialize
    main.o(i.main) refers to freertos.o(i.MX_FREERTOS_Init) for MX_FREERTOS_Init
    main.o(i.main) refers to cmsis_os2.o(i.osKernelStart) for osKernelStart
    gpio.o(i.MX_GPIO_Init) refers to stm32f1xx_hal_gpio.o(i.HAL_GPIO_WritePin) for HAL_GPIO_WritePin
    gpio.o(i.MX_GPIO_Init) refers to stm32f1xx_hal_gpio.o(i.HAL_GPIO_Init) for HAL_GPIO_Init
    freertos.o(i.MX_FREERTOS_Init) refers to tasks.o(i.xTaskCreate) for xTaskCreate
    freertos.o(i.MX_FREERTOS_Init) refers to cmsis_os2.o(i.osThreadNew) for osThreadNew
    freertos.o(i.MX_FREERTOS_Init) refers to task_heartbeat.o(i.TaskHeartbeat) for TaskHeartbeat
    freertos.o(i.MX_FREERTOS_Init) refers to task_monitor.o(i.TaskMonitor) for TaskMonitor
    freertos.o(i.MX_FREERTOS_Init) refers to freertos.o(.constdata) for .constdata
    freertos.o(i.MX_FREERTOS_Init) refers to freertos.o(i.StartDefaultTask) for StartDefaultTask
    freertos.o(i.MX_FREERTOS_Init) refers to freertos.o(.data) for .data
    freertos.o(i.StartDefaultTask) refers to cmsis_os2.o(i.osDelay) for osDelay
    freertos.o(.constdata) refers to freertos.o(.conststring) for .conststring
    adc.o(i.HAL_ADC_MspDeInit) refers to stm32f1xx_hal_gpio.o(i.HAL_GPIO_DeInit) for HAL_GPIO_DeInit
    adc.o(i.HAL_ADC_MspInit) refers to stm32f1xx_hal_gpio.o(i.HAL_GPIO_Init) for HAL_GPIO_Init
    adc.o(i.MX_ADC1_Init) refers to stm32f1xx_hal_adc.o(i.HAL_ADC_Init) for HAL_ADC_Init
    adc.o(i.MX_ADC1_Init) refers to main.o(i.Error_Handler) for Error_Handler
    adc.o(i.MX_ADC1_Init) refers to stm32f1xx_hal_adc_ex.o(i.HAL_ADCEx_Calibration_Start) for HAL_ADCEx_Calibration_Start
    adc.o(i.MX_ADC1_Init) refers to adc.o(.bss) for .bss
    usart.o(.rev16_text) refers (Special) to use_no_semi_2.o(.text) for __use_no_semihosting
    usart.o(.revsh_text) refers (Special) to use_no_semi_2.o(.text) for __use_no_semihosting
[...]
    i.vQueueAddToRegistry                    0x0800346c   Section        0  queue.o(i.vQueueAddToRegistry)
    i.vQueueWaitForMessageRestricted         0x08003494   Section        0  queue.o(i.vQueueWaitForMessageRestricted)
    i.vTaskDelay                             0x080034d8   Section        0  tasks.o(i.vTaskDelay)
    i.vTaskGetInfo                           0x08003524   Section        0  tasks.o(i.vTaskGetInfo)
    i.vTaskInternalSetTimeOutState           0x08003598   Section        0  tasks.o(i.vTaskInternalSetTimeOutState)
    i.vTaskList                              0x080035a8   Section        0  tasks.o(i.vTaskList)
    i.vTaskMissedYield                       0x0800366c   Section        0  tasks.o(i.vTaskMissedYield)
    i.vTaskPlaceOnEventList                  0x08003678   Section        0  tasks.o(i.vTaskPlaceOnEventList)
    i.vTaskPlaceOnEventListRestricted        0x080036a8   Section        0  tasks.o(i.vTaskPlaceOnEventListRestricted)
    i.vTaskStartScheduler                    0x080036e0   Section        0  tasks.o(i.vTaskStartScheduler)
    i.vTaskSuspendAll                        0x08003768   Section        0  tasks.o(i.vTaskSuspendAll)
    i.vTaskSwitchContext                     0x08003778   Section        0  tasks.o(i.vTaskSwitchContext)
    i.xPortGetFreeHeapSize                   0x08003804   Section        0  heap_4.o(i.xPortGetFreeHeapSize)
    i.xPortStartScheduler                    0x08003810   Section        0  port.o(i.xPortStartScheduler)
    i.xPortSysTickHandler                    0x080038b8   Section        0  port.o(i.xPortSysTickHandler)
    i.xQueueGenericCreateStatic              0x080038e4   Section        0  queue.o(i.xQueueGenericCreateStatic)
    i.xQueueGenericReset                     0x0800394c   Section        0  queue.o(i.xQueueGenericReset)
    i.xQueueGenericSend                      0x080039d4   Section        0  queue.o(i.xQueueGenericSend)
    i.xQueueGenericSendFromISR               0x08003b34   Section        0  queue.o(i.xQueueGenericSendFromISR)
    i.xQueueReceive                          0x08003bf4   Section        0  queue.o(i.xQueueReceive)
    i.xTaskCheckForTimeOut                   0x08003d2c   Section        0  tasks.o(i.xTaskCheckForTimeOut)
    i.xTaskCreate                            0x08003da0   Section        0  tasks.o(i.xTaskCreate)
    i.xTaskCreateStatic                      0x08003dfa   Section        0  tasks.o(i.xTaskCreateStatic)
    i.xTaskGetSchedulerState                 0x08003e50   Section        0  tasks.o(i.xTaskGetSchedulerState)
    i.xTaskGetTickCount                      0x08003e6c   Section        0  tasks.o(i.xTaskGetTickCount)
    i.xTaskIncrementTick                     0x08003e78   Section        0  tasks.o(i.xTaskIncrementTick)
    i.xTaskPriorityDisinherit                0x08003f40   Section        0  tasks.o(i.xTaskPriorityDisinherit)
    i.xTaskRemoveFromEventList               0x08003fc0   Section        0  tasks.o(i.xTaskRemoveFromEventList)
    i.xTaskResumeAll                         0x08004030   Section        0  tasks.o(i.xTaskResumeAll)
    i.xTimerCreateTimerTask                  0x080040f4   Section        0  timers.o(i.xTimerCreateTimerTask)
    i.xTimerGenericCommand                   0x08004154   Section        0  timers.o(i.xTimerGenericCommand)
    x$fpl$fadd                               0x080041bc   Section      196  faddsub_clz.o(x$fpl$fadd)
    _fadd1                                   0x080041cb   Thumb Code     0  faddsub_clz.o(x$fpl$fadd)
    x$fpl$fcheck1                            0x08004280   Section       12  fcheck1.o(x$fpl$fcheck1)
    x$fpl$fdiv                               0x0800428c   Section      388  fdiv.o(x$fpl$fdiv)
    _fdiv1                                   0x0800428d   Thumb Code     0  fdiv.o(x$fpl$fdiv)
    x$fpl$ffix                               0x08004410   Section       54  ffix.o(x$fpl$ffix)
    x$fpl$ffixu                              0x08004448   Section       62  ffixu.o(x$fpl$ffixu)
    x$fpl$fflt                               0x08004488   Section       48  fflt_clz.o(x$fpl$fflt)
    x$fpl$ffltu                              0x080044b8   Section       38  fflt_clz.o(x$fpl$ffltu)
    x$fpl$fmul                               0x080044e0   Section      258  fmul.o(x$fpl$fmul)
    x$fpl$fnaninf                            0x080045e2   Section      140  fnaninf.o(x$fpl$fnaninf)
    x$fpl$fretinf                            0x0800466e   Section       10  fretinf.o(x$fpl$fretinf)
    x$fpl$fsub                               0x08004678   Section      234  faddsub_clz.o(x$fpl$fsub)
    _fsub1                                   0x08004687   Thumb Code     0  faddsub_clz.o(x$fpl$fsub)
    x$fpl$retnan                             0x08004762   Section      100  retnan.o(x$fpl$retnan)
    x$fpl$scalbnf                            0x080047c6   Section       76  scalbnf.o(x$fpl$scalbnf)
    x$fpl$trapveneer                         0x08004812   Section       48  trapv.o(x$fpl$trapveneer)
    x$fpl$usenofp                            0x08004842   Section        0  usenofp.o(x$fpl$usenofp)
    .constdata                               0x08004844   Section       36  freertos.o(.constdata)
    .constdata                               0x08004868   Section       18  stm32f1xx_hal_rcc.o(.constdata)
    aPredivFactorTable                       0x08004868   Data           2  stm32f1xx_hal_rcc.o(.constdata)
    aPLLMULFactorTable                       0x0800486a   Data          16  stm32f1xx_hal_rcc.o(.constdata)
    .constdata                               0x0800487a   Section       18  stm32f1xx_hal_rcc_ex.o(.constdata)
    aPredivFactorTable                       0x0800487a   Data           2  stm32f1xx_hal_rcc_ex.o(.constdata)
    aPLLMULFactorTable                       0x0800487c   Data          16  stm32f1xx_hal_rcc_ex.o(.constdata)
    .constdata                               0x0800488c   Section       16  system_stm32f1xx.o(.constdata)
    .constdata                               0x0800489c   Section        8  system_stm32f1xx.o(.constdata)
    .constdata                               0x080048a4   Section       64  logf.o(.constdata)
    logahi                                   0x080048a4   Data          32  logf.o(.constdata)
    logalo                                   0x080048c4   Data          32  logf.o(.constdata)
    .conststring                             0x080048e4   Section       12  freertos.o(.conststring)
    .conststring                             0x080048f0   Section       68  task_monitor.o(.conststring)
    .data                                    0x20000000   Section        4  freertos.o(.data)
    .data                                    0x20000004   Section        4  usart.o(.data)
    .data                                    0x20000008   Section       12  stm32f1xx_hal.o(.data)
    .data                                    0x20000014   Section        4  system_stm32f1xx.o(.data)
    .data                                    0x20000018   Section       60  tasks.o(.data)
    uxDeletedTasksWaitingCleanUp             0x2000001c   Data           4  tasks.o(.data)
    uxCurrentNumberOfTasks                   0x20000020   Data           4  tasks.o(.data)
    xTickCount                               0x20000024   Data           4  tasks.o(.data)
    uxTopReadyPriority                       0x20000028   Data           4  tasks.o(.data)
    xSchedulerRunning                        0x2000002c   Data           4  tasks.o(.data)
    xPendedTicks                             0x20000030   Data           4  tasks.o(.data)
    xYieldPending                            0x20000034   Data           4  tasks.o(.data)
    xNumOfOverflows                          0x20000038   Data           4  tasks.o(.data)
    uxTaskNumber                             0x2000003c   Data           4  tasks.o(.data)
    xNextTaskUnblockTime                     0x20000040   Data           4  tasks.o(.data)
    xIdleTaskHandle                          0x20000044   Data           4  tasks.o(.data)
    uxSchedulerSuspended                     0x20000048   Data           4  tasks.o(.data)
    pxDelayedTaskList                        0x2000004c   Data           4  tasks.o(.data)
    pxOverflowDelayedTaskList                0x20000050   Data           4  tasks.o(.data)
    .data                                    0x20000054   Section       20  timers.o(.data)
    xTimerQueue                              0x20000054   Data           4  timers.o(.data)
    xTimerTaskHandle                         0x20000058   Data           4  timers.o(.data)
    xLastTime                                0x2000005c   Data           4  timers.o(.data)
    pxCurrentTimerList                       0x20000060   Data           4  timers.o(.data)
    pxOverflowTimerList                      0x20000064   Data           4  timers.o(.data)
    .data                                    0x20000068   Section        4  cmsis_os2.o(.data)
    KernelState                              0x20000068   Data           4  cmsis_os2.o(.data)
    .data                                    0x2000006c   Section       32  heap_4.o(.data)
    pxEnd                                    0x2000006c   Data           4  heap_4.o(.data)
    xFreeBytesRemaining                      0x20000070   Data           4  heap_4.o(.data)
    xMinimumEverFreeBytesRemaining           0x20000074   Data           4  heap_4.o(.data)
    xNumberOfSuccessfulAllocations           0x20000078   Data           4  heap_4.o(.data)
    xNumberOfSuccessfulFrees                 0x2000007c   Data           4  heap_4.o(.data)
    xBlockAllocatedBit                       0x20000080   Data           4  heap_4.o(.data)
    xStart                                   0x20000084   Data           8  heap_4.o(.data)
    .data                                    0x2000008c   Section       12  port.o(.data)
    ucMaxSysCallPriority                     0x2000008c   Data           1  port.o(.data)
    uxCriticalNesting                        0x20000090   Data           4  port.o(.data)
    ulMaxPRIGROUPValue                       0x20000094   Data           4  port.o(.data)
    .bss                                     0x20000098   Section       48  adc.o(.bss)
    .bss                                     0x200000c8   Section      216  usart.o(.bss)
    .bss                                     0x200001a0   Section       72  stm32f1xx_hal_timebase_tim.o(.bss)
    .bss                                     0x200001e8   Section       64  queue.o(.bss)
    .bss                                     0x20000228   Section     1220  tasks.o(.bss)
    pxReadyTasksLists                        0x20000228   Data        1120  tasks.o(.bss)
    xDelayedTaskList1                        0x20000688   Data          20  tasks.o(.bss)
    xDelayedTaskList2                        0x2000069c   Data          20  tasks.o(.bss)
    xPendingReadyList                        0x200006b0   Data          20  tasks.o(.bss)
    xTasksWaitingTermination                 0x200006c4   Data          20  tasks.o(.bss)
    xSuspendedTaskList                       0x200006d8   Data          20  tasks.o(.bss)
    .bss                                     0x200006ec   Section      280  timers.o(.bss)
    xStaticTimerQueue                        0x200006ec   Data          80  timers.o(.bss)
    ucStaticTimerQueueStorage                0x2000073c   Data         160  timers.o(.bss)
    xActiveTimerList1                        0x200007dc   Data          20  timers.o(.bss)
    xActiveTimerList2                        0x200007f0   Data          20  timers.o(.bss)
    .bss                                     0x20000804   Section     1720  cmsis_os2.o(.bss)
    Idle_TCB                                 0x20000804   Data          92  cmsis_os2.o(.bss)
    Idle_Stack                               0x20000860   Data         512  cmsis_os2.o(.bss)
    Timer_TCB                                0x20000a60   Data          92  cmsis_os2.o(.bss)
    Timer_Stack                              0x20000abc   Data        1024  cmsis_os2.o(.bss)
    .bss                                     0x20000ebc   Section    10240  heap_4.o(.bss)
    ucHeap                                   0x20000ebc   Data       10240  heap_4.o(.bss)
    .bss                                     0x200036bc   Section      512  task_heartbeat.o(.bss)
    task_buf                                 0x200036bc   Data         512  task_heartbeat.o(.bss)
    .bss                                     0x200038bc   Section       96  libspace.o(.bss)
    HEAP                                     0x20003920   Section      512  startup_stm32f103xe.o(HEAP)
    Heap_Mem                                 0x20003920   Data         512  startup_stm32f103xe.o(HEAP)
    STACK                                    0x20003b20   Section     1024  startup_stm32f103xe.o(STACK)
    Stack_Mem                                0x20003b20   Data        1024  startup_stm32f103xe.o(STACK)
    __initial_sp                             0x20003f20   Data           0  startup_stm32f103xe.o(STACK)

    Global Symbols

    Symbol Name                              Value     Ov Type        Size  Object(Section)

    BuildAttributes$$THM_ISAv4$P$D$K$B$S$PE$A:L22UL41UL21$X:L11$S22US41US21$IEEE1$IW$USESV6$~STKCKD$USESV7$~SHL$OTIME$ROPI$IEEEX$EBA8$UX$STANDARDLIB$REQ8$PRES8$EABIv2 0x00000000   Number         0  anon$$obj.o ABSOLUTE
    __ARM_use_no_argv                        0x00000000   Number         0  main.o ABSOLUTE
    _printf_flags                            0x00000000   Number         0  printf_stubs.o ABSOLUTE
    _printf_return_value                     0x00000000   Number         0  printf_stubs.o ABSOLUTE
    _printf_sizespec                         0x00000000   Number         0  printf_stubs.o ABSOLUTE
    _printf_widthprec                        0x00000000   Number         0  printf_stubs.o ABSOLUTE
    __ARM_exceptions_init                     - Undefined Weak Reference
    __alloca_initialize                       - Undefined Weak Reference
    __arm_fini_                               - Undefined Weak Reference
    __arm_preinit_                            - Undefined Weak Reference
    __cpp_initialize__aeabi_                  - Undefined Weak Reference
    __cxa_finalize                            - Undefined Weak Reference
    __rt_locale                               - Undefined Weak Reference
    __sigvec_lookup                           - Undefined Weak Reference
    _atexit_init                              - Undefined Weak Reference
    _call_atexit_fns                          - Undefined Weak Reference
    _clock_init                               - Undefined Weak Reference
    _fp_trap_init                             - Undefined Weak Reference
    _fp_trap_shutdown                         - Undefined Weak Reference
    _get_lc_collate                           - Undefined Weak Reference
    _get_lc_ctype                             - Undefined Weak Reference
    _get_lc_monetary                          - Undefined Weak Reference
    _get_lc_numeric                           - Undefined Weak Reference
    _get_lc_time                              - Undefined Weak Reference
    _getenv_init                              - Undefined Weak Reference
    _handle_redirection                       - Undefined Weak Reference
    _init_alloc                               - Undefined Weak Reference
    _init_user_alloc                          - Undefined Weak Reference
    _initio                                   - Undefined Weak Reference
    _mutex_acquire                            - Undefined Weak Reference
    _mutex_release                            - Undefined Weak Reference
    _printf_mbtowc                            - Undefined Weak Reference
    _printf_post_padding                      - Undefined Weak Reference
    _printf_pre_padding                       - Undefined Weak Reference
    _printf_truncate_signed                   - Undefined Weak Reference
    _printf_truncate_unsigned                 - Undefined Weak Reference
    _rand_init                                - Undefined Weak Reference
    _signal_finish                            - Undefined Weak Reference
    _signal_init                              - Undefined Weak Reference
    _terminate_alloc                          - Undefined Weak Reference
    _terminate_user_alloc                     - Undefined Weak Reference
    _terminateio                              - Undefined Weak Reference
    __Vectors_Size                           0x00000130   Number         0  startup_stm32f103xe.o ABSOLUTE
    __Vectors                                0x08000000   Data           4  startup_stm32f103xe.o(RESET)
    __Vectors_End                            0x08000130   Data           0  startup_stm32f103xe.o(RESET)
    __main                                   0x08000131   Thumb Code     8  __main.o(!!!main)
    __scatterload                            0x08000139   Thumb Code     0  __scatter.o(!!!scatter)
    __scatterload_rt2                        0x08000139   Thumb Code    44  __scatter.o(!!!scatter)
    __scatterload_rt2_thumb_only             0x08000139   Thumb Code     0  __scatter.o(!!!scatter)
    __scatterload_null                       0x08000147   Thumb Code     0  __scatter.o(!!!scatter)
    __scatterload_copy                       0x0800016d   Thumb Code    26  __scatter_copy.o(!!handler_copy)
    __scatterload_zeroinit                   0x08000189   Thumb Code    28  __scatter_zi.o(!!handler_zi)
    _printf_d                                0x080001a5   Thumb Code     0  _printf_d.o(.ARM.Collect$$_printf_percent$$00000009)
    _printf_percent                          0x080001a5   Thumb Code     0  _printf_percent.o(.ARM.Collect$$_printf_percent$$00000000)
    _printf_u                                0x080001ab   Thumb Code     0  _printf_u.o(.ARM.Collect$$_printf_percent$$0000000A)
    _printf_c                                0x080001b1   Thumb Code     0  _printf_c.o(.ARM.Collect$$_printf_percent$$00000013)
    _printf_s                                0x080001b7   Thumb Code     0  _printf_s.o(.ARM.Collect$$_printf_percent$$00000014)
    _printf_percent_end                      0x080001bd   Thumb Code     0  _printf_percent_end.o(.ARM.Collect$$_printf_percent$$00000017)
    __rt_lib_init                            0x080001c1   Thumb Code     0  libinit.o(.ARM.Collect$$libinit$$00000000)
    __rt_lib_init_alloca_1                   0x080001c3   Thumb Code     0  libinit2.o(.ARM.Collect$$libinit$$0000002E)
    __rt_lib_init_argv_1                     0x080001c3   Thumb Code     0  libinit2.o(.ARM.Collect$$libinit$$0000002C)
    __rt_lib_init_atexit_1                   0x080001c3   Thumb Code     0  libinit2.o(.ARM.Collect$$libinit$$0000001B)
    __rt_lib_init_clock_1                    0x080001c3   Thumb Code     0  libinit2.o(.ARM.Collect$$libinit$$00000021)
    __rt_lib_init_cpp_1                      0x080001c3   Thumb Code     0  libinit2.o(.ARM.Collect$$libinit$$00000032)
    __rt_lib_init_exceptions_1               0x080001c3   Thumb Code     0  libinit2.o(.ARM.Collect$$libinit$$00000030)
    __rt_lib_init_fp_1                       0x080001c3   Thumb Code     0  libinit2.o(.ARM.Collect$$libinit$$00000002)
    __rt_lib_init_fp_trap_1                  0x080001c3   Thumb Code     0  libinit2.o(.ARM.Collect$$libinit$$0000001F)
    __rt_lib_init_getenv_1                   0x080001c3   Thumb Code     0  libinit2.o(.ARM.Collect$$libinit$$00000023)
    __rt_lib_init_heap_1                     0x080001c3   Thumb Code     0  libinit2.o(.ARM.Collect$$libinit$$0000000A)
    __rt_lib_init_lc_collate_1               0x080001c3   Thumb Code     0  libinit2.o(.ARM.Collect$$libinit$$00000011)
    __rt_lib_init_lc_ctype_1                 0x080001c3   Thumb Code     0  libinit2.o(.ARM.Collect$$libinit$$00000013)
    __rt_lib_init_lc_monetary_1              0x080001c3   Thumb Code     0  libinit2.o(.ARM.Collect$$libinit$$00000015)
    __rt_lib_init_lc_numeric_1               0x080001c3   Thumb Code     0  libinit2.o(.ARM.Collect$$libinit$$00000017)
    __rt_lib_init_lc_time_1                  0x080001c3   Thumb Code     0  libinit2.o(.ARM.Collect$$libinit$$00000019)
    __rt_lib_init_preinit_1                  0x080001c3   Thumb Code     0  libinit2.o(.ARM.Collect$$libinit$$00000004)
    __rt_lib_init_rand_1                     0x080001c3   Thumb Code     0  libinit2.o(.ARM.Collect$$libinit$$0000000E)
    __rt_lib_init_return                     0x080001c3   Thumb Code     0  libinit2.o(.ARM.Collect$$libinit$$00000033)
    __rt_lib_init_signal_1                   0x080001c3   Thumb Code     0  libinit2.o(.ARM.Collect$$libinit$$0000001D)
    __rt_lib_init_stdio_1                    0x080001c3   Thumb Code     0  libinit2.o(.ARM.Collect$$libinit$$00000025)
    __rt_lib_init_user_alloc_1               0x080001c3   Thumb Code     0  libinit2.o(.ARM.Collect$$libinit$$0000000C)
    __rt_lib_shutdown                        0x080001c5   Thumb Code     0  libshutdown.o(.ARM.Collect$$libshutdown$$00000000)
    __rt_lib_shutdown_cpp_1                  0x080001c7   Thumb Code     0  libshutdown2.o(.ARM.Collect$$libshutdown$$00000004)
    __rt_lib_shutdown_fini_1                 0x080001c7   Thumb Code     0  libshutdown2.o(.ARM.Collect$$libshutdown$$00000002)
    __rt_lib_shutdown_fp_trap_1              0x080001c7   Thumb Code     0  libshutdown2.o(.ARM.Collect$$libshutdown$$00000009)
    __rt_lib_shutdown_heap_1                 0x080001c7   Thumb Code     0  libshutdown2.o(.ARM.Collect$$libshutdown$$00000011)
    __rt_lib_shutdown_return                 0x080001c7   Thumb Code     0  libshutdown2.o(.ARM.Collect$$libshutdown$$00000012)
    __rt_lib_shutdown_signal_1               0x080001c7   Thumb Code     0  libshutdown2.o(.ARM.Collect$$libshutdown$$0000000C)
    __rt_lib_shutdown_stdio_1                0x080001c7   Thumb Code     0  libshutdown2.o(.ARM.Collect$$libshutdown$$00000006)
    __rt_lib_shutdown_user_alloc_1           0x080001c7   Thumb Code     0  libshutdown2.o(.ARM.Collect$$libshutdown$$0000000E)
    __rt_entry                               0x080001c9   Thumb Code     0  __rtentry.o(.ARM.Collect$$rtentry$$00000000)
    __rt_entry_presh_1                       0x080001c9   Thumb Code     0  __rtentry2.o(.ARM.Collect$$rtentry$$00000002)
    __rt_entry_sh                            0x080001c9   Thumb Code     0  __rtentry4.o(.ARM.Collect$$rtentry$$00000004)
    __rt_entry_li                            0x080001cf   Thumb Code     0  __rtentry2.o(.ARM.Collect$$rtentry$$0000000A)
    __rt_entry_postsh_1                      0x080001cf   Thumb Code     0  __rtentry2.o(.ARM.Collect$$rtentry$$00000009)
    __rt_entry_main                          0x080001d3   Thumb Code     0  __rtentry2.o(.ARM.Collect$$rtentry$$0000000D)
    __rt_entry_postli_1                      0x080001d3   Thumb Code     0  __rtentry2.o(.ARM.Collect$$rtentry$$0000000C)
    __rt_exit                                0x080001db   Thumb Code     0  rtexit.o(.ARM.Collect$$rtexit$$00000000)
    __rt_exit_ls                             0x080001dd   Thumb Code     0  rtexit2.o(.ARM.Collect$$rtexit$$00000003)
    __rt_exit_prels_1                        0x080001dd   Thumb Code     0  rtexit2.o(.ARM.Collect$$rtexit$$00000002)
    __rt_exit_exit                           0x080001e1   Thumb Code     0  rtexit2.o(.ARM.Collect$$rtexit$$00000004)
    SVC_Handler                              0x080001e9   Thumb Code    32  port.o(.emb_text)
    __asm___6_port_c_39a90d8d__prvStartFirstTask 0x0800020d   Thumb Code    28  port.o(.emb_text)
    PendSV_Handler                           0x0800022d   Thumb Code    72  port.o(.emb_text)
    vPortGetIPSR                             0x08000279   Thumb Code     6  port.o(.emb_text)
    Reset_Handler                            0x08000281   Thumb Code     8  startup_stm32f103xe.o(.text)
    ADC1_2_IRQHandler                        0x0800029b   Thumb Code     0  startup_stm32f103xe.o(.text)
    ADC3_IRQHandler                          0x0800029b   Thumb Code     0  startup_stm32f103xe.o(.text)
    CAN1_RX1_IRQHandler                      0x0800029b   Thumb Code     0  startup_stm32f103xe.o(.text)
    CAN1_SCE_IRQHandler                      0x0800029b   Thumb Code     0  startup_stm32f103xe.o(.text)
    DMA1_Channel1_IRQHandler                 0x0800029b   Thumb Code     0  startup_stm32f103xe.o(.text)
    DMA1_Channel2_IRQHandler                 0x0800029b   Thumb Code     0  startup_stm32f103xe.o(.text)
    DMA1_Channel3_IRQHandler                 0x0800029b   Thumb Code     0  startup_stm32f103xe.o(.text)
    DMA1_Channel4_IRQHandler                 0x0800029b   Thumb Code     0  startup_stm32f103xe.o(.text)
    DMA1_Channel5_IRQHandler                 0x0800029b   Thumb Code     0  startup_stm32f103xe.o(.text)
    DMA1_Channel6_IRQHandler                 0x0800029b   Thumb Code     0  startup_stm32f103xe.o(.text)
    DMA1_Channel7_IRQHandler                 0x0800029b   Thumb Code     0  startup_stm32f103xe.o(.text)
    DMA2_Channel1_IRQHandler                 0x0800029b   Thumb Code     0  startup_stm32f103xe.o(.text)
    DMA2_Channel2_IRQHandler                 0x0800029b   Thumb Code     0  startup_stm32f103xe.o(.text)
    DMA2_Channel3_IRQHandler                 0x0800029b   Thumb Code     0  startup_stm32f103xe.o(.text)
    DMA2_Channel4_5_IRQHandler               0x0800029b   Thumb Code     0  startup_stm32f103xe.o(.text)
    EXTI0_IRQHandler                         0x0800029b   Thumb Code     0  startup_stm32f103xe.o(.text)
    EXTI15_10_IRQHandler                     0x0800029b   Thumb Code     0  startup_stm32f103xe.o(.text)
    EXTI1_IRQHandler                         0x0800029b   Thumb Code     0  startup_stm32f103xe.o(.text)
    EXTI2_IRQHandler                         0x0800029b   Thumb Code     0  startup_stm32f103xe.o(.text)
    EXTI3_IRQHandler                         0x0800029b   Thumb Code     0  startup_stm32f103xe.o(.text)
    EXTI4_IRQHandler                         0x0800029b   Thumb Code     0  startup_stm32f103xe.o(.text)
    EXTI9_5_IRQHandler                       0x0800029b   Thumb Code     0  startup_stm32f103xe.o(.text)
    FLASH_IRQHandler                         0x0800029b   Thumb Code     0  startup_stm32f103xe.o(.text)
    FSMC_IRQHandler                          0x0800029b   Thumb Code     0  startup_stm32f103xe.o(.text)
    I2C1_ER_IRQHandler                       0x0800029b   Thumb Code     0  startup_stm32f103xe.o(.text)
    I2C1_EV_IRQHandler                       0x0800029b   Thumb Code     0  startup_stm32f103xe.o(.text)
    I2C2_ER_IRQHandler                       0x0800029b   Thumb Code     0  startup_stm32f103xe.o(.text)
    I2C2_EV_IRQHandler                       0x0800029b   Thumb Code     0  startup_stm32f103xe.o(.text)
    PVD_IRQHandler                           0x0800029b   Thumb Code     0  startup_stm32f103xe.o(.text)
    RCC_IRQHandler                           0x0800029b   Thumb Code     0  startup_stm32f103xe.o(.text)
    RTC_Alarm_IRQHandler                     0x0800029b   Thumb Code     0  startup_stm32f103xe.o(.text)
    RTC_IRQHandler                           0x0800029b   Thumb Code     0  startup_stm32f103xe.o(.text)
    SDIO_IRQHandler                          0x0800029b   Thumb Code     0  startup_stm32f103xe.o(.text)
    SPI1_IRQHandler                          0x0800029b   Thumb Code     0  startup_stm32f103xe.o(.text)
    SPI2_IRQHandler                          0x0800029b   Thumb Code     0  startup_stm32f103xe.o(.text)
    SPI3_IRQHandler                          0x0800029b   Thumb Code     0  startup_stm32f103xe.o(.text)
    TAMPER_IRQHandler                        0x0800029b   Thumb Code     0  startup_stm32f103xe.o(.text)
    TIM1_BRK_IRQHandler                      0x0800029b   Thumb Code     0  startup_stm32f103xe.o(.text)
    TIM1_CC_IRQHandler                       0x0800029b   Thumb Code     0  startup_stm32f103xe.o(.text)
    TIM1_TRG_COM_IRQHandler                  0x0800029b   Thumb Code     0  startup_stm32f103xe.o(.text)
    TIM1_UP_IRQHandler                       0x0800029b   Thumb Code     0  startup_stm32f103xe.o(.text)
    TIM2_IRQHandler                          0x0800029b   Thumb Code     0  startup_stm32f103xe.o(.text)
    TIM3_IRQHandler                          0x0800029b   Thumb Code     0  startup_stm32f103xe.o(.text)
    TIM5_IRQHandler                          0x0800029b   Thumb Code     0  startup_stm32f103xe.o(.text)
    TIM6_IRQHandler                          0x0800029b   Thumb Code     0  startup_stm32f103xe.o(.text)
    TIM7_IRQHandler                          0x0800029b   Thumb Code     0  startup_stm32f103xe.o(.text)
    TIM8_BRK_IRQHandler                      0x0800029b   Thumb Code     0  startup_stm32f103xe.o(.text)
    TIM8_CC_IRQHandler                       0x0800029b   Thumb Code     0  startup_stm32f103xe.o(.text)
    TIM8_TRG_COM_IRQHandler                  0x0800029b   Thumb Code     0  startup_stm32f103xe.o(.text)
    TIM8_UP_IRQHandler                       0x0800029b   Thumb Code     0  startup_stm32f103xe.o(.text)
    UART4_IRQHandler                         0x0800029b   Thumb Code     0  startup_stm32f103xe.o(.text)
    UART5_IRQHandler                         0x0800029b   Thumb Code     0  startup_stm32f103xe.o(.text)
    USART1_IRQHandler                        0x0800029b   Thumb Code     0  startup_stm32f103xe.o(.text)
    USART2_IRQHandler                        0x0800029b   Thumb Code     0  startup_stm32f103xe.o(.text)
    USART3_IRQHandler                        0x0800029b   Thumb Code     0  startup_stm32f103xe.o(.text)
    USBWakeUp_IRQHandler                     0x0800029b   Thumb Code     0  startup_stm32f103xe.o(.text)
    USB_HP_CAN1_TX_IRQHandler                0x0800029b   Thumb Code     0  startup_stm32f103xe.o(.text)
    USB_LP_CAN1_RX0_IRQHandler               0x0800029b   Thumb Code     0  startup_stm32f103xe.o(.text)
    WWDG_IRQHandler                          0x0800029b   Thumb Code     0  startup_stm32f103xe.o(.text)
    __user_initial_stackheap                 0x0800029d   Thumb Code     0  startup_stm32f103xe.o(.text)
    __use_no_semihosting                     0x080002c1   Thumb Code     2  use_no_semi_2.o(.text)
    __2printf                                0x080002c5   Thumb Code    20  noretval__2printf.o(.text)
    __2sprintf                               0x080002dd   Thumb Code    34  noretval__2sprintf.o(.text)
    _printf_str                              0x08000305   Thumb Code    82  _printf_str.o(.text)
    _printf_int_dec                          0x08000359   Thumb Code   104  _printf_dec.o(.text)
    __printf                                 0x080003d1   Thumb Code   184  __printf_ss.o(.text)
    strcpy                                   0x08000489   Thumb Code    72  strcpy.o(.text)
    strlen                                   0x080004d1   Thumb Code    62  strlen.o(.text)
    __aeabi_memcpy                           0x0800050f   Thumb Code     0  rt_memcpy_v6.o(.text)
    __rt_memcpy                              0x0800050f   Thumb Code   138  rt_memcpy_v6.o(.text)
    _memcpy_lastbytes                        0x08000575   Thumb Code     0  rt_memcpy_v6.o(.text)
    __aeabi_memset                           0x08000599   Thumb Code    16  aeabi_memset.o(.text)
    __aeabi_memclr4                          0x080005a9   Thumb Code     0  rt_memclr_w.o(.text)
    __aeabi_memclr8                          0x080005a9   Thumb Code     0  rt_memclr_w.o(.text)
    __rt_memclr_w                            0x080005a9   Thumb Code    78  rt_memclr_w.o(.text)
    _memset_w                                0x080005ad   Thumb Code     0  rt_memclr_w.o(.text)
    __use_two_region_memory                  0x080005f7   Thumb Code     2  heapauxi.o(.text)
    __rt_heap_escrow$2region                 0x080005f9   Thumb Code     2  heapauxi.o(.text)
    __rt_heap_expand$2region                 0x080005fb   Thumb Code     2  heapauxi.o(.text)
    __I$use$semihosting                      0x080005fd   Thumb Code     0  use_no_semi.o(.text)
    __use_no_semihosting_swi                 0x080005fd   Thumb Code     2  use_no_semi.o(.text)
    __read_errno                             0x080005ff   Thumb Code    10  _rserrno.o(.text)
    __set_errno                              0x08000609   Thumb Code    12  _rserrno.o(.text)
    _printf_int_common                       0x08000615   Thumb Code   178  _printf_intcommon.o(.text)
    _printf_char_common                      0x080006d3   Thumb Code    32  _printf_char_common.o(.text)
    _sputc                                   0x080006f9   Thumb Code    10  _sputc.o(.text)
    _printf_cs_common                        0x08000703   Thumb Code    20  _printf_char.o(.text)
    _printf_char                             0x08000717   Thumb Code    16  _printf_char.o(.text)
    _printf_string                           0x08000727   Thumb Code     8  _printf_char.o(.text)
    _printf_char_file                        0x08000731   Thumb Code    32  _printf_char_file.o(.text)
    __aeabi_memcpy4                          0x08000755   Thumb Code     0  rt_memcpy_w.o(.text)
    __aeabi_memcpy8                          0x08000755   Thumb Code     0  rt_memcpy_w.o(.text)
    __rt_memcpy_w                            0x08000755   Thumb Code   100  rt_memcpy_w.o(.text)
    _memcpy_lastbytes_aligned                0x0800079d   Thumb Code     0  rt_memcpy_w.o(.text)
    __aeabi_memclr                           0x080007b9   Thumb Code     0  rt_memclr.o(.text)
    __rt_memclr                              0x080007b9   Thumb Code    68  rt_memclr.o(.text)
    _memset                                  0x080007bd   Thumb Code     0  rt_memclr.o(.text)
    __aeabi_errno_addr                       0x080007fd   Thumb Code     8  rt_errno_addr_intlibspace.o(.text)
    __errno$intlibspace                      0x080007fd   Thumb Code     0  rt_errno_addr_intlibspace.o(.text)
    __rt_errno_addr$intlibspace              0x080007fd   Thumb Code     0  rt_errno_addr_intlibspace.o(.text)
    ferror                                   0x08000805   Thumb Code     8  ferror.o(.text)
    __user_libspace                          0x0800080d   Thumb Code     8  libspace.o(.text)
    __user_perproc_libspace                  0x0800080d   Thumb Code     0  libspace.o(.text)
    __user_perthread_libspace                0x0800080d   Thumb Code     0  libspace.o(.text)
    __user_setup_stackheap                   0x08000815   Thumb Code    74  sys_stackheap_outer.o(.text)
    exit                                     0x0800085f   Thumb Code    18  exit.o(.text)
    ADC_ConversionStop_Disable               0x08000871   Thumb Code    86  stm32f1xx_hal_adc.o(i.ADC_ConversionStop_Disable)
    ADC_Enable                               0x080008c9   Thumb Code   114  stm32f1xx_hal_adc.o(i.ADC_Enable)
    BusFault_Handler                         0x08000945   Thumb Code     2  stm32f1xx_it.o(i.BusFault_Handler)
    DebugMon_Handler                         0x08000947   Thumb Code     2  stm32f1xx_it.o(i.DebugMon_Handler)
    Error_Handler                            0x08000949   Thumb Code     4  main.o(i.Error_Handler)
    HAL_ADCEx_Calibration_Start              0x0800094d   Thumb Code   210  stm32f1xx_hal_adc_ex.o(i.HAL_ADCEx_Calibration_Start)
    HAL_ADC_ConfigChannel                    0x08000a25   Thumb Code   240  stm32f1xx_hal_adc.o(i.HAL_ADC_ConfigChannel)
    HAL_ADC_GetValue                         0x08000b21   Thumb Code     6  stm32f1xx_hal_adc.o(i.HAL_ADC_GetValue)
    HAL_ADC_Init                             0x08000b29   Thumb Code   272  stm32f1xx_hal_adc.o(i.HAL_ADC_Init)
    HAL_ADC_MspInit                          0x08000c49   Thumb Code   106  adc.o(i.HAL_ADC_MspInit)
    HAL_ADC_PollForConversion                0x08000cc5   Thumb Code   304  stm32f1xx_hal_adc.o(i.HAL_ADC_PollForConversion)
    HAL_ADC_Start                            0x08000e01   Thumb Code   184  stm32f1xx_hal_adc.o(i.HAL_ADC_Start)
    HAL_ADC_Stop                             0x08000ec1   Thumb Code    52  stm32f1xx_hal_adc.o(i.HAL_ADC_Stop)
    HAL_GPIO_Init                            0x08000ef5   Thumb Code   462  stm32f1xx_hal_gpio.o(i.HAL_GPIO_Init)
    HAL_GPIO_TogglePin                       0x080010ed   Thumb Code    16  stm32f1xx_hal_gpio.o(i.HAL_GPIO_TogglePin)
    HAL_GPIO_WritePin                        0x080010fd   Thumb Code    10  stm32f1xx_hal_gpio.o(i.HAL_GPIO_WritePin)
    HAL_GetTick                              0x08001109   Thumb Code     6  stm32f1xx_hal.o(i.HAL_GetTick)
    HAL_IncTick                              0x08001115   Thumb Code    12  stm32f1xx_hal.o(i.HAL_IncTick)
    HAL_Init                                 0x08001125   Thumb Code    32  stm32f1xx_hal.o(i.HAL_Init)
    HAL_InitTick                             0x08001149   Thumb Code   132  stm32f1xx_hal_timebase_tim.o(i.HAL_InitTick)
    HAL_MspInit                              0x080011e1   Thumb Code    62  stm32f1xx_hal_msp.o(i.HAL_MspInit)
    HAL_NVIC_EnableIRQ                       0x08001229   Thumb Code    26  stm32f1xx_hal_cortex.o(i.HAL_NVIC_EnableIRQ)
    HAL_NVIC_SetPriority                     0x08001245   Thumb Code    60  stm32f1xx_hal_cortex.o(i.HAL_NVIC_SetPriority)
    HAL_NVIC_SetPriorityGrouping             0x08001285   Thumb Code    26  stm32f1xx_hal_cortex.o(i.HAL_NVIC_SetPriorityGrouping)
    HAL_RCCEx_GetPeriphCLKFreq               0x080012a9   Thumb Code   166  stm32f1xx_hal_rcc_ex.o(i.HAL_RCCEx_GetPeriphCLKFreq)
    HAL_RCCEx_PeriphCLKConfig                0x08001361   Thumb Code   224  stm32f1xx_hal_rcc_ex.o(i.HAL_RCCEx_PeriphCLKConfig)
    HAL_RCC_ClockConfig                      0x0800144d   Thumb Code   280  stm32f1xx_hal_rcc.o(i.HAL_RCC_ClockConfig)
    HAL_RCC_GetClockConfig                   0x08001579   Thumb Code    54  stm32f1xx_hal_rcc.o(i.HAL_RCC_GetClockConfig)
    HAL_RCC_GetHCLKFreq                      0x080015b9   Thumb Code     6  stm32f1xx_hal_rcc.o(i.HAL_RCC_GetHCLKFreq)
    HAL_RCC_GetPCLK1Freq                     0x080015c5   Thumb Code    20  stm32f1xx_hal_rcc.o(i.HAL_RCC_GetPCLK1Freq)
    HAL_RCC_GetPCLK2Freq                     0x080015e5   Thumb Code    20  stm32f1xx_hal_rcc.o(i.HAL_RCC_GetPCLK2Freq)
    HAL_RCC_GetSysClockFreq                  0x08001605   Thumb Code    58  stm32f1xx_hal_rcc.o(i.HAL_RCC_GetSysClockFreq)
    HAL_RCC_OscConfig                        0x08001651   Thumb Code   778  stm32f1xx_hal_rcc.o(i.HAL_RCC_OscConfig)
    HAL_TIMEx_BreakCallback                  0x08001971   Thumb Code     2  stm32f1xx_hal_tim_ex.o(i.HAL_TIMEx_BreakCallback)
    HAL_TIMEx_CommutCallback                 0x08001973   Thumb Code     2  stm32f1xx_hal_tim_ex.o(i.HAL_TIMEx_CommutCallback)
    HAL_TIM_Base_Init                        0x08001975   Thumb Code    90  stm32f1xx_hal_tim.o(i.HAL_TIM_Base_Init)
    HAL_TIM_Base_MspInit                     0x080019cf   Thumb Code     2  stm32f1xx_hal_tim.o(i.HAL_TIM_Base_MspInit)
    HAL_TIM_Base_Start_IT                    0x080019d1   Thumb Code    88  stm32f1xx_hal_tim.o(i.HAL_TIM_Base_Start_IT)
    HAL_TIM_IC_CaptureCallback               0x08001a3d   Thumb Code     2  stm32f1xx_hal_tim.o(i.HAL_TIM_IC_CaptureCallback)
    HAL_TIM_IRQHandler                       0x08001a3f   Thumb Code   304  stm32f1xx_hal_tim.o(i.HAL_TIM_IRQHandler)
    HAL_TIM_OC_DelayElapsedCallback          0x08001b6f   Thumb Code     2  stm32f1xx_hal_tim.o(i.HAL_TIM_OC_DelayElapsedCallback)
    HAL_TIM_PWM_PulseFinishedCallback        0x08001b71   Thumb Code     2  stm32f1xx_hal_tim.o(i.HAL_TIM_PWM_PulseFinishedCallback)
    HAL_TIM_PeriodElapsedCallback            0x08001b75   Thumb Code    14  main.o(i.HAL_TIM_PeriodElapsedCallback)
    HAL_TIM_TriggerCallback                  0x08001b89   Thumb Code     2  stm32f1xx_hal_tim.o(i.HAL_TIM_TriggerCallback)
    HAL_UART_Init                            0x08001b8b   Thumb Code   100  stm32f1xx_hal_uart.o(i.HAL_UART_Init)
    HAL_UART_MspInit                         0x08001bf1   Thumb Code   220  usart.o(i.HAL_UART_MspInit)
    HardFault_Handler                        0x08001ce5   Thumb Code     2  stm32f1xx_it.o(i.HardFault_Handler)
    MX_ADC1_Init                             0x08001ce9   Thumb Code    48  adc.o(i.MX_ADC1_Init)
    MX_FREERTOS_Init                         0x08001d21   Thumb Code    54  freertos.o(i.MX_FREERTOS_Init)
    MX_GPIO_Init                             0x08001d81   Thumb Code   320  gpio.o(i.MX_GPIO_Init)
    MX_USART1_UART_Init                      0x08001edd   Thumb Code    48  usart.o(i.MX_USART1_UART_Init)
    MX_USART2_UART_Init                      0x08001f15   Thumb Code    48  usart.o(i.MX_USART2_UART_Init)
    MX_USART3_UART_Init                      0x08001f4d   Thumb Code    48  usart.o(i.MX_USART3_UART_Init)
    MemManage_Handler                        0x08001f85   Thumb Code     2  stm32f1xx_it.o(i.MemManage_Handler)
    NMI_Handler                              0x08001f87   Thumb Code     2  stm32f1xx_it.o(i.NMI_Handler)
    StartDefaultTask                         0x08001f89   Thumb Code     8  freertos.o(i.StartDefaultTask)
    SysTick_Handler                          0x08001f91   Thumb Code    26  cmsis_os2.o(i.SysTick_Handler)
    SystemClock_Config                       0x08001fab   Thumb Code   122  main.o(i.SystemClock_Config)
    SystemInit                               0x08002025   Thumb Code     2  system_stm32f1xx.o(i.SystemInit)
    TIM4_IRQHandler                          0x08002029   Thumb Code     6  stm32f1xx_it.o(i.TIM4_IRQHandler)
    TIM_Base_SetConfig                       0x08002035   Thumb Code   134  stm32f1xx_hal_tim.o(i.TIM_Base_SetConfig)
    TaskHeartbeat                            0x080020d1   Thumb Code   140  task_heartbeat.o(i.TaskHeartbeat)
    TaskMonitor                              0x080022ad   Thumb Code   140  task_monitor.o(i.TaskMonitor)
    UsageFault_Handler                       0x080023f9   Thumb Code     2  stm32f1xx_it.o(i.UsageFault_Handler)
    __mathlib_flt_divzero                    0x0800241b   Thumb Code    10  funder.o(i.__mathlib_flt_divzero)
    __mathlib_flt_infnan                     0x08002425   Thumb Code     6  funder.o(i.__mathlib_flt_infnan)
    __mathlib_flt_invalid                    0x0800242b   Thumb Code     8  funder.o(i.__mathlib_flt_invalid)
    _sys_exit                                0x08002433   Thumb Code     2  usart.o(i._sys_exit)
    eTaskGetState                            0x08002435   Thumb Code   106  tasks.o(i.eTaskGetState)
    fputc                                    0x080024a9   Thumb Code    18  usart.o(i.fputc)
    __mathlib_logf                           0x080024c1   Thumb Code     0  logf.o(i.logf)
    logf                                     0x080024c1   Thumb Code   362  logf.o(i.logf)
    main                                     0x08002651   Thumb Code    42  main.o(i.main)
    osDelay                                  0x0800267b   Thumb Code    26  cmsis_os2.o(i.osDelay)
    osKernelInitialize                       0x08002695   Thumb Code    32  cmsis_os2.o(i.osKernelInitialize)
    osKernelStart                            0x080026b9   Thumb Code    48  cmsis_os2.o(i.osKernelStart)
    osThreadNew                              0x080026f1   Thumb Code   138  cmsis_os2.o(i.osThreadNew)
    pvPortMalloc                             0x08002f7d   Thumb Code   226  heap_4.o(i.pvPortMalloc)
    pxPortInitialiseStack                    0x08003065   Thumb Code    32  port.o(i.pxPortInitialiseStack)
    sense_read_all                           0x0800310d   Thumb Code    74  sense.o(i.sense_read_all)
    uxListRemove                             0x080031b1   Thumb Code    38  list.o(i.uxListRemove)
    uxTaskGetSystemState                     0x080031d9   Thumb Code   158  tasks.o(i.uxTaskGetSystemState)
    vApplicationGetIdleTaskMemory            0x08003285   Thumb Code    16  cmsis_os2.o(i.vApplicationGetIdleTaskMemory)
    vApplicationGetTimerTaskMemory           0x08003299   Thumb Code    18  cmsis_os2.o(i.vApplicationGetTimerTaskMemory)
    vApplicationMallocFailedHook             0x080032b1   Thumb Code     2  cmsis_os2.o(i.vApplicationMallocFailedHook)
    vApplicationStackOverflowHook            0x080032b3   Thumb Code    16  cmsis_os2.o(i.vApplicationStackOverflowHook)
    vListInitialise                          0x080032c3   Thumb Code    22  list.o(i.vListInitialise)
    vListInitialiseItem                      0x080032d9   Thumb Code     6  list.o(i.vListInitialiseItem)
    vListInsert                              0x080032df   Thumb Code    48  list.o(i.vListInsert)
    vListInsertEnd                           0x0800330f   Thumb Code    24  list.o(i.vListInsertEnd)
    vPortEnterCritical                       0x08003329   Thumb Code    54  port.o(i.vPortEnterCritical)
    vPortExitCritical                        0x08003369   Thumb Code    34  port.o(i.vPortExitCritical)
    vPortFree                                0x08003391   Thumb Code    94  heap_4.o(i.vPortFree)
    vPortSetupTimerInterrupt                 0x080033f5   Thumb Code    32  port.o(i.vPortSetupTimerInterrupt)
    vPortValidateInterruptPriority           0x08003419   Thumb Code    74  port.o(i.vPortValidateInterruptPriority)
    vQueueAddToRegistry                      0x0800346d   Thumb Code    34  queue.o(i.vQueueAddToRegistry)
    vQueueWaitForMessageRestricted           0x08003495   Thumb Code    68  queue.o(i.vQueueWaitForMessageRestricted)
    vTaskDelay                               0x080034d9   Thumb Code    66  tasks.o(i.vTaskDelay)
    vTaskGetInfo                             0x08003525   Thumb Code   112  tasks.o(i.vTaskGetInfo)
    vTaskInternalSetTimeOutState             0x08003599   Thumb Code    12  tasks.o(i.vTaskInternalSetTimeOutState)
    vTaskList                                0x080035a9   Thumb Code   176  tasks.o(i.vTaskList)
    vTaskMissedYield                         0x0800366d   Thumb Code     8  tasks.o(i.vTaskMissedYield)
    vTaskPlaceOnEventList                    0x08003679   Thumb Code    44  tasks.o(i.vTaskPlaceOnEventList)
    vTaskPlaceOnEventListRestricted          0x080036a9   Thumb Code    52  tasks.o(i.vTaskPlaceOnEventListRestricted)
    vTaskStartScheduler                      0x080036e1   Thumb Code   118  tasks.o(i.vTaskStartScheduler)
    vTaskSuspendAll                          0x08003769   Thumb Code    10  tasks.o(i.vTaskSuspendAll)
    vTaskSwitchContext                       0x08003779   Thumb Code   132  tasks.o(i.vTaskSwitchContext)
    xPortGetFreeHeapSize                     0x08003805   Thumb Code     6  heap_4.o(i.xPortGetFreeHeapSize)
    xPortStartScheduler                      0x08003811   Thumb Code   154  port.o(i.xPortStartScheduler)
    xPortSysTickHandler                      0x080038b9   Thumb Code    38  port.o(i.xPortSysTickHandler)
    xQueueGenericCreateStatic                0x080038e5   Thumb Code   102  queue.o(i.xQueueGenericCreateStatic)
    xQueueGenericReset                       0x0800394d   Thumb Code   132  queue.o(i.xQueueGenericReset)
    xQueueGenericSend                        0x080039d5   Thumb Code   346  queue.o(i.xQueueGenericSend)
    xQueueGenericSendFromISR                 0x08003b35   Thumb Code   190  queue.o(i.xQueueGenericSendFromISR)
    xQueueReceive                            0x08003bf5   Thumb Code   308  queue.o(i.xQueueReceive)
    xTaskCheckForTimeOut                     0x08003d2d   Thumb Code   112  tasks.o(i.xTaskCheckForTimeOut)
    xTaskCreate                              0x08003da1   Thumb Code    90  tasks.o(i.xTaskCreate)
    xTaskCreateStatic                        0x08003dfb   Thumb Code    86  tasks.o(i.xTaskCreateStatic)
    xTaskGetSchedulerState                   0x08003e51   Thumb Code    22  tasks.o(i.xTaskGetSchedulerState)
    xTaskGetTickCount                        0x08003e6d   Thumb Code     6  tasks.o(i.xTaskGetTickCount)
    xTaskIncrementTick                       0x08003e79   Thumb Code   192  tasks.o(i.xTaskIncrementTick)
    xTaskPriorityDisinherit                  0x08003f41   Thumb Code   118  tasks.o(i.xTaskPriorityDisinherit)
    xTaskRemoveFromEventList                 0x08003fc1   Thumb Code    98  tasks.o(i.xTaskRemoveFromEventList)
    xTaskResumeAll                           0x08004031   Thumb Code   182  tasks.o(i.xTaskResumeAll)
    xTimerCreateTimerTask                    0x080040f5   Thumb Code    78  timers.o(i.xTimerCreateTimerTask)
    xTimerGenericCommand                     0x08004155   Thumb Code    98  timers.o(i.xTimerGenericCommand)
    __aeabi_fadd                             0x080041bd   Thumb Code     0  faddsub_clz.o(x$fpl$fadd)
    _fadd                                    0x080041bd   Thumb Code   196  faddsub_clz.o(x$fpl$fadd)
    __fpl_fcheck_NaN1                        0x08004281   Thumb Code     6  fcheck1.o(x$fpl$fcheck1)
    __aeabi_fdiv                             0x0800428d   Thumb Code     0  fdiv.o(x$fpl$fdiv)
    _fdiv                                    0x0800428d   Thumb Code   384  fdiv.o(x$fpl$fdiv)
    __aeabi_f2iz                             0x08004411   Thumb Code     0  ffix.o(x$fpl$ffix)
    _ffix                                    0x08004411   Thumb Code    54  ffix.o(x$fpl$ffix)
    __aeabi_f2uiz                            0x08004449   Thumb Code     0  ffixu.o(x$fpl$ffixu)
    _ffixu                                   0x08004449   Thumb Code    62  ffixu.o(x$fpl$ffixu)
    __aeabi_i2f                              0x08004489   Thumb Code     0  fflt_clz.o(x$fpl$fflt)
    _fflt                                    0x08004489   Thumb Code    48  fflt_clz.o(x$fpl$fflt)
    __aeabi_ui2f                             0x080044b9   Thumb Code     0  fflt_clz.o(x$fpl$ffltu)
    _ffltu                                   0x080044b9   Thumb Code    38  fflt_clz.o(x$fpl$ffltu)
    __aeabi_fmul                             0x080044e1   Thumb Code     0  fmul.o(x$fpl$fmul)
    _fmul                                    0x080044e1   Thumb Code   258  fmul.o(x$fpl$fmul)
    __fpl_fnaninf                            0x080045e3   Thumb Code   140  fnaninf.o(x$fpl$fnaninf)
    __fpl_fretinf                            0x0800466f   Thumb Code    10  fretinf.o(x$fpl$fretinf)
    __aeabi_fsub                             0x08004679   Thumb Code     0  faddsub_clz.o(x$fpl$fsub)
    _fsub                                    0x08004679   Thumb Code   234  faddsub_clz.o(x$fpl$fsub)
    __fpl_return_NaN                         0x08004763   Thumb Code   100  retnan.o(x$fpl$retnan)
    __ARM_scalbnf                            0x080047c7   Thumb Code    76  scalbnf.o(x$fpl$scalbnf)
    __fpl_cmpreturn                          0x08004813   Thumb Code    48  trapv.o(x$fpl$trapveneer)
    __I$use$fp                               0x08004842   Number         0  usenofp.o(x$fpl$usenofp)
    defaultTask_attributes                   0x08004844   Data          36  freertos.o(.constdata)
    AHBPrescTable                            0x0800488c   Data          16  system_stm32f1xx.o(.constdata)
    APBPrescTable                            0x0800489c   Data           8  system_stm32f1xx.o(.constdata)
    Region$$Table$$Base                      0x08004934   Number         0  anon$$obj.o(Region$$Table)
    Region$$Table$$Limit                     0x08004954   Number         0  anon$$obj.o(Region$$Table)
    defaultTaskHandle                        0x20000000   Data           4  freertos.o(.data)
    __stdout                                 0x20000004   Data           4  usart.o(.data)
    uwTickFreq                               0x20000008   Data           1  stm32f1xx_hal.o(.data)
    uwTickPrio                               0x2000000c   Data           4  stm32f1xx_hal.o(.data)
    uwTick                                   0x20000010   Data           4  stm32f1xx_hal.o(.data)
    SystemCoreClock                          0x20000014   Data           4  system_stm32f1xx.o(.data)
    pxCurrentTCB                             0x20000018   Data           4  tasks.o(.data)
    hadc1                                    0x20000098   Data          48  adc.o(.bss)
    huart1                                   0x200000c8   Data          72  usart.o(.bss)
    huart2                                   0x20000110   Data          72  usart.o(.bss)
    huart3                                   0x20000158   Data          72  usart.o(.bss)
    htim4                                    0x200001a0   Data          72  stm32f1xx_hal_timebase_tim.o(.bss)
    xQueueRegistry                           0x200001e8   Data          64  queue.o(.bss)
    __libspace_start                         0x200038bc   Data          96  libspace.o(.bss)
    __temporary_stack_top$libspace           0x2000391c   Data           0  libspace.o(.bss)



==============================================================================

Memory Map of the image

  Image Entry point : 0x08000131

  Load Region LR_IROM1 (Base: 0x08000000, Size: 0x000049ec, Max: 0x00040000, ABSOLUTE)

    Execution Region ER_IROM1 (Exec base: 0x08000000, Load base: 0x08000000, Size: 0x00004954, Max: 0x00040000, ABSOLUTE)

    Exec Addr    Load Addr    Size         Type   Attr      Idx    E Section Name        Object

    0x08000000   0x08000000   0x00000130   Data   RO            3    RESET               startup_stm32f103xe.o
    0x08000130   0x08000130   0x00000008   Code   RO         5141  * !!!main             c_w.l(__main.o)
    0x08000138   0x08000138   0x00000034   Code   RO         5389    !!!scatter          c_w.l(__scatter.o)
    0x0800016c   0x0800016c   0x0000001a   Code   RO         5391    !!handler_copy      c_w.l(__scatter_copy.o)
    0x08000186   0x08000186   0x00000002   PAD
    0x08000188   0x08000188   0x0000001c   Code   RO         5393    !!handler_zi        c_w.l(__scatter_zi.o)
    0x080001a4   0x080001a4   0x00000000   Code   RO         5126    .ARM.Collect$$_printf_percent$$00000000  c_w.l(_printf_percent.o)
    0x080001a4   0x080001a4   0x00000006   Code   RO         5124    .ARM.Collect$$_printf_percent$$00000009  c_w.l(_printf_d.o)
    0x080001aa   0x080001aa   0x00000006   Code   RO         5125    .ARM.Collect$$_printf_percent$$0000000A  c_w.l(_printf_u.o)
    0x080001b0   0x080001b0   0x00000006   Code   RO         5122    .ARM.Collect$$_printf_percent$$00000013  c_w.l(_printf_c.o)
    0x080001b6   0x080001b6   0x00000006   Code   RO         5123    .ARM.Collect$$_printf_percent$$00000014  c_w.l(_printf_s.o)
    0x080001bc   0x080001bc   0x00000004   Code   RO         5194    .ARM.Collect$$_printf_percent$$00000017  c_w.l(_printf_percent_end.o)
    0x080001c0   0x080001c0   0x00000002   Code   RO         5260    .ARM.Collect$$libinit$$00000000  c_w.l(libinit.o)
    0x080001c2   0x080001c2   0x00000000   Code   RO         5266    .ARM.Collect$$libinit$$00000002  c_w.l(libinit2.o)
    0x080001c2   0x080001c2   0x00000000   Code   RO         5268    .ARM.Collect$$libinit$$00000004  c_w.l(libinit2.o)
    0x080001c2   0x080001c2   0x00000000   Code   RO         5271    .ARM.Collect$$libinit$$0000000A  c_w.l(libinit2.o)
    0x080001c2   0x080001c2   0x00000000   Code   RO         5273    .ARM.Collect$$libinit$$0000000C  c_w.l(libinit2.o)
    0x080001c2   0x080001c2   0x00000000   Code   RO         5275    .ARM.Collect$$libinit$$0000000E  c_w.l(libinit2.o)
    0x080001c2   0x080001c2   0x00000000   Code   RO         5278    .ARM.Collect$$libinit$$00000011  c_w.l(libinit2.o)
    0x080001c2   0x080001c2   0x00000000   Code   RO         5280    .ARM.Collect$$libinit$$00000013  c_w.l(libinit2.o)
    0x080001c2   0x080001c2   0x00000000   Code   RO         5282    .ARM.Collect$$libinit$$00000015  c_w.l(libinit2.o)
    0x080001c2   0x080001c2   0x00000000   Code   RO         5284    .ARM.Collect$$libinit$$00000017  c_w.l(libinit2.o)
    0x080001c2   0x080001c2   0x00000000   Code   RO         5286    .ARM.Collect$$libinit$$00000019  c_w.l(libinit2.o)
    0x080001c2   0x080001c2   0x00000000   Code   RO         5288    .ARM.Collect$$libinit$$0000001B  c_w.l(libinit2.o)
    0x080001c2   0x080001c2   0x00000000   Code   RO         5290    .ARM.Collect$$libinit$$0000001D  c_w.l(libinit2.o)
    0x080001c2   0x080001c2   0x00000000   Code   RO         5292    .ARM.Collect$$libinit$$0000001F  c_w.l(libinit2.o)
    0x080001c2   0x080001c2   0x00000000   Code   RO         5294    .ARM.Collect$$libinit$$00000021  c_w.l(libinit2.o)
    0x080001c2   0x080001c2   0x00000000   Code   RO         5296    .ARM.Collect$$libinit$$00000023  c_w.l(libinit2.o)
    0x080001c2   0x080001c2   0x00000000   Code   RO         5298    .ARM.Collect$$libinit$$00000025  c_w.l(libinit2.o)
    0x080001c2   0x080001c2   0x00000000   Code   RO         5302    .ARM.Collect$$libinit$$0000002C  c_w.l(libinit2.o)
    0x080001c2   0x080001c2   0x00000000   Code   RO         5304    .ARM.Collect$$libinit$$0000002E  c_w.l(libinit2.o)
    0x080001c2   0x080001c2   0x00000000   Code   RO         5306    .ARM.Collect$$libinit$$00000030  c_w.l(libinit2.o)
    0x080001c2   0x080001c2   0x00000000   Code   RO         5308    .ARM.Collect$$libinit$$00000032  c_w.l(libinit2.o)
    0x080001c2   0x080001c2   0x00000002   Code   RO         5309    .ARM.Collect$$libinit$$00000033  c_w.l(libinit2.o)
    0x080001c4   0x080001c4   0x00000002   Code   RO         5329    .ARM.Collect$$libshutdown$$00000000  c_w.l(libshutdown.o)
    0x080001c6   0x080001c6   0x00000000   Code   RO         5339    .ARM.Collect$$libshutdown$$00000002  c_w.l(libshutdown2.o)
    0x080001c6   0x080001c6   0x00000000   Code   RO         5341    .ARM.Collect$$libshutdown$$00000004  c_w.l(libshutdown2.o)
    0x080001c6   0x080001c6   0x00000000   Code   RO         5343    .ARM.Collect$$libshutdown$$00000006  c_w.l(libshutdown2.o)
    0x080001c6   0x080001c6   0x00000000   Code   RO         5346    .ARM.Collect$$libshutdown$$00000009  c_w.l(libshutdown2.o)
    0x080001c6   0x080001c6   0x00000000   Code   RO         5349    .ARM.Collect$$libshutdown$$0000000C  c_w.l(libshutdown2.o)
    0x080001c6   0x080001c6   0x00000000   Code   RO         5351    .ARM.Collect$$libshutdown$$0000000E  c_w.l(libshutdown2.o)
    0x080001c6   0x080001c6   0x00000000   Code   RO         5354    .ARM.Collect$$libshutdown$$00000011  c_w.l(libshutdown2.o)
    0x080001c6   0x080001c6   0x00000002   Code   RO         5355    .ARM.Collect$$libshutdown$$00000012  c_w.l(libshutdown2.o)
    0x080001c8   0x080001c8   0x00000000   Code   RO         5181    .ARM.Collect$$rtentry$$00000000  c_w.l(__rtentry.o)
    0x080001c8   0x080001c8   0x00000000   Code   RO         5221    .ARM.Collect$$rtentry$$00000002  c_w.l(__rtentry2.o)
    0x080001c8   0x080001c8   0x00000006   Code   RO         5233    .ARM.Collect$$rtentry$$00000004  c_w.l(__rtentry4.o)
    0x080001ce   0x080001ce   0x00000000   Code   RO         5223    .ARM.Collect$$rtentry$$00000009  c_w.l(__rtentry2.o)
    0x080001ce   0x080001ce   0x00000004   Code   RO         5224    .ARM.Collect$$rtentry$$0000000A  c_w.l(__rtentry2.o)
    0x080001d2   0x080001d2   0x00000000   Code   RO         5226    .ARM.Collect$$rtentry$$0000000C  c_w.l(__rtentry2.o)
    0x080001d2   0x080001d2   0x00000008   Code   RO         5227    .ARM.Collect$$rtentry$$0000000D  c_w.l(__rtentry2.o)
    0x080001da   0x080001da   0x00000002   Code   RO         5263    .ARM.Collect$$rtexit$$00000000  c_w.l(rtexit.o)
    0x080001dc   0x080001dc   0x00000000   Code   RO         5313    .ARM.Collect$$rtexit$$00000002  c_w.l(rtexit2.o)
    0x080001dc   0x080001dc   0x00000004   Code   RO         5314    .ARM.Collect$$rtexit$$00000003  c_w.l(rtexit2.o)
    0x080001e0   0x080001e0   0x00000006   Code   RO         5315    .ARM.Collect$$rtexit$$00000004  c_w.l(rtexit2.o)
    0x080001e6   0x080001e6   0x00000002   PAD
    0x080001e8   0x080001e8   0x00000096   Code   RO         4864    .emb_text           port.o
    0x0800027e   0x0800027e   0x00000002   PAD
    0x08000280   0x08000280   0x00000040   Code   RO            4    .text               startup_stm32f103xe.o
    0x080002c0   0x080002c0   0x00000002   Code   RO         5084    .text               c_w.l(use_no_semi_2.o)
    0x080002c2   0x080002c2   0x00000002   PAD
    0x080002c4   0x080002c4   0x00000018   Code   RO         5092    .text               c_w.l(noretval__2printf.o)
    0x080002dc   0x080002dc   0x00000028   Code   RO         5094    .text               c_w.l(noretval__2sprintf.o)
    0x08000304   0x08000304   0x00000052   Code   RO         5098    .text               c_w.l(_printf_str.o)
    0x08000356   0x08000356   0x00000002   PAD
    0x08000358   0x08000358   0x00000078   Code   RO         5100    .text               c_w.l(_printf_dec.o)
    0x080003d0   0x080003d0   0x000000b8   Code   RO         5105    .text               c_w.l(__printf_ss.o)
    0x08000488   0x08000488   0x00000048   Code   RO         5127    .text               c_w.l(strcpy.o)
    0x080004d0   0x080004d0   0x0000003e   Code   RO         5129    .text               c_w.l(strlen.o)
    0x0800050e   0x0800050e   0x0000008a   Code   RO         5131    .text               c_w.l(rt_memcpy_v6.o)
    0x08000598   0x08000598   0x00000010   Code   RO         5135    .text               c_w.l(aeabi_memset.o)
    0x080005a8   0x080005a8   0x0000004e   Code   RO         5137    .text               c_w.l(rt_memclr_w.o)
    0x080005f6   0x080005f6   0x00000006   Code   RO         5139    .text               c_w.l(heapauxi.o)
    0x080005fc   0x080005fc   0x00000002   Code   RO         5179    .text               c_w.l(use_no_semi.o)
    0x080005fe   0x080005fe   0x00000016   Code   RO         5182    .text               c_w.l(_rserrno.o)
    0x08000614   0x08000614   0x000000b2   Code   RO         5184    .text               c_w.l(_printf_intcommon.o)
    0x080006c6   0x080006c6   0x00000002   PAD
    0x080006c8   0x080006c8   0x00000030   Code   RO         5186    .text               c_w.l(_printf_char_common.o)
    0x080006f8   0x080006f8   0x0000000a   Code   RO         5188    .text               c_w.l(_sputc.o)
    0x08000702   0x08000702   0x0000002c   Code   RO         5190    .text               c_w.l(_printf_char.o)
    0x0800072e   0x0800072e   0x00000002   PAD
    0x08000730   0x08000730   0x00000024   Code   RO         5192    .text               c_w.l(_printf_char_file.o)
    0x08000754   0x08000754   0x00000064   Code   RO         5195    .text               c_w.l(rt_memcpy_w.o)
    0x080007b8   0x080007b8   0x00000044   Code   RO         5197    .text               c_w.l(rt_memclr.o)
    0x080007fc   0x080007fc   0x00000008   Code   RO         5238    .text               c_w.l(rt_errno_addr_intlibspace.o)
    0x08000804   0x08000804   0x00000008   Code   RO         5242    .text               c_w.l(ferror.o)
    0x0800080c   0x0800080c   0x00000008   Code   RO         5248    .text               c_w.l(libspace.o)
    0x08000814   0x08000814   0x0000004a   Code   RO         5251    .text               c_w.l(sys_stackheap_outer.o)
    0x0800085e   0x0800085e   0x00000012   Code   RO         5253    .text               c_w.l(exit.o)
    0x08000870   0x08000870   0x00000056   Code   RO         1522    i.ADC_ConversionStop_Disable  stm32f1xx_hal_adc.o
    0x080008c6   0x080008c6   0x00000002   PAD
    0x080008c8   0x080008c8   0x0000007c   Code   RO         1526    i.ADC_Enable        stm32f1xx_hal_adc.o
    0x08000944   0x08000944   0x00000002   Code   RO          386    i.BusFault_Handler  stm32f1xx_it.o
    0x08000946   0x08000946   0x00000002   Code   RO          387    i.DebugMon_Handler  stm32f1xx_it.o
    0x08000948   0x08000948   0x00000004   Code   RO           13    i.Error_Handler     main.o
    0x0800094c   0x0800094c   0x000000d8   Code   RO         1702    i.HAL_ADCEx_Calibration_Start  stm32f1xx_hal_adc_ex.o
    0x08000a24   0x08000a24   0x000000fc   Code   RO         1528    i.HAL_ADC_ConfigChannel  stm32f1xx_hal_adc.o
    0x08000b20   0x08000b20   0x00000006   Code   RO         1535    i.HAL_ADC_GetValue  stm32f1xx_hal_adc.o
    0x08000b26   0x08000b26   0x00000002   PAD
    0x08000b28   0x08000b28   0x00000120   Code   RO         1537    i.HAL_ADC_Init      stm32f1xx_hal_adc.o
    0x08000c48   0x08000c48   0x0000007c   Code   RO          274    i.HAL_ADC_MspInit   adc.o
    0x08000cc4   0x08000cc4   0x0000013c   Code   RO         1541    i.HAL_ADC_PollForConversion  stm32f1xx_hal_adc.o
    0x08000e00   0x08000e00   0x000000c0   Code   RO         1543    i.HAL_ADC_Start     stm32f1xx_hal_adc.o
    0x08000ec0   0x08000ec0   0x00000034   Code   RO         1546    i.HAL_ADC_Stop      stm32f1xx_hal_adc.o
    0x08000ef4   0x08000ef4   0x000001f8   Code   RO         2115    i.HAL_GPIO_Init     stm32f1xx_hal_gpio.o
    0x080010ec   0x080010ec   0x00000010   Code   RO         2118    i.HAL_GPIO_TogglePin  stm32f1xx_hal_gpio.o
    0x080010fc   0x080010fc   0x0000000a   Code   RO         2119    i.HAL_GPIO_WritePin  stm32f1xx_hal_gpio.o
    0x08001106   0x08001106   0x00000002   PAD
    0x08001108   0x08001108   0x0000000c   Code   RO         1809    i.HAL_GetTick       stm32f1xx_hal.o
    0x08001114   0x08001114   0x00000010   Code   RO         1815    i.HAL_IncTick       stm32f1xx_hal.o
    0x08001124   0x08001124   0x00000024   Code   RO         1816    i.HAL_Init          stm32f1xx_hal.o
    0x08001148   0x08001148   0x00000098   Code   RO          474    i.HAL_InitTick      stm32f1xx_hal_timebase_tim.o
    0x080011e0   0x080011e0   0x00000048   Code   RO          450    i.HAL_MspInit       stm32f1xx_hal_msp.o
    0x08001228   0x08001228   0x0000001a   Code   RO         2275    i.HAL_NVIC_EnableIRQ  stm32f1xx_hal_cortex.o
    0x08001242   0x08001242   0x00000002   PAD
    0x08001244   0x08001244   0x00000040   Code   RO         2281    i.HAL_NVIC_SetPriority  stm32f1xx_hal_cortex.o
    0x08001284   0x08001284   0x00000024   Code   RO         2282    i.HAL_NVIC_SetPriorityGrouping  stm32f1xx_hal_cortex.o
    0x080012a8   0x080012a8   0x000000b8   Code   RO         2076    i.HAL_RCCEx_GetPeriphCLKFreq  stm32f1xx_hal_rcc_ex.o
    0x08001360   0x08001360   0x000000ec   Code   RO         2077    i.HAL_RCCEx_PeriphCLKConfig  stm32f1xx_hal_rcc_ex.o
    0x0800144c   0x0800144c   0x0000012c   Code   RO         1973    i.HAL_RCC_ClockConfig  stm32f1xx_hal_rcc.o
    0x08001578   0x08001578   0x00000040   Code   RO         1977    i.HAL_RCC_GetClockConfig  stm32f1xx_hal_rcc.o
    0x080015b8   0x080015b8   0x0000000c   Code   RO         1978    i.HAL_RCC_GetHCLKFreq  stm32f1xx_hal_rcc.o
    0x080015c4   0x080015c4   0x00000020   Code   RO         1980    i.HAL_RCC_GetPCLK1Freq  stm32f1xx_hal_rcc.o
    0x080015e4   0x080015e4   0x00000020   Code   RO         1981    i.HAL_RCC_GetPCLK2Freq  stm32f1xx_hal_rcc.o
    0x08001604   0x08001604   0x0000004c   Code   RO         1982    i.HAL_RCC_GetSysClockFreq  stm32f1xx_hal_rcc.o
    0x08001650   0x08001650   0x00000320   Code   RO         1985    i.HAL_RCC_OscConfig  stm32f1xx_hal_rcc.o
    0x08001970   0x08001970   0x00000002   Code   RO         1255    i.HAL_TIMEx_BreakCallback  stm32f1xx_hal_tim_ex.o
    0x08001972   0x08001972   0x00000002   Code   RO         1256    i.HAL_TIMEx_CommutCallback  stm32f1xx_hal_tim_ex.o
    0x08001974   0x08001974   0x0000005a   Code   RO          551    i.HAL_TIM_Base_Init  stm32f1xx_hal_tim.o
    0x080019ce   0x080019ce   0x00000002   Code   RO          553    i.HAL_TIM_Base_MspInit  stm32f1xx_hal_tim.o
    0x080019d0   0x080019d0   0x0000006c   Code   RO          556    i.HAL_TIM_Base_Start_IT  stm32f1xx_hal_tim.o
    0x08001a3c   0x08001a3c   0x00000002   Code   RO          585    i.HAL_TIM_IC_CaptureCallback  stm32f1xx_hal_tim.o
    0x08001a3e   0x08001a3e   0x00000130   Code   RO          599    i.HAL_TIM_IRQHandler  stm32f1xx_hal_tim.o
    0x08001b6e   0x08001b6e   0x00000002   Code   RO          602    i.HAL_TIM_OC_DelayElapsedCallback  stm32f1xx_hal_tim.o
    0x08001b70   0x08001b70   0x00000002   Code   RO          629    i.HAL_TIM_PWM_PulseFinishedCallback  stm32f1xx_hal_tim.o
    0x08001b72   0x08001b72   0x00000002   PAD
    0x08001b74   0x08001b74   0x00000014   Code   RO           14    i.HAL_TIM_PeriodElapsedCallback  main.o
    0x08001b88   0x08001b88   0x00000002   Code   RO          642    i.HAL_TIM_TriggerCallback  stm32f1xx_hal_tim.o
    0x08001b8a   0x08001b8a   0x00000064   Code   RO         2805    i.HAL_UART_Init     stm32f1xx_hal_uart.o
    0x08001bee   0x08001bee   0x00000002   PAD
    0x08001bf0   0x08001bf0   0x000000f4   Code   RO          316    i.HAL_UART_MspInit  usart.o
    0x08001ce4   0x08001ce4   0x00000002   Code   RO          388    i.HardFault_Handler  stm32f1xx_it.o
    0x08001ce6   0x08001ce6   0x00000002   PAD
    0x08001ce8   0x08001ce8   0x00000038   Code   RO          275    i.MX_ADC1_Init      adc.o
    0x08001d20   0x08001d20   0x00000060   Code   RO          221    i.MX_FREERTOS_Init  freertos.o
    0x08001d80   0x08001d80   0x0000015c   Code   RO          197    i.MX_GPIO_Init      gpio.o
    0x08001edc   0x08001edc   0x00000038   Code   RO          317    i.MX_USART1_UART_Init  usart.o
    0x08001f14   0x08001f14   0x00000038   Code   RO          318    i.MX_USART2_UART_Init  usart.o
    0x08001f4c   0x08001f4c   0x00000038   Code   RO          319    i.MX_USART3_UART_Init  usart.o
    0x08001f84   0x08001f84   0x00000002   Code   RO          389    i.MemManage_Handler  stm32f1xx_it.o
    0x08001f86   0x08001f86   0x00000002   Code   RO          390    i.NMI_Handler       stm32f1xx_it.o
    0x08001f88   0x08001f88   0x00000008   Code   RO          222    i.StartDefaultTask  freertos.o
    0x08001f90   0x08001f90   0x0000001a   Code   RO         4296    i.SysTick_Handler   cmsis_os2.o
    0x08001faa   0x08001faa   0x0000007a   Code   RO           15    i.SystemClock_Config  main.o
    0x08002024   0x08002024   0x00000002   Code   RO         3139    i.SystemInit        system_stm32f1xx.o
    0x08002026   0x08002026   0x00000002   PAD
    0x08002028   0x08002028   0x0000000c   Code   RO          391    i.TIM4_IRQHandler   stm32f1xx_it.o
    0x08002034   0x08002034   0x0000009c   Code   RO          644    i.TIM_Base_SetConfig  stm32f1xx_hal_tim.o
    0x080020d0   0x080020d0   0x000001dc   Code   RO         4947    i.TaskHeartbeat     task_heartbeat.o
    0x080022ac   0x080022ac   0x00000094   Code   RO         4972    i.TaskMonitor       task_monitor.o
    0x08002340   0x08002340   0x000000b8   Code   RO         2831    i.UART_SetConfig    stm32f1xx_hal_uart.o
    0x080023f8   0x080023f8   0x00000002   Code   RO          392    i.UsageFault_Handler  stm32f1xx_it.o
    0x080023fa   0x080023fa   0x00000020   Code   RO         2288    i.__NVIC_SetPriority  stm32f1xx_hal_cortex.o
    0x0800241a   0x0800241a   0x0000000a   Code   RO         5206    i.__mathlib_flt_divzero  m_ws.l(funder.o)
    0x08002424   0x08002424   0x00000006   Code   RO         5207    i.__mathlib_flt_infnan  m_ws.l(funder.o)
    0x0800242a   0x0800242a   0x00000008   Code   RO         5209    i.__mathlib_flt_invalid  m_ws.l(funder.o)
    0x08002432   0x08002432   0x00000002   Code   RO          320    i._sys_exit         usart.o
    0x08002434   0x08002434   0x00000074   Code   RO         3745    i.eTaskGetState     tasks.o
    0x080024a8   0x080024a8   0x00000018   Code   RO          321    i.fputc             usart.o
    0x080024c0   0x080024c0   0x00000190   Code   RO         5170    i.logf              m_ws.l(logf.o)
    0x08002650   0x08002650   0x0000002a   Code   RO           16    i.main              main.o
    0x0800267a   0x0800267a   0x0000001a   Code   RO         4298    i.osDelay           cmsis_os2.o
    0x08002694   0x08002694   0x00000024   Code   RO         4312    i.osKernelInitialize  cmsis_os2.o
    0x080026b8   0x080026b8   0x00000038   Code   RO         4315    i.osKernelStart     cmsis_os2.o
    0x080026f0   0x080026f0   0x0000008a   Code   RO         4357    i.osThreadNew       cmsis_os2.o
    0x0800277a   0x0800277a   0x00000002   PAD
    0x0800277c   0x0800277c   0x0000005c   Code   RO         3747    i.prvAddCurrentTaskToDelayedList  tasks.o
    0x080027d8   0x080027d8   0x000000d0   Code   RO         3748    i.prvAddNewTaskToReadyList  tasks.o
    0x080028a8   0x080028a8   0x00000058   Code   RO         4122    i.prvCheckForValidListAndQueue  timers.o
    0x08002900   0x08002900   0x00000026   Code   RO         3344    i.prvCopyDataFromQueue  queue.o
    0x08002926   0x08002926   0x0000006c   Code   RO         3345    i.prvCopyDataToQueue  queue.o
    0x08002992   0x08002992   0x00000034   Code   RO         3749    i.prvDeleteTCB      tasks.o
    0x080029c6   0x080029c6   0x00000002   PAD
    0x080029c8   0x080029c8   0x0000004c   Code   RO         4809    i.prvHeapInit       heap_4.o
    0x08002a14   0x08002a14   0x00000060   Code   RO         3750    i.prvIdleTask       tasks.o
    0x08002a74   0x08002a74   0x00000022   Code   RO         3347    i.prvInitialiseNewQueue  queue.o
    0x08002a96   0x08002a96   0x00000002   PAD
    0x08002a98   0x08002a98   0x000000b0   Code   RO         3751    i.prvInitialiseNewTask  tasks.o
    0x08002b48   0x08002b48   0x0000004c   Code   RO         4810    i.prvInsertBlockIntoFreeList  heap_4.o
    0x08002b94   0x08002b94   0x00000038   Code   RO         4124    i.prvInsertTimerInActiveList  timers.o
    0x08002bcc   0x08002bcc   0x0000001c   Code   RO         3348    i.prvIsQueueEmpty   queue.o
    0x08002be8   0x08002be8   0x00000058   Code   RO         3752    i.prvListTasksWithinSingleList  tasks.o
    0x08002c40   0x08002c40   0x000000fc   Code   RO         4125    i.prvProcessReceivedCommands  timers.o
    0x08002d3c   0x08002d3c   0x000000c0   Code   RO         4126    i.prvProcessTimerOrBlockTask  timers.o
    0x08002dfc   0x08002dfc   0x00000020   Code   RO         3753    i.prvResetNextTaskUnblockTime  tasks.o
    0x08002e1c   0x08002e1c   0x00000028   Code   RO         4127    i.prvSampleTimeNow  timers.o
    0x08002e44   0x08002e44   0x0000006c   Code   RO         4128    i.prvSwitchTimerLists  timers.o
    0x08002eb0   0x08002eb0   0x00000014   Code   RO         3754    i.prvTaskCheckFreeStackSpace  tasks.o
    0x08002ec4   0x08002ec4   0x00000028   Code   RO         4865    i.prvTaskExitError  port.o
    0x08002eec   0x08002eec   0x00000024   Code   RO         4129    i.prvTimerTask      timers.o
    0x08002f10   0x08002f10   0x0000006a   Code   RO         3349    i.prvUnlockQueue    queue.o
    0x08002f7a   0x08002f7a   0x00000002   PAD
    0x08002f7c   0x08002f7c   0x000000e8   Code   RO         4811    i.pvPortMalloc      heap_4.o
    0x08003064   0x08003064   0x00000024   Code   RO         4866    i.pxPortInitialiseStack  port.o
    0x08003088   0x08003088   0x00000084   Code   RO         5044    i.sense_adc_to_temp  sense.o
    0x0800310c   0x0800310c   0x00000058   Code   RO         5045    i.sense_read_all    sense.o
    0x08003164   0x08003164   0x0000004c   Code   RO         5046    i.sense_read_channel  sense.o
    0x080031b0   0x080031b0   0x00000026   Code   RO         3304    i.uxListRemove      list.o
    0x080031d6   0x080031d6   0x00000002   PAD
    0x080031d8   0x080031d8   0x000000ac   Code   RO         3761    i.uxTaskGetSystemState  tasks.o
    0x08003284   0x08003284   0x00000014   Code   RO         4369    i.vApplicationGetIdleTaskMemory  cmsis_os2.o
    0x08003298   0x08003298   0x00000018   Code   RO         4370    i.vApplicationGetTimerTaskMemory  cmsis_os2.o
    0x080032b0   0x080032b0   0x00000002   Code   RO         4371    i.vApplicationMallocFailedHook  cmsis_os2.o
    0x080032b2   0x080032b2   0x00000010   Code   RO         4372    i.vApplicationStackOverflowHook  cmsis_os2.o
    0x080032c2   0x080032c2   0x00000016   Code   RO         3305    i.vListInitialise   list.o
    0x080032d8   0x080032d8   0x00000006   Code   RO         3306    i.vListInitialiseItem  list.o
    0x080032de   0x080032de   0x00000030   Code   RO         3307    i.vListInsert       list.o
    0x0800330e   0x0800330e   0x00000018   Code   RO         3308    i.vListInsertEnd    list.o
    0x08003326   0x08003326   0x00000002   PAD
    0x08003328   0x08003328   0x00000040   Code   RO         4868    i.vPortEnterCritical  port.o
    0x08003368   0x08003368   0x00000028   Code   RO         4869    i.vPortExitCritical  port.o
    0x08003390   0x08003390   0x00000064   Code   RO         4812    i.vPortFree         heap_4.o
    0x080033f4   0x080033f4   0x00000024   Code   RO         4870    i.vPortSetupTimerInterrupt  port.o
    0x08003418   0x08003418   0x00000054   Code   RO         4871    i.vPortValidateInterruptPriority  port.o
    0x0800346c   0x0800346c   0x00000028   Code   RO         3355    i.vQueueAddToRegistry  queue.o
    0x08003494   0x08003494   0x00000044   Code   RO         3359    i.vQueueWaitForMessageRestricted  queue.o
    0x080034d8   0x080034d8   0x0000004c   Code   RO         3766    i.vTaskDelay        tasks.o
    0x08003524   0x08003524   0x00000074   Code   RO         3770    i.vTaskGetInfo      tasks.o
    0x08003598   0x08003598   0x00000010   Code   RO         3771    i.vTaskInternalSetTimeOutState  tasks.o
    0x080035a8   0x080035a8   0x000000c4   Code   RO         3772    i.vTaskList         tasks.o
    0x0800366c   0x0800366c   0x0000000c   Code   RO         3773    i.vTaskMissedYield  tasks.o
    0x08003678   0x08003678   0x00000030   Code   RO         3775    i.vTaskPlaceOnEventList  tasks.o
    0x080036a8   0x080036a8   0x00000038   Code   RO         3776    i.vTaskPlaceOnEventListRestricted  tasks.o
    0x080036e0   0x080036e0   0x00000088   Code   RO         3784    i.vTaskStartScheduler  tasks.o
    0x08003768   0x08003768   0x00000010   Code   RO         3786    i.vTaskSuspendAll   tasks.o
    0x08003778   0x08003778   0x0000008c   Code   RO         3787    i.vTaskSwitchContext  tasks.o
    0x08003804   0x08003804   0x0000000c   Code   RO         4815    i.xPortGetFreeHeapSize  heap_4.o
    0x08003810   0x08003810   0x000000a8   Code   RO         4872    i.xPortStartScheduler  port.o
    0x080038b8   0x080038b8   0x0000002c   Code   RO         4873    i.xPortSysTickHandler  port.o
    0x080038e4   0x080038e4   0x00000066   Code   RO         3365    i.xQueueGenericCreateStatic  queue.o
    0x0800394a   0x0800394a   0x00000002   PAD
    0x0800394c   0x0800394c   0x00000088   Code   RO         3366    i.xQueueGenericReset  queue.o
    0x080039d4   0x080039d4   0x00000160   Code   RO         3367    i.xQueueGenericSend  queue.o
    0x08003b34   0x08003b34   0x000000be   Code   RO         3368    i.xQueueGenericSendFromISR  queue.o
    0x08003bf2   0x08003bf2   0x00000002   PAD
    0x08003bf4   0x08003bf4   0x00000138   Code   RO         3377    i.xQueueReceive     queue.o
    0x08003d2c   0x08003d2c   0x00000074   Code   RO         3789    i.xTaskCheckForTimeOut  tasks.o
    0x08003da0   0x08003da0   0x0000005a   Code   RO         3790    i.xTaskCreate       tasks.o
    0x08003dfa   0x08003dfa   0x00000056   Code   RO         3791    i.xTaskCreateStatic  tasks.o
    0x08003e50   0x08003e50   0x0000001c   Code   RO         3795    i.xTaskGetSchedulerState  tasks.o
    0x08003e6c   0x08003e6c   0x0000000c   Code   RO         3796    i.xTaskGetTickCount  tasks.o
    0x08003e78   0x08003e78   0x000000c8   Code   RO         3798    i.xTaskIncrementTick  tasks.o
    0x08003f40   0x08003f40   0x00000080   Code   RO         3801    i.xTaskPriorityDisinherit  tasks.o
    0x08003fc0   0x08003fc0   0x00000070   Code   RO         3803    i.xTaskRemoveFromEventList  tasks.o
    0x08004030   0x08004030   0x000000c4   Code   RO         3804    i.xTaskResumeAll    tasks.o
    0x080040f4   0x080040f4   0x00000060   Code   RO         4138    i.xTimerCreateTimerTask  timers.o
    0x08004154   0x08004154   0x00000068   Code   RO         4139    i.xTimerGenericCommand  timers.o
    0x080041bc   0x080041bc   0x000000c4   Code   RO         5143    x$fpl$fadd          fz_ws.l(faddsub_clz.o)
    0x08004280   0x08004280   0x0000000c   Code   RO         5246    x$fpl$fcheck1       fz_ws.l(fcheck1.o)
    0x0800428c   0x0800428c   0x00000184   Code   RO         5150    x$fpl$fdiv          fz_ws.l(fdiv.o)
    0x08004410   0x08004410   0x00000036   Code   RO         5153    x$fpl$ffix          fz_ws.l(ffix.o)
    0x08004446   0x08004446   0x00000002   PAD
    0x08004448   0x08004448   0x0000003e   Code   RO         5157    x$fpl$ffixu         fz_ws.l(ffixu.o)
    0x08004486   0x08004486   0x00000002   PAD
    0x08004488   0x08004488   0x00000030   Code   RO         5162    x$fpl$fflt          fz_ws.l(fflt_clz.o)
    0x080044b8   0x080044b8   0x00000026   Code   RO         5161    x$fpl$ffltu         fz_ws.l(fflt_clz.o)
    0x080044de   0x080044de   0x00000002   PAD
    0x080044e0   0x080044e0   0x00000102   Code   RO         5167    x$fpl$fmul          fz_ws.l(fmul.o)
    0x080045e2   0x080045e2   0x0000008c   Code   RO         5199    x$fpl$fnaninf       fz_ws.l(fnaninf.o)
    0x0800466e   0x0800466e   0x0000000a   Code   RO         5201    x$fpl$fretinf       fz_ws.l(fretinf.o)
    0x08004678   0x08004678   0x000000ea   Code   RO         5145    x$fpl$fsub          fz_ws.l(faddsub_clz.o)
    0x08004762   0x08004762   0x00000064   Code   RO         5261    x$fpl$retnan        fz_ws.l(retnan.o)
    0x080047c6   0x080047c6   0x0000004c   Code   RO         5203    x$fpl$scalbnf       fz_ws.l(scalbnf.o)
    0x08004812   0x08004812   0x00000030   Code   RO         5310    x$fpl$trapveneer    fz_ws.l(trapv.o)
    0x08004842   0x08004842   0x00000000   Code   RO         5205    x$fpl$usenofp       fz_ws.l(usenofp.o)
    0x08004842   0x08004842   0x00000002   PAD
    0x08004844   0x08004844   0x00000024   Data   RO          223    .constdata          freertos.o
    0x08004868   0x08004868   0x00000012   Data   RO         1986    .constdata          stm32f1xx_hal_rcc.o
    0x0800487a   0x0800487a   0x00000012   Data   RO         2078    .constdata          stm32f1xx_hal_rcc_ex.o
    0x0800488c   0x0800488c   0x00000010   Data   RO         3140    .constdata          system_stm32f1xx.o
    0x0800489c   0x0800489c   0x00000008   Data   RO         3141    .constdata          system_stm32f1xx.o
    0x080048a4   0x080048a4   0x00000040   Data   RO         5171    .constdata          m_ws.l(logf.o)
    0x080048e4   0x080048e4   0x0000000c   Data   RO          224    .conststring        freertos.o
    0x080048f0   0x080048f0   0x00000044   Data   RO         4973    .conststring        task_monitor.o
    0x08004934   0x08004934   0x00000020   Data   RO         5387    Region$$Table       anon$$obj.o


    Execution Region RW_IRAM1 (Exec base: 0x20000000, Load base: 0x08004954, Size: 0x00003f20, Max: 0x0000c000, ABSOLUTE)

    Exec Addr    Load Addr    Size         Type   Attr      Idx    E Section Name        Object

    0x20000000   0x08004954   0x00000004   Data   RW          225    .data               freertos.o
    0x20000004   0x08004958   0x00000004   Data   RW          323    .data               usart.o
    0x20000008   0x0800495c   0x0000000c   Data   RW         1823    .data               stm32f1xx_hal.o
    0x20000014   0x08004968   0x00000004   Data   RW         3142    .data               system_stm32f1xx.o
    0x20000018   0x0800496c   0x0000003c   Data   RW         3807    .data               tasks.o
    0x20000054   0x080049a8   0x00000014   Data   RW         4147    .data               timers.o
    0x20000068   0x080049bc   0x00000004   Data   RW         4374    .data               cmsis_os2.o
    0x2000006c   0x080049c0   0x00000020   Data   RW         4818    .data               heap_4.o
    0x2000008c   0x080049e0   0x0000000c   Data   RW         4874    .data               port.o
    0x20000098        -       0x00000030   Zero   RW          276    .bss                adc.o
    0x200000c8        -       0x000000d8   Zero   RW          322    .bss                usart.o
    0x200001a0        -       0x00000048   Zero   RW          477    .bss                stm32f1xx_hal_timebase_tim.o
    0x200001e8        -       0x00000040   Zero   RW         3381    .bss                queue.o
    0x20000228        -       0x000004c4   Zero   RW         3806    .bss                tasks.o
    0x200006ec        -       0x00000118   Zero   RW         4146    .bss                timers.o
    0x20000804        -       0x000006b8   Zero   RW         4373    .bss                cmsis_os2.o
    0x20000ebc        -       0x00002800   Zero   RW         4817    .bss                heap_4.o
    0x200036bc        -       0x00000200   Zero   RW         4948    .bss                task_heartbeat.o
    0x200038bc        -       0x00000060   Zero   RW         5249    .bss                c_w.l(libspace.o)
    0x2000391c   0x080049ec   0x00000004   PAD
    0x20003920        -       0x00000200   Zero   RW            2    HEAP                startup_stm32f103xe.o
    0x20003b20        -       0x00000400   Zero   RW            1    STACK               startup_stm32f103xe.o


==============================================================================

Image component sizes


      Code (inc. data)   RO Data    RW Data    ZI Data      Debug   Object Name

       180         26          0          0         48       1681   adc.o
       344         22          0          4       1720      45562   cmsis_os2.o
         0          0          0          0          0      19544   event_groups.o
       104         42         48          4          0       1825   freertos.o
       348         28          0          0          0       1107   gpio.o
       496         32          0         32      10240       5386   heap_4.o
       138          0          0          0          0       3434   list.o
       188          6          0          0          0     522924   main.o
       662         70          0         12          0      10781   port.o
      1514         20          0          0         64      17124   queue.o
       296         52          0          0          0       2733   sense.o
        64         26        304          0       1536        808   startup_stm32f103xe.o
        64         14          0         12          0       5278   stm32f1xx_hal.o
      1316         58          0          0          0       7327   stm32f1xx_hal_adc.o
       216          6          0          0          0       1446   stm32f1xx_hal_adc_ex.o
       158         14          0          0          0      28218   stm32f1xx_hal_cortex.o
       530         42          0          0          0       3537   stm32f1xx_hal_gpio.o
        72         10          0          0          0        882   stm32f1xx_hal_msp.o
      1316        100         18          0          0       6221   stm32f1xx_hal_rcc.o
       420         30         18          0          0       2533   stm32f1xx_hal_rcc_ex.o
       668         42          0          0          0       7248   stm32f1xx_hal_tim.o
         4          0          0          0          0       1593   stm32f1xx_hal_tim_ex.o
       152         20          0          0         72       1491   stm32f1xx_hal_timebase_tim.o
       284          6          0          0          0       1948   stm32f1xx_hal_uart.o
        24          6          0          0          0       3055   stm32f1xx_it.o
         0          0          0          0          0       9480   stream_buffer.o
         2          0         24          4          0       1131   system_stm32f1xx.o
       476        336          0          0        512        632   task_heartbeat.o
       148          8         68          0          0        934   task_monitor.o
      2832        220          0         60       1220      31914   tasks.o
       972         80          0         20        280      32011   timers.o
       438         54          0          4        216       5292   usart.o

    ----------------------------------------------------------------------
     14460       1370        512        152      15908     785080   Object Totals
         0          0         32          0          0          0   (incl. Generated)
        34          0          0          0          0          0   (incl. Padding)

    ----------------------------------------------------------------------

      Code (inc. data)   RO Data    RW Data    ZI Data      Debug   Library Member Name

         8          0          0          0          0         68   __main.o
       184          0          0          0          0         84   __printf_ss.o
         0          0          0          0          0          0   __rtentry.o
        12          0          0          0          0          0   __rtentry2.o
         6          0          0          0          0          0   __rtentry4.o
        52          8          0          0          0          0   __scatter.o
        26          0          0          0          0          0   __scatter_copy.o
        28          0          0          0          0          0   __scatter_zi.o
         6          0          0          0          0          0   _printf_c.o
        44          0          0          0          0        108   _printf_char.o
        48          6          0          0          0         96   _printf_char_common.o
        36          4          0          0          0         80   _printf_char_file.o
         6          0          0          0          0          0   _printf_d.o
       120         16          0          0          0         92   _printf_dec.o
       178          0          0          0          0         88   _printf_intcommon.o
         0          0          0          0          0          0   _printf_percent.o
         4          0          0          0          0          0   _printf_percent_end.o
         6          0          0          0          0          0   _printf_s.o
        82          0          0          0          0         80   _printf_str.o
         6          0          0          0          0          0   _printf_u.o
        22          0          0          0          0        100   _rserrno.o
        10          0          0          0          0         68   _sputc.o
        16          0          0          0          0         68   aeabi_memset.o
        18          0          0          0          0         80   exit.o
         8          0          0          0          0         68   ferror.o
         6          0          0          0          0        152   heapauxi.o
         2          0          0          0          0          0   libinit.o
         2          0          0          0          0          0   libinit2.o
         2          0          0          0          0          0   libshutdown.o
         2          0          0          0          0          0   libshutdown2.o
         8          4          0          0         96         68   libspace.o
        24          4          0          0          0         84   noretval__2printf.o
        40          6          0          0          0         84   noretval__2sprintf.o
         8          4          0          0          0         68   rt_errno_addr_intlibspace.o
        68          0          0          0          0         68   rt_memclr.o
        78          0          0          0          0         80   rt_memclr_w.o
       138          0          0          0          0         68   rt_memcpy_v6.o
       100          0          0          0          0         80   rt_memcpy_w.o
         2          0          0          0          0          0   rtexit.o
        10          0          0          0          0          0   rtexit2.o
        72          0          0          0          0         80   strcpy.o
        62          0          0          0          0         76   strlen.o
        74          0          0          0          0         80   sys_stackheap_outer.o
         2          0          0          0          0         68   use_no_semi.o
         2          0          0          0          0         68   use_no_semi_2.o
       430          8          0          0          0        168   faddsub_clz.o
        12          4          0          0          0         68   fcheck1.o
       388         76          0          0          0         96   fdiv.o
        54          4          0          0          0         84   ffix.o
        62          4          0          0          0         84   ffixu.o
        86          0          0          0          0        136   fflt_clz.o
       258          4          0          0          0         84   fmul.o
       140          4          0          0          0         84   fnaninf.o
        10          0          0          0          0         68   fretinf.o
       100          0          0          0          0         68   retnan.o
        76          0          0          0          0         68   scalbnf.o
        48          0          0          0          0         68   trapv.o
         0          0          0          0          0          0   usenofp.o
        24          0          0          0          0        204   funder.o
       400         38         64          0          0        132   logf.o

    ----------------------------------------------------------------------
      3736        194         64          0        100       3616   Library Totals
        20          0          0          0          4          0   (incl. Padding)

    ----------------------------------------------------------------------

      Code (inc. data)   RO Data    RW Data    ZI Data      Debug   Library Name

      1628         52          0          0         96       2204   c_w.l
      1664        104          0          0          0       1076   fz_ws.l
       424         38         64          0          0        336   m_ws.l

    ----------------------------------------------------------------------
      3736        194         64          0        100       3616   Library Totals

    ----------------------------------------------------------------------

==============================================================================


      Code (inc. data)   RO Data    RW Data    ZI Data      Debug   

     18196       1564        576        152      16008     779072   Grand Totals
     18196       1564        576        152      16008     779072   ELF Image Totals
     18196       1564        576        152          0          0   ROM Totals

==============================================================================

    Total RO  Size (Code + RO Data)                18772 (  18.33kB)
    Total RW  Size (RW Data + ZI Data)             16160 (  15.78kB)
    Total ROM Size (Code + RO Data + RW Data)      18924 (  18.48kB)

==============================================================================

