<html>
<body>
<pre>
<h1>礦ision Build Log</h1>
<h2>Tool Versions:</h2>
IDE-Version: μVision V5.36.0.0
Copyright (C) 2021 ARM Ltd and ARM Germany GmbH. All rights reserved.
License Information: x 邹家乐, x, LIC=NQQMA-1VHKM-KP4ZY-IRJ4T-MI3F6-PX5QS
 
Tool Versions:
Toolchain:       MDK-ARM Plus  Version: 5.36.0.0
Toolchain Path:  E:\软件\Keil_v5\ARM\ARMCC\Bin
C Compiler:      Armcc.exe V5.06 update 7 (build 960)
Assembler:       Armasm.exe V5.06 update 7 (build 960)
Linker/Locator:  ArmLink.exe V5.06 update 7 (build 960)
Library Manager: ArmAr.exe V5.06 update 7 (build 960)
Hex Converter:   FromElf.exe V5.06 update 7 (build 960)
CPU DLL:         SARMCM3.DLL V5.36.0.0
Dialog DLL:      DCM.DLL V1.17.3.0
Target DLL:      STLink\ST-LINKIII-KEIL_SWO.dll V3.0.9.0
Dialog DLL:      TCM.DLL V1.53.0.0
 
<h2>Project:</h2>
E:\项目\嵌入式软件\STM32H757XIHxL_Prj\DY_FreeRTOS\MDK-ARM\DY_FreeRTOS.uvprojx
Project File Date:  09/17/2026

<h2>Output:</h2>
*** Using Compiler 'V5.06 update 7 (build 960)', folder: 'E:\软件\Keil_v5\ARM\ARMCC\Bin'
Build target 'DY_FreeRTOS'
compiling task_heartbeat.c...
..\APP\Tasks\task_heartbeat.c(43): warning:  #870-D: invalid multibyte character sequence
          printf("涓婃澶嶄綅锛氳蒋浠跺浣?/閲嶅惎鍛戒护\r\n");
..\APP\Tasks\task_heartbeat.c(51): warning:  #870-D: invalid multibyte character sequence
          printf("涓婃澶嶄綅锛氬叾浠?/鏈煡\r\n");
..\APP\Tasks\task_heartbeat.c(59): warning:  #870-D: invalid multibyte character sequence
      printf("鍓╀綑鍫? = %u 瀛楄妭\r\n", (unsigned) xPortGetFreeHeapSize());
..\APP\Tasks\task_heartbeat.c(85): warning:  #1-D: last line of file ends without a newline
  }
..\APP\Tasks\task_heartbeat.c: 4 warnings, 0 errors
linking...
Program Size: Code=18196 RO-data=576 RW-data=152 ZI-data=16008  
FromELF: creating hex file...
"DY_FreeRTOS\DY_FreeRTOS.axf" - 0 Error(s), 4 Warning(s).

<h2>Software Packages used:</h2>

Package Vendor: ARM
                http://www.keil.com/pack/ARM.CMSIS.5.8.0.pack
                ARM.CMSIS.5.8.0
                CMSIS (Common Microcontroller Software Interface Standard)
   * Component: CORE Version: 5.5.0

Package Vendor: Keil
                https://www.keil.com/pack/Keil.STM32F1xx_DFP.2.4.1.pack
                Keil.STM32F1xx_DFP.2.4.1
                STMicroelectronics STM32F1 Series Device Support, Drivers and Examples

<h2>Collection of Component include folders:</h2>
  .\RTE\_DY_FreeRTOS
  E:\软件\Keil_Pack\ARM\CMSIS\5.8.0\CMSIS\Core\Include
  E:\软件\Keil_Pack\Keil\STM32F1xx_DFP\2.4.1\Device\Include

<h2>Collection of Component Files used:</h2>

   * Component: ARM::CMSIS:CORE:5.5.0
      Include file:  CMSIS\Core\Include\tz_context.h
Build Time Elapsed:  00:00:02
</pre>
</body>
</html>
