Component: ARM Compiler 5.06 update 7 (build 960) Tool: armlink [4d3601]

==============================================================================

Section Cross References

    startup_stm32f103xe.o(STACK) refers (Special) to heapauxi.o(.text) for __use_two_region_memory
    startup_stm32f103xe.o(HEAP) refers (Special) to heapauxi.o(.text) for __use_two_region_memory
    startup_stm32f103xe.o(RESET) refers (Special) to heapauxi.o(.text) for __use_two_region_memory
    startup_stm32f103xe.o(RESET) refers to startup_stm32f103xe.o(STACK) for __initial_sp
    startup_stm32f103xe.o(RESET) refers to startup_stm32f103xe.o(.text) for Reset_Handler
    startup_stm32f103xe.o(RESET) refers to stm32f1xx_it.o(i.NMI_Handler) for NMI_Handler
    startup_stm32f103xe.o(RESET) refers to stm32f1xx_it.o(i.HardFault_Handler) for HardFault_Handler
    startup_stm32f103xe.o(RESET) refers to stm32f1xx_it.o(i.MemManage_Handler) for MemManage_Handler
    startup_stm32f103xe.o(RESET) refers to stm32f1xx_it.o(i.BusFault_Handler) for BusFault_Handler
    startup_stm32f103xe.o(RESET) refers to stm32f1xx_it.o(i.UsageFault_Handler) for UsageFault_Handler
    startup_stm32f103xe.o(RESET) refers to port.o(.emb_text) for SVC_Handler
    startup_stm32f103xe.o(RESET) refers to stm32f1xx_it.o(i.DebugMon_Handler) for DebugMon_Handler
    startup_stm32f103xe.o(RESET) refers to cmsis_os2.o(i.SysTick_Handler) for SysTick_Handler
    startup_stm32f103xe.o(RESET) refers to stm32f1xx_it.o(i.TIM4_IRQHandler) for TIM4_IRQHandler
    startup_stm32f103xe.o(.text) refers (Special) to heapauxi.o(.text) for __use_two_region_memory
    startup_stm32f103xe.o(.text) refers to system_stm32f1xx.o(i.SystemInit) for SystemInit
    startup_stm32f103xe.o(.text) refers to __main.o(!!!main) for __main
    startup_stm32f103xe.o(.text) refers to startup_stm32f103xe.o(HEAP) for Heap_Mem
    startup_stm32f103xe.o(.text) refers to startup_stm32f103xe.o(STACK) for Stack_Mem
    main.o(i.HAL_TIM_PeriodElapsedCallback) refers to stm32f1xx_hal.o(i.HAL_IncTick) for HAL_IncTick
    main.o(i.SystemClock_Config) refers to rt_memclr_w.o(.text) for __aeabi_memclr4
    main.o(i.SystemClock_Config) refers to stm32f1xx_hal_rcc.o(i.HAL_RCC_OscConfig) for HAL_RCC_OscConfig
    main.o(i.SystemClock_Config) refers to stm32f1xx_hal_rcc.o(i.HAL_RCC_ClockConfig) for HAL_RCC_ClockConfig
    main.o(i.SystemClock_Config) refers to stm32f1xx_hal_rcc_ex.o(i.HAL_RCCEx_PeriphCLKConfig) for HAL_RCCEx_PeriphCLKConfig
    main.o(i.main) refers to stm32f1xx_hal.o(i.HAL_Init) for HAL_Init
    main.o(i.main) refers to main.o(i.SystemClock_Config) for SystemClock_Config
    main.o(i.main) refers to gpio.o(i.MX_GPIO_Init) for MX_GPIO_Init
    main.o(i.main) refers to usart.o(i.MX_USART1_UART_Init) for MX_USART1_UART_Init
    main.o(i.main) refers to usart.o(i.MX_USART2_UART_Init) for MX_USART2_UART_Init
    main.o(i.main) refers to usart.o(i.MX_USART3_UART_Init) for MX_USART3_UART_Init
    main.o(i.main) refers to adc.o(i.MX_ADC1_Init) for MX_ADC1_Init
    main.o(i.main) refers to board.o(i.board_init) for board_init
    main.o(i.main) refers to log.o(i.log_init) for log_init
    main.o(i.main) refers to monitor_service.o(i.monitor_service_init) for monitor_service_init
    main.o(i.main) refers to cmsis_os2.o(i.osKernelInitialize) for osKernelInitialize
    main.o(i.main) refers to freertos.o(i.MX_FREERTOS_Init) for MX_FREERTOS_Init
    main.o(i.main) refers to cmsis_os2.o(i.osKernelStart) for osKernelStart
    gpio.o(i.MX_GPIO_Init) refers to stm32f1xx_hal_gpio.o(i.HAL_GPIO_WritePin) for HAL_GPIO_WritePin
    gpio.o(i.MX_GPIO_Init) refers to stm32f1xx_hal_gpio.o(i.HAL_GPIO_Init) for HAL_GPIO_Init
    freertos.o(i.MX_FREERTOS_Init) refers to tasks.o(i.xTaskCreate) for xTaskCreate
    freertos.o(i.MX_FREERTOS_Init) refers to cmsis_os2.o(i.osThreadNew) for osThreadNew
    freertos.o(i.MX_FREERTOS_Init) refers to task_heartbeat.o(i.TaskHeartbeat) for TaskHeartbeat
    freertos.o(i.MX_FREERTOS_Init) refers to task_monitor.o(i.TaskMonitor) for TaskMonitor
    freertos.o(i.MX_FREERTOS_Init) refers to log.o(i.TaskLog) for TaskLog
    freertos.o(i.MX_FREERTOS_Init) refers to freertos.o(.constdata) for .constdata
    freertos.o(i.MX_FREERTOS_Init) refers to freertos.o(i.StartDefaultTask) for StartDefaultTask
    freertos.o(i.MX_FREERTOS_Init) refers to freertos.o(.data) for .data
    freertos.o(i.StartDefaultTask) refers to tasks.o(i.vTaskSuspend) for vTaskSuspend
    freertos.o(i.StartDefaultTask) refers to cmsis_os2.o(i.osDelay) for osDelay
    freertos.o(.constdata) refers to freertos.o(.conststring) for .conststring
    adc.o(i.HAL_ADC_MspDeInit) refers to stm32f1xx_hal_gpio.o(i.HAL_GPIO_DeInit) for HAL_GPIO_DeInit
    adc.o(i.HAL_ADC_MspInit) refers to stm32f1xx_hal_gpio.o(i.HAL_GPIO_Init) for HAL_GPIO_Init
    adc.o(i.MX_ADC1_Init) refers to stm32f1xx_hal_adc.o(i.HAL_ADC_Init) for HAL_ADC_Init
    adc.o(i.MX_ADC1_Init) refers to main.o(i.Error_Handler) for Error_Handler
[...]
    __rt_lib_init_signal_1                   0x08000253   Thumb Code     0  libinit2.o(.ARM.Collect$$libinit$$0000001D)
    __rt_lib_init_stdio_1                    0x08000253   Thumb Code     0  libinit2.o(.ARM.Collect$$libinit$$00000025)
    __rt_lib_shutdown                        0x08000255   Thumb Code     0  libshutdown.o(.ARM.Collect$$libshutdown$$00000000)
    __rt_lib_shutdown_cpp_1                  0x08000257   Thumb Code     0  libshutdown2.o(.ARM.Collect$$libshutdown$$00000004)
    __rt_lib_shutdown_fini_1                 0x08000257   Thumb Code     0  libshutdown2.o(.ARM.Collect$$libshutdown$$00000002)
    __rt_lib_shutdown_fp_trap_1              0x08000257   Thumb Code     0  libshutdown2.o(.ARM.Collect$$libshutdown$$00000009)
    __rt_lib_shutdown_heap_1                 0x08000257   Thumb Code     0  libshutdown2.o(.ARM.Collect$$libshutdown$$00000011)
    __rt_lib_shutdown_return                 0x08000257   Thumb Code     0  libshutdown2.o(.ARM.Collect$$libshutdown$$00000012)
    __rt_lib_shutdown_signal_1               0x08000257   Thumb Code     0  libshutdown2.o(.ARM.Collect$$libshutdown$$0000000C)
    __rt_lib_shutdown_stdio_1                0x08000257   Thumb Code     0  libshutdown2.o(.ARM.Collect$$libshutdown$$00000006)
    __rt_lib_shutdown_user_alloc_1           0x08000257   Thumb Code     0  libshutdown2.o(.ARM.Collect$$libshutdown$$0000000E)
    __rt_entry                               0x08000259   Thumb Code     0  __rtentry.o(.ARM.Collect$$rtentry$$00000000)
    __rt_entry_presh_1                       0x08000259   Thumb Code     0  __rtentry2.o(.ARM.Collect$$rtentry$$00000002)
    __rt_entry_sh                            0x08000259   Thumb Code     0  __rtentry4.o(.ARM.Collect$$rtentry$$00000004)
    __rt_entry_li                            0x0800025f   Thumb Code     0  __rtentry2.o(.ARM.Collect$$rtentry$$0000000A)
    __rt_entry_postsh_1                      0x0800025f   Thumb Code     0  __rtentry2.o(.ARM.Collect$$rtentry$$00000009)
    __rt_entry_main                          0x08000263   Thumb Code     0  __rtentry2.o(.ARM.Collect$$rtentry$$0000000D)
    __rt_entry_postli_1                      0x08000263   Thumb Code     0  __rtentry2.o(.ARM.Collect$$rtentry$$0000000C)
    __rt_exit                                0x0800026b   Thumb Code     0  rtexit.o(.ARM.Collect$$rtexit$$00000000)
    __rt_exit_ls                             0x0800026d   Thumb Code     0  rtexit2.o(.ARM.Collect$$rtexit$$00000003)
    __rt_exit_prels_1                        0x0800026d   Thumb Code     0  rtexit2.o(.ARM.Collect$$rtexit$$00000002)
    __rt_exit_exit                           0x08000271   Thumb Code     0  rtexit2.o(.ARM.Collect$$rtexit$$00000004)
    SVC_Handler                              0x08000279   Thumb Code    32  port.o(.emb_text)
    __asm___6_port_c_39a90d8d__prvStartFirstTask 0x0800029d   Thumb Code    28  port.o(.emb_text)
    PendSV_Handler                           0x080002bd   Thumb Code    72  port.o(.emb_text)
    vPortGetIPSR                             0x08000309   Thumb Code     6  port.o(.emb_text)
    Reset_Handler                            0x08000311   Thumb Code     8  startup_stm32f103xe.o(.text)
    ADC1_2_IRQHandler                        0x0800032b   Thumb Code     0  startup_stm32f103xe.o(.text)
    ADC3_IRQHandler                          0x0800032b   Thumb Code     0  startup_stm32f103xe.o(.text)
    CAN1_RX1_IRQHandler                      0x0800032b   Thumb Code     0  startup_stm32f103xe.o(.text)
    CAN1_SCE_IRQHandler                      0x0800032b   Thumb Code     0  startup_stm32f103xe.o(.text)
    DMA1_Channel1_IRQHandler                 0x0800032b   Thumb Code     0  startup_stm32f103xe.o(.text)
    DMA1_Channel2_IRQHandler                 0x0800032b   Thumb Code     0  startup_stm32f103xe.o(.text)
    DMA1_Channel3_IRQHandler                 0x0800032b   Thumb Code     0  startup_stm32f103xe.o(.text)
    DMA1_Channel4_IRQHandler                 0x0800032b   Thumb Code     0  startup_stm32f103xe.o(.text)
    DMA1_Channel5_IRQHandler                 0x0800032b   Thumb Code     0  startup_stm32f103xe.o(.text)
    DMA1_Channel6_IRQHandler                 0x0800032b   Thumb Code     0  startup_stm32f103xe.o(.text)
    DMA1_Channel7_IRQHandler                 0x0800032b   Thumb Code     0  startup_stm32f103xe.o(.text)
    DMA2_Channel1_IRQHandler                 0x0800032b   Thumb Code     0  startup_stm32f103xe.o(.text)
    DMA2_Channel2_IRQHandler                 0x0800032b   Thumb Code     0  startup_stm32f103xe.o(.text)
    DMA2_Channel3_IRQHandler                 0x0800032b   Thumb Code     0  startup_stm32f103xe.o(.text)
    DMA2_Channel4_5_IRQHandler               0x0800032b   Thumb Code     0  startup_stm32f103xe.o(.text)
    EXTI0_IRQHandler                         0x0800032b   Thumb Code     0  startup_stm32f103xe.o(.text)
    EXTI15_10_IRQHandler                     0x0800032b   Thumb Code     0  startup_stm32f103xe.o(.text)
    EXTI1_IRQHandler                         0x0800032b   Thumb Code     0  startup_stm32f103xe.o(.text)
    EXTI2_IRQHandler                         0x0800032b   Thumb Code     0  startup_stm32f103xe.o(.text)
    EXTI3_IRQHandler                         0x0800032b   Thumb Code     0  startup_stm32f103xe.o(.text)
    EXTI4_IRQHandler                         0x0800032b   Thumb Code     0  startup_stm32f103xe.o(.text)
    EXTI9_5_IRQHandler                       0x0800032b   Thumb Code     0  startup_stm32f103xe.o(.text)
    FLASH_IRQHandler                         0x0800032b   Thumb Code     0  startup_stm32f103xe.o(.text)
    FSMC_IRQHandler                          0x0800032b   Thumb Code     0  startup_stm32f103xe.o(.text)
    I2C1_ER_IRQHandler                       0x0800032b   Thumb Code     0  startup_stm32f103xe.o(.text)
    I2C1_EV_IRQHandler                       0x0800032b   Thumb Code     0  startup_stm32f103xe.o(.text)
    I2C2_ER_IRQHandler                       0x0800032b   Thumb Code     0  startup_stm32f103xe.o(.text)
    I2C2_EV_IRQHandler                       0x0800032b   Thumb Code     0  startup_stm32f103xe.o(.text)
    PVD_IRQHandler                           0x0800032b   Thumb Code     0  startup_stm32f103xe.o(.text)
    RCC_IRQHandler                           0x0800032b   Thumb Code     0  startup_stm32f103xe.o(.text)
    RTC_Alarm_IRQHandler                     0x0800032b   Thumb Code     0  startup_stm32f103xe.o(.text)
    RTC_IRQHandler                           0x0800032b   Thumb Code     0  startup_stm32f103xe.o(.text)
    SDIO_IRQHandler                          0x0800032b   Thumb Code     0  startup_stm32f103xe.o(.text)
    SPI1_IRQHandler                          0x0800032b   Thumb Code     0  startup_stm32f103xe.o(.text)
    SPI2_IRQHandler                          0x0800032b   Thumb Code     0  startup_stm32f103xe.o(.text)
    SPI3_IRQHandler                          0x0800032b   Thumb Code     0  startup_stm32f103xe.o(.text)
    TAMPER_IRQHandler                        0x0800032b   Thumb Code     0  startup_stm32f103xe.o(.text)
    TIM1_BRK_IRQHandler                      0x0800032b   Thumb Code     0  startup_stm32f103xe.o(.text)
    TIM1_CC_IRQHandler                       0x0800032b   Thumb Code     0  startup_stm32f103xe.o(.text)
    TIM1_TRG_COM_IRQHandler                  0x0800032b   Thumb Code     0  startup_stm32f103xe.o(.text)
    TIM1_UP_IRQHandler                       0x0800032b   Thumb Code     0  startup_stm32f103xe.o(.text)
    TIM2_IRQHandler                          0x0800032b   Thumb Code     0  startup_stm32f103xe.o(.text)
    TIM3_IRQHandler                          0x0800032b   Thumb Code     0  startup_stm32f103xe.o(.text)
    TIM5_IRQHandler                          0x0800032b   Thumb Code     0  startup_stm32f103xe.o(.text)
    TIM6_IRQHandler                          0x0800032b   Thumb Code     0  startup_stm32f103xe.o(.text)
    TIM7_IRQHandler                          0x0800032b   Thumb Code     0  startup_stm32f103xe.o(.text)
    TIM8_BRK_IRQHandler                      0x0800032b   Thumb Code     0  startup_stm32f103xe.o(.text)
    TIM8_CC_IRQHandler                       0x0800032b   Thumb Code     0  startup_stm32f103xe.o(.text)
    TIM8_TRG_COM_IRQHandler                  0x0800032b   Thumb Code     0  startup_stm32f103xe.o(.text)
    TIM8_UP_IRQHandler                       0x0800032b   Thumb Code     0  startup_stm32f103xe.o(.text)
    UART4_IRQHandler                         0x0800032b   Thumb Code     0  startup_stm32f103xe.o(.text)
    UART5_IRQHandler                         0x0800032b   Thumb Code     0  startup_stm32f103xe.o(.text)
    USART1_IRQHandler                        0x0800032b   Thumb Code     0  startup_stm32f103xe.o(.text)
    USART2_IRQHandler                        0x0800032b   Thumb Code     0  startup_stm32f103xe.o(.text)
    USART3_IRQHandler                        0x0800032b   Thumb Code     0  startup_stm32f103xe.o(.text)
    USBWakeUp_IRQHandler                     0x0800032b   Thumb Code     0  startup_stm32f103xe.o(.text)
    USB_HP_CAN1_TX_IRQHandler                0x0800032b   Thumb Code     0  startup_stm32f103xe.o(.text)
    USB_LP_CAN1_RX0_IRQHandler               0x0800032b   Thumb Code     0  startup_stm32f103xe.o(.text)
    WWDG_IRQHandler                          0x0800032b   Thumb Code     0  startup_stm32f103xe.o(.text)
    __user_initial_stackheap                 0x0800032d   Thumb Code     0  startup_stm32f103xe.o(.text)
    __use_no_semihosting                     0x08000351   Thumb Code     2  use_no_semi_2.o(.text)
    vsnprintf                                0x08000355   Thumb Code    48  vsnprintf.o(.text)
    __2sprintf                               0x08000389   Thumb Code    38  __2sprintf.o(.text)
    __2snprintf                              0x080003b5   Thumb Code    50  __2snprintf.o(.text)
    _printf_str                              0x080003ed   Thumb Code    82  _printf_str.o(.text)
    _printf_int_dec                          0x08000441   Thumb Code   104  _printf_dec.o(.text)
    __printf                                 0x080004b9   Thumb Code   388  __printf_flags_ss_wp.o(.text)
    strcpy                                   0x08000641   Thumb Code    72  strcpy.o(.text)
    strrchr                                  0x08000689   Thumb Code    22  strrchr.o(.text)
    strlen                                   0x0800069f   Thumb Code    62  strlen.o(.text)
    __aeabi_memcpy                           0x080006dd   Thumb Code     0  rt_memcpy_v6.o(.text)
    __rt_memcpy                              0x080006dd   Thumb Code   138  rt_memcpy_v6.o(.text)
    _memcpy_lastbytes                        0x08000743   Thumb Code     0  rt_memcpy_v6.o(.text)
    __aeabi_memcpy4                          0x08000767   Thumb Code     0  rt_memcpy_w.o(.text)
    __aeabi_memcpy8                          0x08000767   Thumb Code     0  rt_memcpy_w.o(.text)
    __rt_memcpy_w                            0x08000767   Thumb Code   100  rt_memcpy_w.o(.text)
    _memcpy_lastbytes_aligned                0x080007af   Thumb Code     0  rt_memcpy_w.o(.text)
    __aeabi_memset                           0x080007cb   Thumb Code    16  aeabi_memset.o(.text)
    __aeabi_memclr4                          0x080007db   Thumb Code     0  rt_memclr_w.o(.text)
    __aeabi_memclr8                          0x080007db   Thumb Code     0  rt_memclr_w.o(.text)
    __rt_memclr_w                            0x080007db   Thumb Code    78  rt_memclr_w.o(.text)
    _memset_w                                0x080007df   Thumb Code     0  rt_memclr_w.o(.text)
    __use_two_region_memory                  0x08000829   Thumb Code     2  heapauxi.o(.text)
    __rt_heap_escrow$2region                 0x0800082b   Thumb Code     2  heapauxi.o(.text)
    __rt_heap_expand$2region                 0x0800082d   Thumb Code     2  heapauxi.o(.text)
    __I$use$semihosting                      0x0800082f   Thumb Code     0  use_no_semi.o(.text)
    __use_no_semihosting_swi                 0x0800082f   Thumb Code     2  use_no_semi.o(.text)
    __read_errno                             0x08000831   Thumb Code    10  _rserrno.o(.text)
    __set_errno                              0x0800083b   Thumb Code    12  _rserrno.o(.text)
    _printf_pre_padding                      0x08000847   Thumb Code    44  _printf_pad.o(.text)
    _printf_post_padding                     0x08000873   Thumb Code    34  _printf_pad.o(.text)
    _printf_truncate_signed                  0x08000895   Thumb Code    18  _printf_truncate.o(.text)
    _printf_truncate_unsigned                0x080008a7   Thumb Code    18  _printf_truncate.o(.text)
    _printf_int_common                       0x080008b9   Thumb Code   178  _printf_intcommon.o(.text)
    _printf_charcount                        0x0800096b   Thumb Code    40  _printf_charcount.o(.text)
    _printf_char_common                      0x0800099f   Thumb Code    32  _printf_char_common.o(.text)
    _sputc                                   0x080009c5   Thumb Code    10  _sputc.o(.text)
    _snputc                                  0x080009cf   Thumb Code    16  _snputc.o(.text)
    _printf_cs_common                        0x080009df   Thumb Code    20  _printf_char.o(.text)
    _printf_char                             0x080009f3   Thumb Code    16  _printf_char.o(.text)
    _printf_string                           0x08000a03   Thumb Code     8  _printf_char.o(.text)
    _printf_wctomb                           0x08000a0d   Thumb Code   182  _printf_wctomb.o(.text)
    _printf_longlong_dec                     0x08000ac9   Thumb Code   108  _printf_longlong_dec.o(.text)
    _printf_longlong_oct                     0x08000b45   Thumb Code    66  _printf_oct_int_ll.o(.text)
    _printf_int_oct                          0x08000b87   Thumb Code    24  _printf_oct_int_ll.o(.text)
    _printf_ll_oct                           0x08000b9f   Thumb Code    12  _printf_oct_int_ll.o(.text)
    _printf_longlong_hex                     0x08000bb5   Thumb Code    86  _printf_hex_int_ll_ptr.o(.text)
    _printf_int_hex                          0x08000c0b   Thumb Code    28  _printf_hex_int_ll_ptr.o(.text)
    _printf_ll_hex                           0x08000c27   Thumb Code    12  _printf_hex_int_ll_ptr.o(.text)
    _printf_hex_ptr                          0x08000c33   Thumb Code    18  _printf_hex_int_ll_ptr.o(.text)
    __aeabi_memclr                           0x08000c49   Thumb Code     0  rt_memclr.o(.text)
    __rt_memclr                              0x08000c49   Thumb Code    68  rt_memclr.o(.text)
    _memset                                  0x08000c4d   Thumb Code     0  rt_memclr.o(.text)
    __aeabi_errno_addr                       0x08000c8d   Thumb Code     8  rt_errno_addr_intlibspace.o(.text)
    __errno$intlibspace                      0x08000c8d   Thumb Code     0  rt_errno_addr_intlibspace.o(.text)
    __rt_errno_addr$intlibspace              0x08000c8d   Thumb Code     0  rt_errno_addr_intlibspace.o(.text)
    _ll_udiv10                               0x08000c95   Thumb Code   138  lludiv10.o(.text)
    __lib_sel_fp_printf                      0x08000d1f   Thumb Code     2  _printf_fp_dec.o(.text)
    _printf_fp_dec_real                      0x08000ed1   Thumb Code   620  _printf_fp_dec.o(.text)
    _printf_fp_hex_real                      0x0800113d   Thumb Code   756  _printf_fp_hex.o(.text)
    _printf_lcs_common                       0x08001439   Thumb Code    20  _printf_wchar.o(.text)
    _printf_wchar                            0x0800144d   Thumb Code    16  _printf_wchar.o(.text)
    _printf_wstring                          0x0800145d   Thumb Code     8  _printf_wchar.o(.text)
    _wcrtomb                                 0x08001465   Thumb Code    64  _wcrtomb.o(.text)
    __user_libspace                          0x080014a5   Thumb Code     8  libspace.o(.text)
    __user_perproc_libspace                  0x080014a5   Thumb Code     0  libspace.o(.text)
    __user_perthread_libspace                0x080014a5   Thumb Code     0  libspace.o(.text)
    __user_setup_stackheap                   0x080014ad   Thumb Code    74  sys_stackheap_outer.o(.text)
    __rt_ctype_table                         0x080014f9   Thumb Code    16  rt_ctype_table.o(.text)
    __rt_locale                              0x08001509   Thumb Code     8  rt_locale_intlibspace.o(.text)
    _printf_fp_infnan                        0x08001511   Thumb Code   112  _printf_fp_infnan.o(.text)
    _btod_etento                             0x08001591   Thumb Code   224  bigflt0.o(.text)
    exit                                     0x08001675   Thumb Code    18  exit.o(.text)
    strcmp                                   0x08001689   Thumb Code   128  strcmpv7m.o(.text)
    _btod_d2e                                0x08001709   Thumb Code    62  btod.o(CL$$btod_d2e)
    _d2e_denorm_low                          0x08001747   Thumb Code    70  btod.o(CL$$btod_d2e_denorm_low)
    _d2e_norm_op1                            0x0800178d   Thumb Code    96  btod.o(CL$$btod_d2e_norm_op1)
    __btod_div_common                        0x080017ed   Thumb Code   696  btod.o(CL$$btod_div_common)
    _e2e                                     0x08001b25   Thumb Code   220  btod.o(CL$$btod_e2e)
    _btod_ediv                               0x08001c01   Thumb Code    42  btod.o(CL$$btod_ediv)
    _btod_emul                               0x08001c2b   Thumb Code    42  btod.o(CL$$btod_emul)
    __btod_mult_common                       0x08001c55   Thumb Code   580  btod.o(CL$$btod_mult_common)
    ADC_ConversionStop_Disable               0x08001e99   Thumb Code    86  stm32f1xx_hal_adc.o(i.ADC_ConversionStop_Disable)
    ADC_Enable                               0x08001ef1   Thumb Code   114  stm32f1xx_hal_adc.o(i.ADC_Enable)
    BusFault_Handler                         0x08001f6d   Thumb Code     2  stm32f1xx_it.o(i.BusFault_Handler)
    DebugMon_Handler                         0x08001f6f   Thumb Code     2  stm32f1xx_it.o(i.DebugMon_Handler)
    Error_Handler                            0x08001f71   Thumb Code     4  main.o(i.Error_Handler)
    HAL_ADCEx_Calibration_Start              0x08001f75   Thumb Code   210  stm32f1xx_hal_adc_ex.o(i.HAL_ADCEx_Calibration_Start)
    HAL_ADC_ConfigChannel                    0x0800204d   Thumb Code   240  stm32f1xx_hal_adc.o(i.HAL_ADC_ConfigChannel)
    HAL_ADC_GetValue                         0x08002149   Thumb Code     6  stm32f1xx_hal_adc.o(i.HAL_ADC_GetValue)
    HAL_ADC_Init                             0x08002151   Thumb Code   272  stm32f1xx_hal_adc.o(i.HAL_ADC_Init)
    HAL_ADC_MspInit                          0x08002271   Thumb Code   106  adc.o(i.HAL_ADC_MspInit)
    HAL_ADC_PollForConversion                0x080022ed   Thumb Code   304  stm32f1xx_hal_adc.o(i.HAL_ADC_PollForConversion)
    HAL_ADC_Start                            0x08002429   Thumb Code   184  stm32f1xx_hal_adc.o(i.HAL_ADC_Start)
    HAL_ADC_Stop                             0x080024e9   Thumb Code    52  stm32f1xx_hal_adc.o(i.HAL_ADC_Stop)
    HAL_GPIO_Init                            0x0800251d   Thumb Code   462  stm32f1xx_hal_gpio.o(i.HAL_GPIO_Init)
    HAL_GPIO_TogglePin                       0x08002715   Thumb Code    16  stm32f1xx_hal_gpio.o(i.HAL_GPIO_TogglePin)
    HAL_GPIO_WritePin                        0x08002725   Thumb Code    10  stm32f1xx_hal_gpio.o(i.HAL_GPIO_WritePin)
    HAL_GetTick                              0x08002731   Thumb Code     6  stm32f1xx_hal.o(i.HAL_GetTick)
    HAL_IncTick                              0x0800273d   Thumb Code    12  stm32f1xx_hal.o(i.HAL_IncTick)
    HAL_Init                                 0x0800274d   Thumb Code    32  stm32f1xx_hal.o(i.HAL_Init)
    HAL_InitTick                             0x08002771   Thumb Code   132  stm32f1xx_hal_timebase_tim.o(i.HAL_InitTick)
    HAL_MspInit                              0x08002809   Thumb Code    62  stm32f1xx_hal_msp.o(i.HAL_MspInit)
    HAL_NVIC_EnableIRQ                       0x08002851   Thumb Code    26  stm32f1xx_hal_cortex.o(i.HAL_NVIC_EnableIRQ)
    HAL_NVIC_SetPriority                     0x0800286d   Thumb Code    60  stm32f1xx_hal_cortex.o(i.HAL_NVIC_SetPriority)
    HAL_NVIC_SetPriorityGrouping             0x080028ad   Thumb Code    26  stm32f1xx_hal_cortex.o(i.HAL_NVIC_SetPriorityGrouping)
    HAL_RCCEx_GetPeriphCLKFreq               0x080028d1   Thumb Code   166  stm32f1xx_hal_rcc_ex.o(i.HAL_RCCEx_GetPeriphCLKFreq)
    HAL_RCCEx_PeriphCLKConfig                0x08002989   Thumb Code   224  stm32f1xx_hal_rcc_ex.o(i.HAL_RCCEx_PeriphCLKConfig)
    HAL_RCC_ClockConfig                      0x08002a75   Thumb Code   280  stm32f1xx_hal_rcc.o(i.HAL_RCC_ClockConfig)
    HAL_RCC_GetClockConfig                   0x08002ba1   Thumb Code    54  stm32f1xx_hal_rcc.o(i.HAL_RCC_GetClockConfig)
    HAL_RCC_GetHCLKFreq                      0x08002be1   Thumb Code     6  stm32f1xx_hal_rcc.o(i.HAL_RCC_GetHCLKFreq)
    HAL_RCC_GetPCLK1Freq                     0x08002bed   Thumb Code    20  stm32f1xx_hal_rcc.o(i.HAL_RCC_GetPCLK1Freq)
    HAL_RCC_GetPCLK2Freq                     0x08002c0d   Thumb Code    20  stm32f1xx_hal_rcc.o(i.HAL_RCC_GetPCLK2Freq)
    HAL_RCC_GetSysClockFreq                  0x08002c2d   Thumb Code    58  stm32f1xx_hal_rcc.o(i.HAL_RCC_GetSysClockFreq)
    HAL_RCC_OscConfig                        0x08002c79   Thumb Code   778  stm32f1xx_hal_rcc.o(i.HAL_RCC_OscConfig)
    HAL_TIMEx_BreakCallback                  0x08002f99   Thumb Code     2  stm32f1xx_hal_tim_ex.o(i.HAL_TIMEx_BreakCallback)
    HAL_TIMEx_CommutCallback                 0x08002f9b   Thumb Code     2  stm32f1xx_hal_tim_ex.o(i.HAL_TIMEx_CommutCallback)
    HAL_TIM_Base_Init                        0x08002f9d   Thumb Code    90  stm32f1xx_hal_tim.o(i.HAL_TIM_Base_Init)
    HAL_TIM_Base_MspInit                     0x08002ff7   Thumb Code     2  stm32f1xx_hal_tim.o(i.HAL_TIM_Base_MspInit)
    HAL_TIM_Base_Start_IT                    0x08002ff9   Thumb Code    88  stm32f1xx_hal_tim.o(i.HAL_TIM_Base_Start_IT)
    HAL_TIM_IC_CaptureCallback               0x08003065   Thumb Code     2  stm32f1xx_hal_tim.o(i.HAL_TIM_IC_CaptureCallback)
    HAL_TIM_IRQHandler                       0x08003067   Thumb Code   304  stm32f1xx_hal_tim.o(i.HAL_TIM_IRQHandler)
    HAL_TIM_OC_DelayElapsedCallback          0x08003197   Thumb Code     2  stm32f1xx_hal_tim.o(i.HAL_TIM_OC_DelayElapsedCallback)
    HAL_TIM_PWM_PulseFinishedCallback        0x08003199   Thumb Code     2  stm32f1xx_hal_tim.o(i.HAL_TIM_PWM_PulseFinishedCallback)
    HAL_TIM_PeriodElapsedCallback            0x0800319d   Thumb Code    14  main.o(i.HAL_TIM_PeriodElapsedCallback)
    HAL_TIM_TriggerCallback                  0x080031b1   Thumb Code     2  stm32f1xx_hal_tim.o(i.HAL_TIM_TriggerCallback)
    HAL_UART_Init                            0x080031b3   Thumb Code   100  stm32f1xx_hal_uart.o(i.HAL_UART_Init)
    HAL_UART_MspInit                         0x08003219   Thumb Code   220  usart.o(i.HAL_UART_MspInit)
    HAL_UART_Transmit                        0x0800330d   Thumb Code   160  stm32f1xx_hal_uart.o(i.HAL_UART_Transmit)
    HardFault_Handler                        0x080033ad   Thumb Code     2  stm32f1xx_it.o(i.HardFault_Handler)
    MX_ADC1_Init                             0x080033b1   Thumb Code    48  adc.o(i.MX_ADC1_Init)
    MX_FREERTOS_Init                         0x080033e9   Thumb Code    72  freertos.o(i.MX_FREERTOS_Init)
    MX_GPIO_Init                             0x08003461   Thumb Code   320  gpio.o(i.MX_GPIO_Init)
    MX_USART1_UART_Init                      0x080035bd   Thumb Code    48  usart.o(i.MX_USART1_UART_Init)
    MX_USART2_UART_Init                      0x080035f5   Thumb Code    48  usart.o(i.MX_USART2_UART_Init)
    MX_USART3_UART_Init                      0x0800362d   Thumb Code    48  usart.o(i.MX_USART3_UART_Init)
    MemManage_Handler                        0x08003665   Thumb Code     2  stm32f1xx_it.o(i.MemManage_Handler)
    NMI_Handler                              0x08003667   Thumb Code     2  stm32f1xx_it.o(i.NMI_Handler)
    StartDefaultTask                         0x08003669   Thumb Code    14  freertos.o(i.StartDefaultTask)
    SysTick_Handler                          0x08003677   Thumb Code    26  cmsis_os2.o(i.SysTick_Handler)
    SystemClock_Config                       0x08003691   Thumb Code   122  main.o(i.SystemClock_Config)
    SystemInit                               0x0800370b   Thumb Code     2  system_stm32f1xx.o(i.SystemInit)
    TIM4_IRQHandler                          0x0800370d   Thumb Code     6  stm32f1xx_it.o(i.TIM4_IRQHandler)
    TIM_Base_SetConfig                       0x08003719   Thumb Code   134  stm32f1xx_hal_tim.o(i.TIM_Base_SetConfig)
    TaskHeartbeat                            0x080037b5   Thumb Code   514  task_heartbeat.o(i.TaskHeartbeat)
    TaskLog                                  0x08003b25   Thumb Code    36  log.o(i.TaskLog)
    TaskMonitor                              0x08003b4d   Thumb Code   300  task_monitor.o(i.TaskMonitor)
    UsageFault_Handler                       0x08003e5b   Thumb Code     2  stm32f1xx_it.o(i.UsageFault_Handler)
    __ARM_fpclassify                         0x08003e5d   Thumb Code    40  fpclassify.o(i.__ARM_fpclassify)
    __mathlib_flt_divzero                    0x08003ea5   Thumb Code    10  funder.o(i.__mathlib_flt_divzero)
    __mathlib_flt_infnan                     0x08003eaf   Thumb Code     6  funder.o(i.__mathlib_flt_infnan)
    __mathlib_flt_invalid                    0x08003eb5   Thumb Code     8  funder.o(i.__mathlib_flt_invalid)
    _is_digit                                0x08003ebd   Thumb Code    14  __printf_wp.o(i._is_digit)
    _sys_exit                                0x08003ecb   Thumb Code     2  usart.o(i._sys_exit)
    board_init                               0x08003ecd   Thumb Code    20  board.o(i.board_init)
    board_power_set                          0x08003ee1   Thumb Code    38  board.o(i.board_power_set)
    eTaskGetState                            0x08003f1d   Thumb Code   106  tasks.o(i.eTaskGetState)
    log_init                                 0x08003f91   Thumb Code    42  log.o(i.log_init)
    log_printf                               0x08003fc1   Thumb Code   154  log.o(i.log_printf)
    log_write_sync                           0x0800408d   Thumb Code    54  log.o(i.log_write_sync)
    __mathlib_logf                           0x080040cd   Thumb Code     0  logf.o(i.logf)
    logf                                     0x080040cd   Thumb Code   362  logf.o(i.logf)
    main                                     0x0800425d   Thumb Code    60  main.o(i.main)
    monitor_service_get_snapshot             0x08004299   Thumb Code    52  monitor_service.o(i.monitor_service_get_snapshot)
    monitor_service_init                     0x080042d5   Thumb Code    44  monitor_service.o(i.monitor_service_init)
    monitor_service_update                   0x08004309   Thumb Code   288  monitor_service.o(i.monitor_service_update)
    osDelay                                  0x080044cb   Thumb Code    26  cmsis_os2.o(i.osDelay)
    osKernelInitialize                       0x080044e5   Thumb Code    32  cmsis_os2.o(i.osKernelInitialize)
    osKernelStart                            0x08004509   Thumb Code    48  cmsis_os2.o(i.osKernelStart)
    osThreadNew                              0x08004541   Thumb Code   138  cmsis_os2.o(i.osThreadNew)
    pvPortMalloc                             0x08004de5   Thumb Code   226  heap_4.o(i.pvPortMalloc)
    pvTaskIncrementMutexHeldCount            0x08004ecd   Thumb Code    18  tasks.o(i.pvTaskIncrementMutexHeldCount)
    pxPortInitialiseStack                    0x08004ee5   Thumb Code    32  port.o(i.pxPortInitialiseStack)
    sense_read_all                           0x08004f8d   Thumb Code    74  sense.o(i.sense_read_all)
    uxListRemove                             0x08005031   Thumb Code    38  list.o(i.uxListRemove)
    uxTaskGetSystemState                     0x08005059   Thumb Code   158  tasks.o(i.uxTaskGetSystemState)
    vApplicationGetIdleTaskMemory            0x08005105   Thumb Code    16  cmsis_os2.o(i.vApplicationGetIdleTaskMemory)
    vApplicationGetTimerTaskMemory           0x08005119   Thumb Code    18  cmsis_os2.o(i.vApplicationGetTimerTaskMemory)
    vApplicationMallocFailedHook             0x08005131   Thumb Code     2  cmsis_os2.o(i.vApplicationMallocFailedHook)
    vApplicationStackOverflowHook            0x08005133   Thumb Code    16  cmsis_os2.o(i.vApplicationStackOverflowHook)
    vListInitialise                          0x08005143   Thumb Code    22  list.o(i.vListInitialise)
    vListInitialiseItem                      0x08005159   Thumb Code     6  list.o(i.vListInitialiseItem)
    vListInsert                              0x0800515f   Thumb Code    48  list.o(i.vListInsert)
    vListInsertEnd                           0x0800518f   Thumb Code    24  list.o(i.vListInsertEnd)
    vPortEnterCritical                       0x080051a9   Thumb Code    54  port.o(i.vPortEnterCritical)
    vPortExitCritical                        0x080051e9   Thumb Code    34  port.o(i.vPortExitCritical)
    vPortFree                                0x08005211   Thumb Code    94  heap_4.o(i.vPortFree)
    vPortSetupTimerInterrupt                 0x08005275   Thumb Code    32  port.o(i.vPortSetupTimerInterrupt)
    vPortValidateInterruptPriority           0x08005299   Thumb Code    74  port.o(i.vPortValidateInterruptPriority)
    vQueueAddToRegistry                      0x080052ed   Thumb Code    34  queue.o(i.vQueueAddToRegistry)
    vQueueWaitForMessageRestricted           0x08005315   Thumb Code    68  queue.o(i.vQueueWaitForMessageRestricted)
    vTaskDelay                               0x08005359   Thumb Code    66  tasks.o(i.vTaskDelay)
    vTaskDelayUntil                          0x080053a5   Thumb Code   132  tasks.o(i.vTaskDelayUntil)
    vTaskGetInfo                             0x08005431   Thumb Code   112  tasks.o(i.vTaskGetInfo)
    vTaskInternalSetTimeOutState             0x080054a5   Thumb Code    12  tasks.o(i.vTaskInternalSetTimeOutState)
    vTaskList                                0x080054b5   Thumb Code   176  tasks.o(i.vTaskList)
    vTaskMissedYield                         0x08005579   Thumb Code     8  tasks.o(i.vTaskMissedYield)
    vTaskPlaceOnEventList                    0x08005585   Thumb Code    44  tasks.o(i.vTaskPlaceOnEventList)
    vTaskPlaceOnEventListRestricted          0x080055b5   Thumb Code    52  tasks.o(i.vTaskPlaceOnEventListRestricted)
    vTaskPriorityDisinheritAfterTimeout      0x080055ed   Thumb Code   134  tasks.o(i.vTaskPriorityDisinheritAfterTimeout)
    vTaskStartScheduler                      0x0800567d   Thumb Code   118  tasks.o(i.vTaskStartScheduler)
    vTaskSuspend                             0x08005705   Thumb Code   144  tasks.o(i.vTaskSuspend)
    vTaskSuspendAll                          0x080057a1   Thumb Code    10  tasks.o(i.vTaskSuspendAll)
    vTaskSwitchContext                       0x080057b1   Thumb Code   132  tasks.o(i.vTaskSwitchContext)
    xPortGetFreeHeapSize                     0x0800583d   Thumb Code     6  heap_4.o(i.xPortGetFreeHeapSize)
    xPortStartScheduler                      0x08005849   Thumb Code   154  port.o(i.xPortStartScheduler)
    xPortSysTickHandler                      0x080058f1   Thumb Code    38  port.o(i.xPortSysTickHandler)
    xQueueCreateMutex                        0x0800591d   Thumb Code    22  queue.o(i.xQueueCreateMutex)
    xQueueGenericCreate                      0x08005933   Thumb Code    66  queue.o(i.xQueueGenericCreate)
    xQueueGenericCreateStatic                0x08005975   Thumb Code   102  queue.o(i.xQueueGenericCreateStatic)
    xQueueGenericReset                       0x080059dd   Thumb Code   132  queue.o(i.xQueueGenericReset)
    xQueueGenericSend                        0x08005a65   Thumb Code   346  queue.o(i.xQueueGenericSend)
    xQueueGenericSendFromISR                 0x08005bc5   Thumb Code   190  queue.o(i.xQueueGenericSendFromISR)
    xQueueReceive                            0x08005c85   Thumb Code   308  queue.o(i.xQueueReceive)
    xQueueSemaphoreTake                      0x08005dbd   Thumb Code   372  queue.o(i.xQueueSemaphoreTake)
    xTaskCheckForTimeOut                     0x08005f35   Thumb Code   112  tasks.o(i.xTaskCheckForTimeOut)
    xTaskCreate                              0x08005fa9   Thumb Code    90  tasks.o(i.xTaskCreate)
    xTaskCreateStatic                        0x08006003   Thumb Code    86  tasks.o(i.xTaskCreateStatic)
    xTaskGetSchedulerState                   0x08006059   Thumb Code    22  tasks.o(i.xTaskGetSchedulerState)
    xTaskGetTickCount                        0x08006075   Thumb Code     6  tasks.o(i.xTaskGetTickCount)
    xTaskIncrementTick                       0x08006081   Thumb Code   192  tasks.o(i.xTaskIncrementTick)
    xTaskPriorityDisinherit                  0x08006149   Thumb Code   118  tasks.o(i.xTaskPriorityDisinherit)
    xTaskPriorityInherit                     0x080061c9   Thumb Code   112  tasks.o(i.xTaskPriorityInherit)
    xTaskRemoveFromEventList                 0x08006241   Thumb Code    98  tasks.o(i.xTaskRemoveFromEventList)
    xTaskResumeAll                           0x080062b1   Thumb Code   182  tasks.o(i.xTaskResumeAll)
    xTimerCreateTimerTask                    0x08006375   Thumb Code    78  timers.o(i.xTimerCreateTimerTask)
    xTimerGenericCommand                     0x080063d5   Thumb Code    98  timers.o(i.xTimerGenericCommand)
    _get_lc_numeric                          0x0800643d   Thumb Code    44  lc_numeric_c.o(locale$$code)
    _get_lc_ctype                            0x08006469   Thumb Code    44  lc_ctype_c.o(locale$$code)
    __aeabi_fadd                             0x08006495   Thumb Code     0  faddsub_clz.o(x$fpl$fadd)
    _fadd                                    0x08006495   Thumb Code   196  faddsub_clz.o(x$fpl$fadd)
    __fpl_fcheck_NaN1                        0x08006559   Thumb Code     6  fcheck1.o(x$fpl$fcheck1)
    __fpl_fcmp_Inf                           0x08006565   Thumb Code    24  fcmpi.o(x$fpl$fcmpinf)
    __aeabi_fdiv                             0x0800657d   Thumb Code     0  fdiv.o(x$fpl$fdiv)
    _fdiv                                    0x0800657d   Thumb Code   384  fdiv.o(x$fpl$fdiv)
    __aeabi_f2iz                             0x08006701   Thumb Code     0  ffix.o(x$fpl$ffix)
    _ffix                                    0x08006701   Thumb Code    54  ffix.o(x$fpl$ffix)
    __aeabi_i2f                              0x08006739   Thumb Code     0  fflt_clz.o(x$fpl$fflt)
    _fflt                                    0x08006739   Thumb Code    48  fflt_clz.o(x$fpl$fflt)
    __aeabi_ui2f                             0x08006769   Thumb Code     0  fflt_clz.o(x$fpl$ffltu)
    _ffltu                                   0x08006769   Thumb Code    38  fflt_clz.o(x$fpl$ffltu)
    __aeabi_cfcmple                          0x08006791   Thumb Code     0  fleqf.o(x$fpl$fleqf)
    _fcmple                                  0x08006791   Thumb Code   104  fleqf.o(x$fpl$fleqf)
    __fpl_fcmple_InfNaN                      0x080067e3   Thumb Code     0  fleqf.o(x$fpl$fleqf)
    __aeabi_fmul                             0x080067f9   Thumb Code     0  fmul.o(x$fpl$fmul)
    _fmul                                    0x080067f9   Thumb Code   258  fmul.o(x$fpl$fmul)
    __fpl_fnaninf                            0x080068fb   Thumb Code   140  fnaninf.o(x$fpl$fnaninf)
    __fpl_fretinf                            0x08006987   Thumb Code    10  fretinf.o(x$fpl$fretinf)
    __aeabi_cfrcmple                         0x08006991   Thumb Code     0  frleqf.o(x$fpl$frleqf)
    _frcmple                                 0x08006991   Thumb Code    98  frleqf.o(x$fpl$frleqf)
    __aeabi_fsub                             0x080069f5   Thumb Code     0  faddsub_clz.o(x$fpl$fsub)
    _fsub                                    0x080069f5   Thumb Code   234  faddsub_clz.o(x$fpl$fsub)
    _printf_fp_dec                           0x08006adf   Thumb Code     4  printf1.o(x$fpl$printf1)
    _printf_fp_hex                           0x08006ae3   Thumb Code     4  printf2.o(x$fpl$printf2)
    __fpl_return_NaN                         0x08006ae7   Thumb Code   100  retnan.o(x$fpl$retnan)
    __ARM_scalbnf                            0x08006b4b   Thumb Code    76  scalbnf.o(x$fpl$scalbnf)
    __fpl_cmpreturn                          0x08006b97   Thumb Code    48  trapv.o(x$fpl$trapveneer)
    __I$use$fp                               0x08006bc6   Number         0  usenofp.o(x$fpl$usenofp)
    defaultTask_attributes                   0x08006bc8   Data          36  freertos.o(.constdata)
    AHBPrescTable                            0x08006c10   Data          16  system_stm32f1xx.o(.constdata)
    APBPrescTable                            0x08006c20   Data           8  system_stm32f1xx.o(.constdata)
    Region$$Table$$Base                      0x08006e5c   Number         0  anon$$obj.o(Region$$Table)
    Region$$Table$$Limit                     0x08006e7c   Number         0  anon$$obj.o(Region$$Table)
    __ctype                                  0x08006ea5   Data           0  lc_ctype_c.o(locale$$data)
    defaultTaskHandle                        0x20000000   Data           4  freertos.o(.data)
    uwTickFreq                               0x20000004   Data           1  stm32f1xx_hal.o(.data)
    uwTickPrio                               0x20000008   Data           4  stm32f1xx_hal.o(.data)
    uwTick                                   0x2000000c   Data           4  stm32f1xx_hal.o(.data)
    SystemCoreClock                          0x20000010   Data           4  system_stm32f1xx.o(.data)
    pxCurrentTCB                             0x20000014   Data           4  tasks.o(.data)
    hadc1                                    0x200000b0   Data          48  adc.o(.bss)
    huart1                                   0x200000e0   Data          72  usart.o(.bss)
    huart2                                   0x20000128   Data          72  usart.o(.bss)
    huart3                                   0x20000170   Data          72  usart.o(.bss)
    htim4                                    0x200001b8   Data          72  stm32f1xx_hal_timebase_tim.o(.bss)
    xQueueRegistry                           0x20000200   Data          64  queue.o(.bss)
    __libspace_start                         0x200038f4   Data          96  libspace.o(.bss)
    __temporary_stack_top$libspace           0x20003954   Data           0  libspace.o(.bss)



==============================================================================

Memory Map of the image

  Image Entry point : 0x08000131

  Load Region LR_IROM1 (Base: 0x08000000, Size: 0x00007058, Max: 0x00040000, ABSOLUTE)

    Execution Region ER_IROM1 (Exec base: 0x08000000, Load base: 0x08000000, Size: 0x00006fa8, Max: 0x00040000, ABSOLUTE)

    Exec Addr    Load Addr    Size         Type   Attr      Idx    E Section Name        Object

    0x08000000   0x08000000   0x00000130   Data   RO            3    RESET               startup_stm32f103xe.o
    0x08000130   0x08000130   0x00000008   Code   RO         5273  * !!!main             c_w.l(__main.o)
    0x08000138   0x08000138   0x00000034   Code   RO         5639    !!!scatter          c_w.l(__scatter.o)
    0x0800016c   0x0800016c   0x0000001a   Code   RO         5641    !!handler_copy      c_w.l(__scatter_copy.o)
    0x08000186   0x08000186   0x00000002   PAD
    0x08000188   0x08000188   0x0000001c   Code   RO         5643    !!handler_zi        c_w.l(__scatter_zi.o)
    0x080001a4   0x080001a4   0x00000000   Code   RO         5254    .ARM.Collect$$_printf_percent$$00000000  c_w.l(_printf_percent.o)
    0x080001a4   0x080001a4   0x00000006   Code   RO         5364    .ARM.Collect$$_printf_percent$$00000001  c_w.l(_printf_n.o)
    0x080001aa   0x080001aa   0x00000006   Code   RO         5366    .ARM.Collect$$_printf_percent$$00000002  c_w.l(_printf_p.o)
    0x080001b0   0x080001b0   0x00000006   Code   RO         5370    .ARM.Collect$$_printf_percent$$00000003  c_w.l(_printf_f.o)
    0x080001b6   0x080001b6   0x00000006   Code   RO         5371    .ARM.Collect$$_printf_percent$$00000004  c_w.l(_printf_e.o)
    0x080001bc   0x080001bc   0x00000006   Code   RO         5372    .ARM.Collect$$_printf_percent$$00000005  c_w.l(_printf_g.o)
    0x080001c2   0x080001c2   0x00000006   Code   RO         5373    .ARM.Collect$$_printf_percent$$00000006  c_w.l(_printf_a.o)
    0x080001c8   0x080001c8   0x0000000a   Code   RO         5378    .ARM.Collect$$_printf_percent$$00000007  c_w.l(_printf_ll.o)
    0x080001d2   0x080001d2   0x00000006   Code   RO         5368    .ARM.Collect$$_printf_percent$$00000008  c_w.l(_printf_i.o)
    0x080001d8   0x080001d8   0x00000006   Code   RO         5369    .ARM.Collect$$_printf_percent$$00000009  c_w.l(_printf_d.o)
    0x080001de   0x080001de   0x00000006   Code   RO         5253    .ARM.Collect$$_printf_percent$$0000000A  c_w.l(_printf_u.o)
    0x080001e4   0x080001e4   0x00000006   Code   RO         5367    .ARM.Collect$$_printf_percent$$0000000B  c_w.l(_printf_o.o)
    0x080001ea   0x080001ea   0x00000006   Code   RO         5365    .ARM.Collect$$_printf_percent$$0000000C  c_w.l(_printf_x.o)
    0x080001f0   0x080001f0   0x00000006   Code   RO         5375    .ARM.Collect$$_printf_percent$$0000000D  c_w.l(_printf_lli.o)
    0x080001f6   0x080001f6   0x00000006   Code   RO         5376    .ARM.Collect$$_printf_percent$$0000000E  c_w.l(_printf_lld.o)
    0x080001fc   0x080001fc   0x00000006   Code   RO         5377    .ARM.Collect$$_printf_percent$$0000000F  c_w.l(_printf_llu.o)
    0x08000202   0x08000202   0x00000006   Code   RO         5382    .ARM.Collect$$_printf_percent$$00000010  c_w.l(_printf_llo.o)
    0x08000208   0x08000208   0x00000006   Code   RO         5383    .ARM.Collect$$_printf_percent$$00000011  c_w.l(_printf_llx.o)
    0x0800020e   0x0800020e   0x0000000a   Code   RO         5379    .ARM.Collect$$_printf_percent$$00000012  c_w.l(_printf_l.o)
    0x08000218   0x08000218   0x00000006   Code   RO         5251    .ARM.Collect$$_printf_percent$$00000013  c_w.l(_printf_c.o)
    0x0800021e   0x0800021e   0x00000006   Code   RO         5252    .ARM.Collect$$_printf_percent$$00000014  c_w.l(_printf_s.o)
    0x08000224   0x08000224   0x00000006   Code   RO         5380    .ARM.Collect$$_printf_percent$$00000015  c_w.l(_printf_lc.o)
    0x0800022a   0x0800022a   0x00000006   Code   RO         5381    .ARM.Collect$$_printf_percent$$00000016  c_w.l(_printf_ls.o)
    0x08000230   0x08000230   0x00000004   Code   RO         5374    .ARM.Collect$$_printf_percent$$00000017  c_w.l(_printf_percent_end.o)
    0x08000234   0x08000234   0x00000002   Code   RO         5501    .ARM.Collect$$libinit$$00000000  c_w.l(libinit.o)
    0x08000236   0x08000236   0x00000000   Code   RO         5516    .ARM.Collect$$libinit$$00000002  c_w.l(libinit2.o)
    0x08000236   0x08000236   0x00000000   Code   RO         5518    .ARM.Collect$$libinit$$00000004  c_w.l(libinit2.o)
    0x08000236   0x08000236   0x00000000   Code   RO         5521    .ARM.Collect$$libinit$$0000000A  c_w.l(libinit2.o)
    0x08000236   0x08000236   0x00000000   Code   RO         5523    .ARM.Collect$$libinit$$0000000C  c_w.l(libinit2.o)
    0x08000236   0x08000236   0x00000000   Code   RO         5525    .ARM.Collect$$libinit$$0000000E  c_w.l(libinit2.o)
    0x08000236   0x08000236   0x00000006   Code   RO         5526    .ARM.Collect$$libinit$$0000000F  c_w.l(libinit2.o)
    0x0800023c   0x0800023c   0x00000000   Code   RO         5528    .ARM.Collect$$libinit$$00000011  c_w.l(libinit2.o)
    0x0800023c   0x0800023c   0x0000000c   Code   RO         5529    .ARM.Collect$$libinit$$00000012  c_w.l(libinit2.o)
    0x08000248   0x08000248   0x00000000   Code   RO         5530    .ARM.Collect$$libinit$$00000013  c_w.l(libinit2.o)
    0x08000248   0x08000248   0x00000000   Code   RO         5532    .ARM.Collect$$libinit$$00000015  c_w.l(libinit2.o)
    0x08000248   0x08000248   0x0000000a   Code   RO         5533    .ARM.Collect$$libinit$$00000016  c_w.l(libinit2.o)
    0x08000252   0x08000252   0x00000000   Code   RO         5534    .ARM.Collect$$libinit$$00000017  c_w.l(libinit2.o)
    0x08000252   0x08000252   0x00000000   Code   RO         5536    .ARM.Collect$$libinit$$00000019  c_w.l(libinit2.o)
    0x08000252   0x08000252   0x00000000   Code   RO         5538    .ARM.Collect$$libinit$$0000001B  c_w.l(libinit2.o)
    0x08000252   0x08000252   0x00000000   Code   RO         5540    .ARM.Collect$$libinit$$0000001D  c_w.l(libinit2.o)
    0x08000252   0x08000252   0x00000000   Code   RO         5542    .ARM.Collect$$libinit$$0000001F  c_w.l(libinit2.o)
    0x08000252   0x08000252   0x00000000   Code   RO         5544    .ARM.Collect$$libinit$$00000021  c_w.l(libinit2.o)
    0x08000252   0x08000252   0x00000000   Code   RO         5546    .ARM.Collect$$libinit$$00000023  c_w.l(libinit2.o)
    0x08000252   0x08000252   0x00000000   Code   RO         5548    .ARM.Collect$$libinit$$00000025  c_w.l(libinit2.o)
    0x08000252   0x08000252   0x00000000   Code   RO         5552    .ARM.Collect$$libinit$$0000002C  c_w.l(libinit2.o)
    0x08000252   0x08000252   0x00000000   Code   RO         5554    .ARM.Collect$$libinit$$0000002E  c_w.l(libinit2.o)
    0x08000252   0x08000252   0x00000000   Code   RO         5556    .ARM.Collect$$libinit$$00000030  c_w.l(libinit2.o)
    0x08000252   0x08000252   0x00000000   Code   RO         5558    .ARM.Collect$$libinit$$00000032  c_w.l(libinit2.o)
    0x08000252   0x08000252   0x00000002   Code   RO         5559    .ARM.Collect$$libinit$$00000033  c_w.l(libinit2.o)
    0x08000254   0x08000254   0x00000002   Code   RO         5579    .ARM.Collect$$libshutdown$$00000000  c_w.l(libshutdown.o)
    0x08000256   0x08000256   0x00000000   Code   RO         5589    .ARM.Collect$$libshutdown$$00000002  c_w.l(libshutdown2.o)
    0x08000256   0x08000256   0x00000000   Code   RO         5591    .ARM.Collect$$libshutdown$$00000004  c_w.l(libshutdown2.o)
    0x08000256   0x08000256   0x00000000   Code   RO         5593    .ARM.Collect$$libshutdown$$00000006  c_w.l(libshutdown2.o)
    0x08000256   0x08000256   0x00000000   Code   RO         5596    .ARM.Collect$$libshutdown$$00000009  c_w.l(libshutdown2.o)
    0x08000256   0x08000256   0x00000000   Code   RO         5599    .ARM.Collect$$libshutdown$$0000000C  c_w.l(libshutdown2.o)
    0x08000256   0x08000256   0x00000000   Code   RO         5601    .ARM.Collect$$libshutdown$$0000000E  c_w.l(libshutdown2.o)
    0x08000256   0x08000256   0x00000000   Code   RO         5604    .ARM.Collect$$libshutdown$$00000011  c_w.l(libshutdown2.o)
    0x08000256   0x08000256   0x00000002   Code   RO         5605    .ARM.Collect$$libshutdown$$00000012  c_w.l(libshutdown2.o)
    0x08000258   0x08000258   0x00000000   Code   RO         5313    .ARM.Collect$$rtentry$$00000000  c_w.l(__rtentry.o)
    0x08000258   0x08000258   0x00000000   Code   RO         5418    .ARM.Collect$$rtentry$$00000002  c_w.l(__rtentry2.o)
    0x08000258   0x08000258   0x00000006   Code   RO         5430    .ARM.Collect$$rtentry$$00000004  c_w.l(__rtentry4.o)
    0x0800025e   0x0800025e   0x00000000   Code   RO         5420    .ARM.Collect$$rtentry$$00000009  c_w.l(__rtentry2.o)
    0x0800025e   0x0800025e   0x00000004   Code   RO         5421    .ARM.Collect$$rtentry$$0000000A  c_w.l(__rtentry2.o)
    0x08000262   0x08000262   0x00000000   Code   RO         5423    .ARM.Collect$$rtentry$$0000000C  c_w.l(__rtentry2.o)
    0x08000262   0x08000262   0x00000008   Code   RO         5424    .ARM.Collect$$rtentry$$0000000D  c_w.l(__rtentry2.o)
    0x0800026a   0x0800026a   0x00000002   Code   RO         5508    .ARM.Collect$$rtexit$$00000000  c_w.l(rtexit.o)
    0x0800026c   0x0800026c   0x00000000   Code   RO         5563    .ARM.Collect$$rtexit$$00000002  c_w.l(rtexit2.o)
    0x0800026c   0x0800026c   0x00000004   Code   RO         5564    .ARM.Collect$$rtexit$$00000003  c_w.l(rtexit2.o)
    0x08000270   0x08000270   0x00000006   Code   RO         5565    .ARM.Collect$$rtexit$$00000004  c_w.l(rtexit2.o)
    0x08000276   0x08000276   0x00000002   PAD
    0x08000278   0x08000278   0x00000096   Code   RO         4873    .emb_text           port.o
    0x0800030e   0x0800030e   0x00000002   PAD
    0x08000310   0x08000310   0x00000040   Code   RO            4    .text               startup_stm32f103xe.o
    0x08000350   0x08000350   0x00000002   Code   RO         5211    .text               c_w.l(use_no_semi_2.o)
    0x08000352   0x08000352   0x00000002   PAD
    0x08000354   0x08000354   0x00000034   Code   RO         5215    .text               c_w.l(vsnprintf.o)
    0x08000388   0x08000388   0x0000002c   Code   RO         5217    .text               c_w.l(__2sprintf.o)
    0x080003b4   0x080003b4   0x00000038   Code   RO         5219    .text               c_w.l(__2snprintf.o)
    0x080003ec   0x080003ec   0x00000052   Code   RO         5227    .text               c_w.l(_printf_str.o)
    0x0800043e   0x0800043e   0x00000002   PAD
    0x08000440   0x08000440   0x00000078   Code   RO         5229    .text               c_w.l(_printf_dec.o)
    0x080004b8   0x080004b8   0x00000188   Code   RO         5248    .text               c_w.l(__printf_flags_ss_wp.o)
    0x08000640   0x08000640   0x00000048   Code   RO         5255    .text               c_w.l(strcpy.o)
    0x08000688   0x08000688   0x00000016   Code   RO         5257    .text               c_w.l(strrchr.o)
    0x0800069e   0x0800069e   0x0000003e   Code   RO         5259    .text               c_w.l(strlen.o)
    0x080006dc   0x080006dc   0x0000008a   Code   RO         5261    .text               c_w.l(rt_memcpy_v6.o)
    0x08000766   0x08000766   0x00000064   Code   RO         5263    .text               c_w.l(rt_memcpy_w.o)
    0x080007ca   0x080007ca   0x00000010   Code   RO         5267    .text               c_w.l(aeabi_memset.o)
    0x080007da   0x080007da   0x0000004e   Code   RO         5269    .text               c_w.l(rt_memclr_w.o)
    0x08000828   0x08000828   0x00000006   Code   RO         5271    .text               c_w.l(heapauxi.o)
    0x0800082e   0x0800082e   0x00000002   Code   RO         5311    .text               c_w.l(use_no_semi.o)
    0x08000830   0x08000830   0x00000016   Code   RO         5314    .text               c_w.l(_rserrno.o)
    0x08000846   0x08000846   0x0000004e   Code   RO         5316    .text               c_w.l(_printf_pad.o)
    0x08000894   0x08000894   0x00000024   Code   RO         5318    .text               c_w.l(_printf_truncate.o)
    0x080008b8   0x080008b8   0x000000b2   Code   RO         5320    .text               c_w.l(_printf_intcommon.o)
    0x0800096a   0x0800096a   0x00000028   Code   RO         5322    .text               c_w.l(_printf_charcount.o)
    0x08000992   0x08000992   0x00000002   PAD
    0x08000994   0x08000994   0x00000030   Code   RO         5324    .text               c_w.l(_printf_char_common.o)
    0x080009c4   0x080009c4   0x0000000a   Code   RO         5326    .text               c_w.l(_sputc.o)
    0x080009ce   0x080009ce   0x00000010   Code   RO         5328    .text               c_w.l(_snputc.o)
    0x080009de   0x080009de   0x0000002c   Code   RO         5330    .text               c_w.l(_printf_char.o)
    0x08000a0a   0x08000a0a   0x00000002   PAD
    0x08000a0c   0x08000a0c   0x000000bc   Code   RO         5332    .text               c_w.l(_printf_wctomb.o)
    0x08000ac8   0x08000ac8   0x0000007c   Code   RO         5335    .text               c_w.l(_printf_longlong_dec.o)
    0x08000b44   0x08000b44   0x00000070   Code   RO         5341    .text               c_w.l(_printf_oct_int_ll.o)
    0x08000bb4   0x08000bb4   0x00000094   Code   RO         5361    .text               c_w.l(_printf_hex_int_ll_ptr.o)
    0x08000c48   0x08000c48   0x00000044   Code   RO         5384    .text               c_w.l(rt_memclr.o)
    0x08000c8c   0x08000c8c   0x00000008   Code   RO         5435    .text               c_w.l(rt_errno_addr_intlibspace.o)
    0x08000c94   0x08000c94   0x0000008a   Code   RO         5437    .text               c_w.l(lludiv10.o)
    0x08000d1e   0x08000d1e   0x0000041e   Code   RO         5439    .text               c_w.l(_printf_fp_dec.o)
    0x0800113c   0x0800113c   0x000002fc   Code   RO         5441    .text               c_w.l(_printf_fp_hex.o)
    0x08001438   0x08001438   0x0000002c   Code   RO         5446    .text               c_w.l(_printf_wchar.o)
    0x08001464   0x08001464   0x00000040   Code   RO         5448    .text               c_w.l(_wcrtomb.o)
    0x080014a4   0x080014a4   0x00000008   Code   RO         5452    .text               c_w.l(libspace.o)
    0x080014ac   0x080014ac   0x0000004a   Code   RO         5455    .text               c_w.l(sys_stackheap_outer.o)
    0x080014f6   0x080014f6   0x00000002   PAD
    0x080014f8   0x080014f8   0x00000010   Code   RO         5457    .text               c_w.l(rt_ctype_table.o)
    0x08001508   0x08001508   0x00000008   Code   RO         5462    .text               c_w.l(rt_locale_intlibspace.o)
    0x08001510   0x08001510   0x00000080   Code   RO         5464    .text               c_w.l(_printf_fp_infnan.o)
    0x08001590   0x08001590   0x000000e4   Code   RO         5466    .text               c_w.l(bigflt0.o)
    0x08001674   0x08001674   0x00000012   Code   RO         5494    .text               c_w.l(exit.o)
    0x08001686   0x08001686   0x00000002   PAD
    0x08001688   0x08001688   0x00000080   Code   RO         5513    .text               c_w.l(strcmpv7m.o)
    0x08001708   0x08001708   0x0000003e   Code   RO         5469    CL$$btod_d2e        c_w.l(btod.o)
    0x08001746   0x08001746   0x00000046   Code   RO         5471    CL$$btod_d2e_denorm_low  c_w.l(btod.o)
    0x0800178c   0x0800178c   0x00000060   Code   RO         5470    CL$$btod_d2e_norm_op1  c_w.l(btod.o)
    0x080017ec   0x080017ec   0x00000338   Code   RO         5479    CL$$btod_div_common  c_w.l(btod.o)
    0x08001b24   0x08001b24   0x000000dc   Code   RO         5476    CL$$btod_e2e        c_w.l(btod.o)
    0x08001c00   0x08001c00   0x0000002a   Code   RO         5473    CL$$btod_ediv       c_w.l(btod.o)
    0x08001c2a   0x08001c2a   0x0000002a   Code   RO         5472    CL$$btod_emul       c_w.l(btod.o)
    0x08001c54   0x08001c54   0x00000244   Code   RO         5478    CL$$btod_mult_common  c_w.l(btod.o)
    0x08001e98   0x08001e98   0x00000056   Code   RO         1531    i.ADC_ConversionStop_Disable  stm32f1xx_hal_adc.o
    0x08001eee   0x08001eee   0x00000002   PAD
    0x08001ef0   0x08001ef0   0x0000007c   Code   RO         1535    i.ADC_Enable        stm32f1xx_hal_adc.o
    0x08001f6c   0x08001f6c   0x00000002   Code   RO          395    i.BusFault_Handler  stm32f1xx_it.o
    0x08001f6e   0x08001f6e   0x00000002   Code   RO          396    i.DebugMon_Handler  stm32f1xx_it.o
    0x08001f70   0x08001f70   0x00000004   Code   RO           13    i.Error_Handler     main.o
    0x08001f74   0x08001f74   0x000000d8   Code   RO         1711    i.HAL_ADCEx_Calibration_Start  stm32f1xx_hal_adc_ex.o
    0x0800204c   0x0800204c   0x000000fc   Code   RO         1537    i.HAL_ADC_ConfigChannel  stm32f1xx_hal_adc.o
    0x08002148   0x08002148   0x00000006   Code   RO         1544    i.HAL_ADC_GetValue  stm32f1xx_hal_adc.o
    0x0800214e   0x0800214e   0x00000002   PAD
    0x08002150   0x08002150   0x00000120   Code   RO         1546    i.HAL_ADC_Init      stm32f1xx_hal_adc.o
    0x08002270   0x08002270   0x0000007c   Code   RO          283    i.HAL_ADC_MspInit   adc.o
    0x080022ec   0x080022ec   0x0000013c   Code   RO         1550    i.HAL_ADC_PollForConversion  stm32f1xx_hal_adc.o
    0x08002428   0x08002428   0x000000c0   Code   RO         1552    i.HAL_ADC_Start     stm32f1xx_hal_adc.o
    0x080024e8   0x080024e8   0x00000034   Code   RO         1555    i.HAL_ADC_Stop      stm32f1xx_hal_adc.o
    0x0800251c   0x0800251c   0x000001f8   Code   RO         2124    i.HAL_GPIO_Init     stm32f1xx_hal_gpio.o
    0x08002714   0x08002714   0x00000010   Code   RO         2127    i.HAL_GPIO_TogglePin  stm32f1xx_hal_gpio.o
    0x08002724   0x08002724   0x0000000a   Code   RO         2128    i.HAL_GPIO_WritePin  stm32f1xx_hal_gpio.o
    0x0800272e   0x0800272e   0x00000002   PAD
    0x08002730   0x08002730   0x0000000c   Code   RO         1818    i.HAL_GetTick       stm32f1xx_hal.o
    0x0800273c   0x0800273c   0x00000010   Code   RO         1824    i.HAL_IncTick       stm32f1xx_hal.o
    0x0800274c   0x0800274c   0x00000024   Code   RO         1825    i.HAL_Init          stm32f1xx_hal.o
    0x08002770   0x08002770   0x00000098   Code   RO          483    i.HAL_InitTick      stm32f1xx_hal_timebase_tim.o
    0x08002808   0x08002808   0x00000048   Code   RO          459    i.HAL_MspInit       stm32f1xx_hal_msp.o
    0x08002850   0x08002850   0x0000001a   Code   RO         2284    i.HAL_NVIC_EnableIRQ  stm32f1xx_hal_cortex.o
    0x0800286a   0x0800286a   0x00000002   PAD
    0x0800286c   0x0800286c   0x00000040   Code   RO         2290    i.HAL_NVIC_SetPriority  stm32f1xx_hal_cortex.o
    0x080028ac   0x080028ac   0x00000024   Code   RO         2291    i.HAL_NVIC_SetPriorityGrouping  stm32f1xx_hal_cortex.o
    0x080028d0   0x080028d0   0x000000b8   Code   RO         2085    i.HAL_RCCEx_GetPeriphCLKFreq  stm32f1xx_hal_rcc_ex.o
    0x08002988   0x08002988   0x000000ec   Code   RO         2086    i.HAL_RCCEx_PeriphCLKConfig  stm32f1xx_hal_rcc_ex.o
    0x08002a74   0x08002a74   0x0000012c   Code   RO         1982    i.HAL_RCC_ClockConfig  stm32f1xx_hal_rcc.o
    0x08002ba0   0x08002ba0   0x00000040   Code   RO         1986    i.HAL_RCC_GetClockConfig  stm32f1xx_hal_rcc.o
    0x08002be0   0x08002be0   0x0000000c   Code   RO         1987    i.HAL_RCC_GetHCLKFreq  stm32f1xx_hal_rcc.o
    0x08002bec   0x08002bec   0x00000020   Code   RO         1989    i.HAL_RCC_GetPCLK1Freq  stm32f1xx_hal_rcc.o
    0x08002c0c   0x08002c0c   0x00000020   Code   RO         1990    i.HAL_RCC_GetPCLK2Freq  stm32f1xx_hal_rcc.o
    0x08002c2c   0x08002c2c   0x0000004c   Code   RO         1991    i.HAL_RCC_GetSysClockFreq  stm32f1xx_hal_rcc.o
    0x08002c78   0x08002c78   0x00000320   Code   RO         1994    i.HAL_RCC_OscConfig  stm32f1xx_hal_rcc.o
    0x08002f98   0x08002f98   0x00000002   Code   RO         1264    i.HAL_TIMEx_BreakCallback  stm32f1xx_hal_tim_ex.o
    0x08002f9a   0x08002f9a   0x00000002   Code   RO         1265    i.HAL_TIMEx_CommutCallback  stm32f1xx_hal_tim_ex.o
    0x08002f9c   0x08002f9c   0x0000005a   Code   RO          560    i.HAL_TIM_Base_Init  stm32f1xx_hal_tim.o
    0x08002ff6   0x08002ff6   0x00000002   Code   RO          562    i.HAL_TIM_Base_MspInit  stm32f1xx_hal_tim.o
    0x08002ff8   0x08002ff8   0x0000006c   Code   RO          565    i.HAL_TIM_Base_Start_IT  stm32f1xx_hal_tim.o
    0x08003064   0x08003064   0x00000002   Code   RO          594    i.HAL_TIM_IC_CaptureCallback  stm32f1xx_hal_tim.o
    0x08003066   0x08003066   0x00000130   Code   RO          608    i.HAL_TIM_IRQHandler  stm32f1xx_hal_tim.o
    0x08003196   0x08003196   0x00000002   Code   RO          611    i.HAL_TIM_OC_DelayElapsedCallback  stm32f1xx_hal_tim.o
    0x08003198   0x08003198   0x00000002   Code   RO          638    i.HAL_TIM_PWM_PulseFinishedCallback  stm32f1xx_hal_tim.o
    0x0800319a   0x0800319a   0x00000002   PAD
    0x0800319c   0x0800319c   0x00000014   Code   RO           14    i.HAL_TIM_PeriodElapsedCallback  main.o
    0x080031b0   0x080031b0   0x00000002   Code   RO          651    i.HAL_TIM_TriggerCallback  stm32f1xx_hal_tim.o
    0x080031b2   0x080031b2   0x00000064   Code   RO         2814    i.HAL_UART_Init     stm32f1xx_hal_uart.o
    0x08003216   0x08003216   0x00000002   PAD
    0x08003218   0x08003218   0x000000f4   Code   RO          325    i.HAL_UART_MspInit  usart.o
    0x0800330c   0x0800330c   0x000000a0   Code   RO         2822    i.HAL_UART_Transmit  stm32f1xx_hal_uart.o
    0x080033ac   0x080033ac   0x00000002   Code   RO          397    i.HardFault_Handler  stm32f1xx_it.o
    0x080033ae   0x080033ae   0x00000002   PAD
    0x080033b0   0x080033b0   0x00000038   Code   RO          284    i.MX_ADC1_Init      adc.o
    0x080033e8   0x080033e8   0x00000078   Code   RO          233    i.MX_FREERTOS_Init  freertos.o
    0x08003460   0x08003460   0x0000015c   Code   RO          209    i.MX_GPIO_Init      gpio.o
    0x080035bc   0x080035bc   0x00000038   Code   RO          326    i.MX_USART1_UART_Init  usart.o
    0x080035f4   0x080035f4   0x00000038   Code   RO          327    i.MX_USART2_UART_Init  usart.o
    0x0800362c   0x0800362c   0x00000038   Code   RO          328    i.MX_USART3_UART_Init  usart.o
    0x08003664   0x08003664   0x00000002   Code   RO          398    i.MemManage_Handler  stm32f1xx_it.o
    0x08003666   0x08003666   0x00000002   Code   RO          399    i.NMI_Handler       stm32f1xx_it.o
    0x08003668   0x08003668   0x0000000e   Code   RO          234    i.StartDefaultTask  freertos.o
    0x08003676   0x08003676   0x0000001a   Code   RO         4305    i.SysTick_Handler   cmsis_os2.o
    0x08003690   0x08003690   0x0000007a   Code   RO           15    i.SystemClock_Config  main.o
    0x0800370a   0x0800370a   0x00000002   Code   RO         3148    i.SystemInit        system_stm32f1xx.o
    0x0800370c   0x0800370c   0x0000000c   Code   RO          400    i.TIM4_IRQHandler   stm32f1xx_it.o
    0x08003718   0x08003718   0x0000009c   Code   RO          653    i.TIM_Base_SetConfig  stm32f1xx_hal_tim.o
    0x080037b4   0x080037b4   0x00000370   Code   RO         4956    i.TaskHeartbeat     task_heartbeat.o
    0x08003b24   0x08003b24   0x00000028   Code   RO         5094    i.TaskLog           log.o
    0x08003b4c   0x08003b4c   0x00000194   Code   RO         4981    i.TaskMonitor       task_monitor.o
    0x08003ce0   0x08003ce0   0x0000004e   Code   RO         2837    i.UART_EndRxTransfer  stm32f1xx_hal_uart.o
    0x08003d2e   0x08003d2e   0x00000002   PAD
    0x08003d30   0x08003d30   0x000000b8   Code   RO         2840    i.UART_SetConfig    stm32f1xx_hal_uart.o
    0x08003de8   0x08003de8   0x00000072   Code   RO         2843    i.UART_WaitOnFlagUntilTimeout  stm32f1xx_hal_uart.o
    0x08003e5a   0x08003e5a   0x00000002   Code   RO          401    i.UsageFault_Handler  stm32f1xx_it.o
    0x08003e5c   0x08003e5c   0x00000028   Code   RO         5506    i.__ARM_fpclassify  m_ws.l(fpclassify.o)
    0x08003e84   0x08003e84   0x00000020   Code   RO         2297    i.__NVIC_SetPriority  stm32f1xx_hal_cortex.o
    0x08003ea4   0x08003ea4   0x0000000a   Code   RO         5403    i.__mathlib_flt_divzero  m_ws.l(funder.o)
    0x08003eae   0x08003eae   0x00000006   Code   RO         5404    i.__mathlib_flt_infnan  m_ws.l(funder.o)
    0x08003eb4   0x08003eb4   0x00000008   Code   RO         5406    i.__mathlib_flt_invalid  m_ws.l(funder.o)
    0x08003ebc   0x08003ebc   0x0000000e   Code   RO         5241    i._is_digit         c_w.l(__printf_wp.o)
    0x08003eca   0x08003eca   0x00000002   Code   RO          329    i._sys_exit         usart.o
    0x08003ecc   0x08003ecc   0x00000014   Code   RO         5001    i.board_init        board.o
    0x08003ee0   0x08003ee0   0x0000002c   Code   RO         5003    i.board_power_set   board.o
    0x08003f0c   0x08003f0c   0x00000010   Code   RO         5004    i.board_to_level    board.o
    0x08003f1c   0x08003f1c   0x00000074   Code   RO         3754    i.eTaskGetState     tasks.o
    0x08003f90   0x08003f90   0x00000030   Code   RO         5097    i.log_init          log.o
    0x08003fc0   0x08003fc0   0x000000cc   Code   RO         5098    i.log_printf        log.o
    0x0800408c   0x0800408c   0x00000040   Code   RO         5100    i.log_write_sync    log.o
    0x080040cc   0x080040cc   0x00000190   Code   RO         5302    i.logf              m_ws.l(logf.o)
    0x0800425c   0x0800425c   0x0000003c   Code   RO           16    i.main              main.o
    0x08004298   0x08004298   0x0000003c   Code   RO         5172    i.monitor_service_get_snapshot  monitor_service.o
    0x080042d4   0x080042d4   0x00000034   Code   RO         5173    i.monitor_service_init  monitor_service.o
    0x08004308   0x08004308   0x00000148   Code   RO         5174    i.monitor_service_update  monitor_service.o
    0x08004450   0x08004450   0x0000005c   Code   RO         5175    i.monitor_update_temp_filter  monitor_service.o
    0x080044ac   0x080044ac   0x0000001e   Code   RO         5176    i.monitor_value_valid  monitor_service.o
    0x080044ca   0x080044ca   0x0000001a   Code   RO         4307    i.osDelay           cmsis_os2.o
    0x080044e4   0x080044e4   0x00000024   Code   RO         4321    i.osKernelInitialize  cmsis_os2.o
    0x08004508   0x08004508   0x00000038   Code   RO         4324    i.osKernelStart     cmsis_os2.o
    0x08004540   0x08004540   0x0000008a   Code   RO         4366    i.osThreadNew       cmsis_os2.o
    0x080045ca   0x080045ca   0x00000002   PAD
    0x080045cc   0x080045cc   0x0000005c   Code   RO         3756    i.prvAddCurrentTaskToDelayedList  tasks.o
    0x08004628   0x08004628   0x000000d0   Code   RO         3757    i.prvAddNewTaskToReadyList  tasks.o
    0x080046f8   0x080046f8   0x00000058   Code   RO         4131    i.prvCheckForValidListAndQueue  timers.o
    0x08004750   0x08004750   0x00000026   Code   RO         3353    i.prvCopyDataFromQueue  queue.o
    0x08004776   0x08004776   0x0000006c   Code   RO         3354    i.prvCopyDataToQueue  queue.o
    0x080047e2   0x080047e2   0x00000034   Code   RO         3758    i.prvDeleteTCB      tasks.o
    0x08004816   0x08004816   0x00000002   PAD
    0x08004818   0x08004818   0x0000004c   Code   RO         4818    i.prvHeapInit       heap_4.o
    0x08004864   0x08004864   0x00000060   Code   RO         3759    i.prvIdleTask       tasks.o
    0x080048c4   0x080048c4   0x00000016   Code   RO         3355    i.prvInitialiseMutex  queue.o
    0x080048da   0x080048da   0x00000002   PAD
    0x080048dc   0x080048dc   0x00000022   Code   RO         3356    i.prvInitialiseNewQueue  queue.o
    0x080048fe   0x080048fe   0x00000002   PAD
    0x08004900   0x08004900   0x000000b0   Code   RO         3760    i.prvInitialiseNewTask  tasks.o
    0x080049b0   0x080049b0   0x0000004c   Code   RO         4819    i.prvInsertBlockIntoFreeList  heap_4.o
    0x080049fc   0x080049fc   0x00000038   Code   RO         4133    i.prvInsertTimerInActiveList  timers.o
    0x08004a34   0x08004a34   0x0000001c   Code   RO         3357    i.prvIsQueueEmpty   queue.o
    0x08004a50   0x08004a50   0x00000058   Code   RO         3761    i.prvListTasksWithinSingleList  tasks.o
    0x08004aa8   0x08004aa8   0x000000fc   Code   RO         4134    i.prvProcessReceivedCommands  timers.o
    0x08004ba4   0x08004ba4   0x000000c0   Code   RO         4135    i.prvProcessTimerOrBlockTask  timers.o
    0x08004c64   0x08004c64   0x00000020   Code   RO         3762    i.prvResetNextTaskUnblockTime  tasks.o
    0x08004c84   0x08004c84   0x00000028   Code   RO         4136    i.prvSampleTimeNow  timers.o
    0x08004cac   0x08004cac   0x0000006c   Code   RO         4137    i.prvSwitchTimerLists  timers.o
    0x08004d18   0x08004d18   0x00000014   Code   RO         3763    i.prvTaskCheckFreeStackSpace  tasks.o
    0x08004d2c   0x08004d2c   0x00000028   Code   RO         4874    i.prvTaskExitError  port.o
    0x08004d54   0x08004d54   0x00000024   Code   RO         4138    i.prvTimerTask      timers.o
    0x08004d78   0x08004d78   0x0000006a   Code   RO         3358    i.prvUnlockQueue    queue.o
    0x08004de2   0x08004de2   0x00000002   PAD
    0x08004de4   0x08004de4   0x000000e8   Code   RO         4820    i.pvPortMalloc      heap_4.o
    0x08004ecc   0x08004ecc   0x00000018   Code   RO         3765    i.pvTaskIncrementMutexHeldCount  tasks.o
    0x08004ee4   0x08004ee4   0x00000024   Code   RO         4875    i.pxPortInitialiseStack  port.o
    0x08004f08   0x08004f08   0x00000084   Code   RO         5053    i.sense_adc_to_temp  sense.o
    0x08004f8c   0x08004f8c   0x00000058   Code   RO         5054    i.sense_read_all    sense.o
    0x08004fe4   0x08004fe4   0x0000004c   Code   RO         5055    i.sense_read_channel  sense.o
    0x08005030   0x08005030   0x00000026   Code   RO         3313    i.uxListRemove      list.o
    0x08005056   0x08005056   0x00000002   PAD
    0x08005058   0x08005058   0x000000ac   Code   RO         3770    i.uxTaskGetSystemState  tasks.o
    0x08005104   0x08005104   0x00000014   Code   RO         4378    i.vApplicationGetIdleTaskMemory  cmsis_os2.o
    0x08005118   0x08005118   0x00000018   Code   RO         4379    i.vApplicationGetTimerTaskMemory  cmsis_os2.o
    0x08005130   0x08005130   0x00000002   Code   RO         4380    i.vApplicationMallocFailedHook  cmsis_os2.o
    0x08005132   0x08005132   0x00000010   Code   RO         4381    i.vApplicationStackOverflowHook  cmsis_os2.o
    0x08005142   0x08005142   0x00000016   Code   RO         3314    i.vListInitialise   list.o
    0x08005158   0x08005158   0x00000006   Code   RO         3315    i.vListInitialiseItem  list.o
    0x0800515e   0x0800515e   0x00000030   Code   RO         3316    i.vListInsert       list.o
    0x0800518e   0x0800518e   0x00000018   Code   RO         3317    i.vListInsertEnd    list.o
    0x080051a6   0x080051a6   0x00000002   PAD
    0x080051a8   0x080051a8   0x00000040   Code   RO         4877    i.vPortEnterCritical  port.o
    0x080051e8   0x080051e8   0x00000028   Code   RO         4878    i.vPortExitCritical  port.o
    0x08005210   0x08005210   0x00000064   Code   RO         4821    i.vPortFree         heap_4.o
    0x08005274   0x08005274   0x00000024   Code   RO         4879    i.vPortSetupTimerInterrupt  port.o
    0x08005298   0x08005298   0x00000054   Code   RO         4880    i.vPortValidateInterruptPriority  port.o
    0x080052ec   0x080052ec   0x00000028   Code   RO         3364    i.vQueueAddToRegistry  queue.o
    0x08005314   0x08005314   0x00000044   Code   RO         3368    i.vQueueWaitForMessageRestricted  queue.o
    0x08005358   0x08005358   0x0000004c   Code   RO         3775    i.vTaskDelay        tasks.o
    0x080053a4   0x080053a4   0x0000008c   Code   RO         3776    i.vTaskDelayUntil   tasks.o
    0x08005430   0x08005430   0x00000074   Code   RO         3779    i.vTaskGetInfo      tasks.o
    0x080054a4   0x080054a4   0x00000010   Code   RO         3780    i.vTaskInternalSetTimeOutState  tasks.o
    0x080054b4   0x080054b4   0x000000c4   Code   RO         3781    i.vTaskList         tasks.o
    0x08005578   0x08005578   0x0000000c   Code   RO         3782    i.vTaskMissedYield  tasks.o
    0x08005584   0x08005584   0x00000030   Code   RO         3784    i.vTaskPlaceOnEventList  tasks.o
    0x080055b4   0x080055b4   0x00000038   Code   RO         3785    i.vTaskPlaceOnEventListRestricted  tasks.o
    0x080055ec   0x080055ec   0x00000090   Code   RO         3787    i.vTaskPriorityDisinheritAfterTimeout  tasks.o
    0x0800567c   0x0800567c   0x00000088   Code   RO         3793    i.vTaskStartScheduler  tasks.o
    0x08005704   0x08005704   0x0000009c   Code   RO         3794    i.vTaskSuspend      tasks.o
    0x080057a0   0x080057a0   0x00000010   Code   RO         3795    i.vTaskSuspendAll   tasks.o
    0x080057b0   0x080057b0   0x0000008c   Code   RO         3796    i.vTaskSwitchContext  tasks.o
    0x0800583c   0x0800583c   0x0000000c   Code   RO         4824    i.xPortGetFreeHeapSize  heap_4.o
    0x08005848   0x08005848   0x000000a8   Code   RO         4881    i.xPortStartScheduler  port.o
    0x080058f0   0x080058f0   0x0000002c   Code   RO         4882    i.xPortSysTickHandler  port.o
    0x0800591c   0x0800591c   0x00000016   Code   RO         3371    i.xQueueCreateMutex  queue.o
    0x08005932   0x08005932   0x00000042   Code   RO         3373    i.xQueueGenericCreate  queue.o
    0x08005974   0x08005974   0x00000066   Code   RO         3374    i.xQueueGenericCreateStatic  queue.o
    0x080059da   0x080059da   0x00000002   PAD
    0x080059dc   0x080059dc   0x00000088   Code   RO         3375    i.xQueueGenericReset  queue.o
    0x08005a64   0x08005a64   0x00000160   Code   RO         3376    i.xQueueGenericSend  queue.o
    0x08005bc4   0x08005bc4   0x000000be   Code   RO         3377    i.xQueueGenericSendFromISR  queue.o
    0x08005c82   0x08005c82   0x00000002   PAD
    0x08005c84   0x08005c84   0x00000138   Code   RO         3386    i.xQueueReceive     queue.o
    0x08005dbc   0x08005dbc   0x00000178   Code   RO         3388    i.xQueueSemaphoreTake  queue.o
    0x08005f34   0x08005f34   0x00000074   Code   RO         3798    i.xTaskCheckForTimeOut  tasks.o
    0x08005fa8   0x08005fa8   0x0000005a   Code   RO         3799    i.xTaskCreate       tasks.o
    0x08006002   0x08006002   0x00000056   Code   RO         3800    i.xTaskCreateStatic  tasks.o
    0x08006058   0x08006058   0x0000001c   Code   RO         3804    i.xTaskGetSchedulerState  tasks.o
    0x08006074   0x08006074   0x0000000c   Code   RO         3805    i.xTaskGetTickCount  tasks.o
    0x08006080   0x08006080   0x000000c8   Code   RO         3807    i.xTaskIncrementTick  tasks.o
    0x08006148   0x08006148   0x00000080   Code   RO         3810    i.xTaskPriorityDisinherit  tasks.o
    0x080061c8   0x080061c8   0x00000078   Code   RO         3811    i.xTaskPriorityInherit  tasks.o
    0x08006240   0x08006240   0x00000070   Code   RO         3812    i.xTaskRemoveFromEventList  tasks.o
    0x080062b0   0x080062b0   0x000000c4   Code   RO         3813    i.xTaskResumeAll    tasks.o
    0x08006374   0x08006374   0x00000060   Code   RO         4147    i.xTimerCreateTimerTask  timers.o
    0x080063d4   0x080063d4   0x00000068   Code   RO         4148    i.xTimerGenericCommand  timers.o
    0x0800643c   0x0800643c   0x0000002c   Code   RO         5492    locale$$code        c_w.l(lc_numeric_c.o)
    0x08006468   0x08006468   0x0000002c   Code   RO         5511    locale$$code        c_w.l(lc_ctype_c.o)
    0x08006494   0x08006494   0x000000c4   Code   RO         5275    x$fpl$fadd          fz_ws.l(faddsub_clz.o)
    0x08006558   0x08006558   0x0000000c   Code   RO         5450    x$fpl$fcheck1       fz_ws.l(fcheck1.o)
    0x08006564   0x08006564   0x00000018   Code   RO         5386    x$fpl$fcmpinf       fz_ws.l(fcmpi.o)
    0x0800657c   0x0800657c   0x00000184   Code   RO         5282    x$fpl$fdiv          fz_ws.l(fdiv.o)
    0x08006700   0x08006700   0x00000036   Code   RO         5285    x$fpl$ffix          fz_ws.l(ffix.o)
    0x08006736   0x08006736   0x00000002   PAD
    0x08006738   0x08006738   0x00000030   Code   RO         5290    x$fpl$fflt          fz_ws.l(fflt_clz.o)
    0x08006768   0x08006768   0x00000026   Code   RO         5289    x$fpl$ffltu         fz_ws.l(fflt_clz.o)
    0x0800678e   0x0800678e   0x00000002   PAD
    0x08006790   0x08006790   0x00000068   Code   RO         5295    x$fpl$fleqf         fz_ws.l(fleqf.o)
    0x080067f8   0x080067f8   0x00000102   Code   RO         5297    x$fpl$fmul          fz_ws.l(fmul.o)
    0x080068fa   0x080068fa   0x0000008c   Code   RO         5388    x$fpl$fnaninf       fz_ws.l(fnaninf.o)
    0x08006986   0x08006986   0x0000000a   Code   RO         5390    x$fpl$fretinf       fz_ws.l(fretinf.o)
    0x08006990   0x08006990   0x00000062   Code   RO         5299    x$fpl$frleqf        fz_ws.l(frleqf.o)
    0x080069f2   0x080069f2   0x00000002   PAD
    0x080069f4   0x080069f4   0x000000ea   Code   RO         5277    x$fpl$fsub          fz_ws.l(faddsub_clz.o)
    0x08006ade   0x08006ade   0x00000004   Code   RO         5392    x$fpl$printf1       fz_ws.l(printf1.o)
    0x08006ae2   0x08006ae2   0x00000004   Code   RO         5394    x$fpl$printf2       fz_ws.l(printf2.o)
    0x08006ae6   0x08006ae6   0x00000064   Code   RO         5504    x$fpl$retnan        fz_ws.l(retnan.o)
    0x08006b4a   0x08006b4a   0x0000004c   Code   RO         5400    x$fpl$scalbnf       fz_ws.l(scalbnf.o)
    0x08006b96   0x08006b96   0x00000030   Code   RO         5560    x$fpl$trapveneer    fz_ws.l(trapv.o)
    0x08006bc6   0x08006bc6   0x00000000   Code   RO         5402    x$fpl$usenofp       fz_ws.l(usenofp.o)
    0x08006bc6   0x08006bc6   0x00000002   PAD
    0x08006bc8   0x08006bc8   0x00000024   Data   RO          235    .constdata          freertos.o
    0x08006bec   0x08006bec   0x00000012   Data   RO         1995    .constdata          stm32f1xx_hal_rcc.o
    0x08006bfe   0x08006bfe   0x00000012   Data   RO         2087    .constdata          stm32f1xx_hal_rcc_ex.o
    0x08006c10   0x08006c10   0x00000010   Data   RO         3149    .constdata          system_stm32f1xx.o
    0x08006c20   0x08006c20   0x00000008   Data   RO         3150    .constdata          system_stm32f1xx.o
    0x08006c28   0x08006c28   0x00000060   Data   RO         5005    .constdata          board.o
    0x08006c88   0x08006c88   0x00000011   Data   RO         5249    .constdata          c_w.l(__printf_flags_ss_wp.o)
    0x08006c99   0x08006c99   0x00000003   PAD
    0x08006c9c   0x08006c9c   0x00000040   Data   RO         5303    .constdata          m_ws.l(logf.o)
    0x08006cdc   0x08006cdc   0x00000008   Data   RO         5333    .constdata          c_w.l(_printf_wctomb.o)
    0x08006ce4   0x08006ce4   0x00000028   Data   RO         5362    .constdata          c_w.l(_printf_hex_int_ll_ptr.o)
    0x08006d0c   0x08006d0c   0x00000026   Data   RO         5442    .constdata          c_w.l(_printf_fp_hex.o)
    0x08006d32   0x08006d32   0x00000002   PAD
    0x08006d34   0x08006d34   0x00000094   Data   RO         5467    .constdata          c_w.l(bigflt0.o)
    0x08006dc8   0x08006dc8   0x0000000c   Data   RO          236    .conststring        freertos.o
    0x08006dd4   0x08006dd4   0x00000045   Data   RO         4982    .conststring        task_monitor.o
    0x08006e19   0x08006e19   0x00000003   PAD
    0x08006e1c   0x08006e1c   0x0000003f   Data   RO         5006    .conststring        board.o
    0x08006e5b   0x08006e5b   0x00000001   PAD
    0x08006e5c   0x08006e5c   0x00000020   Data   RO         5637    Region$$Table       anon$$obj.o
    0x08006e7c   0x08006e7c   0x0000001c   Data   RO         5491    locale$$data        c_w.l(lc_numeric_c.o)
    0x08006e98   0x08006e98   0x00000110   Data   RO         5510    locale$$data        c_w.l(lc_ctype_c.o)


    Execution Region RW_IRAM1 (Exec base: 0x20000000, Load base: 0x08006fa8, Size: 0x00003f58, Max: 0x0000c000, ABSOLUTE)

    Exec Addr    Load Addr    Size         Type   Attr      Idx    E Section Name        Object

    0x20000000   0x08006fa8   0x00000004   Data   RW          237    .data               freertos.o
    0x20000004   0x08006fac   0x0000000c   Data   RW         1832    .data               stm32f1xx_hal.o
    0x20000010   0x08006fb8   0x00000004   Data   RW         3151    .data               system_stm32f1xx.o
    0x20000014   0x08006fbc   0x0000003c   Data   RW         3816    .data               tasks.o
    0x20000050   0x08006ff8   0x00000014   Data   RW         4156    .data               timers.o
    0x20000064   0x0800700c   0x00000004   Data   RW         4383    .data               cmsis_os2.o
    0x20000068   0x08007010   0x00000020   Data   RW         4827    .data               heap_4.o
    0x20000088   0x08007030   0x0000000c   Data   RW         4883    .data               port.o
    0x20000094   0x0800703c   0x00000010   Data   RW         5101    .data               log.o
    0x200000a4   0x0800704c   0x0000000c   Data   RW         5178    .data               monitor_service.o
    0x200000b0        -       0x00000030   Zero   RW          285    .bss                adc.o
    0x200000e0        -       0x000000d8   Zero   RW          331    .bss                usart.o
    0x200001b8        -       0x00000048   Zero   RW          486    .bss                stm32f1xx_hal_timebase_tim.o
    0x20000200        -       0x00000040   Zero   RW         3390    .bss                queue.o
    0x20000240        -       0x000004c4   Zero   RW         3815    .bss                tasks.o
    0x20000704        -       0x00000118   Zero   RW         4155    .bss                timers.o
    0x2000081c        -       0x000006b8   Zero   RW         4382    .bss                cmsis_os2.o
    0x20000ed4        -       0x00002800   Zero   RW         4826    .bss                heap_4.o
    0x200036d4        -       0x00000200   Zero   RW         4957    .bss                task_heartbeat.o
    0x200038d4        -       0x00000020   Zero   RW         5177    .bss                monitor_service.o
    0x200038f4        -       0x00000060   Zero   RW         5453    .bss                c_w.l(libspace.o)
    0x20003954   0x08007058   0x00000004   PAD
    0x20003958        -       0x00000200   Zero   RW            2    HEAP                startup_stm32f103xe.o
    0x20003b58        -       0x00000400   Zero   RW            1    STACK               startup_stm32f103xe.o


==============================================================================

Image component sizes


      Code (inc. data)   RO Data    RW Data    ZI Data      Debug   Object Name

       180         26          0          0         48       1681   adc.o
        80          6        159          0          0       2767   board.o
       344         22          0          4       1720      45562   cmsis_os2.o
         0          0          0          0          0      19544   event_groups.o
       134         48         48          4          0       2629   freertos.o
       348         28          0          0          0       1107   gpio.o
       496         32          0         32      10240       5386   heap_4.o
       138          0          0          0          0       3434   list.o
       356         70          0         16          0       3967   log.o
       206          6          0          0          0     523032   main.o
       562         56          0         12         32       5187   monitor_service.o
       662         70          0         12          0      10781   port.o
      2000         24          0          0         64      20996   queue.o
       296         52          0          0          0       3041   sense.o
        64         26        304          0       1536        808   startup_stm32f103xe.o
        64         14          0         12          0       5278   stm32f1xx_hal.o
      1316         58          0          0          0       7327   stm32f1xx_hal_adc.o
       216          6          0          0          0       1446   stm32f1xx_hal_adc_ex.o
       158         14          0          0          0      28218   stm32f1xx_hal_cortex.o
       530         42          0          0          0       3537   stm32f1xx_hal_gpio.o
        72         10          0          0          0        882   stm32f1xx_hal_msp.o
      1316        100         18          0          0       6221   stm32f1xx_hal_rcc.o
       420         30         18          0          0       2533   stm32f1xx_hal_rcc_ex.o
       668         42          0          0          0       7248   stm32f1xx_hal_tim.o
         4          0          0          0          0       1593   stm32f1xx_hal_tim_ex.o
       152         20          0          0         72       1491   stm32f1xx_hal_timebase_tim.o
       636          6          0          0          0       4672   stm32f1xx_hal_uart.o
        24          6          0          0          0       3055   stm32f1xx_it.o
         0          0          0          0          0       9480   stream_buffer.o
         2          0         24          4          0       1131   system_stm32f1xx.o
       880        366          0          0        512        764   task_heartbeat.o
       404        104         69          0          0       1638   task_monitor.o
      3416        264          0         60       1220      36428   tasks.o
       972         80          0         20        280      32011   timers.o
       414         48          0          0        216       4812   usart.o

    ----------------------------------------------------------------------
     17566       1676        676        176      15940     809687   Object Totals
         0          0         32          0          0          0   (incl. Generated)
        36          0          4          0          0          0   (incl. Padding)

    ----------------------------------------------------------------------

      Code (inc. data)   RO Data    RW Data    ZI Data      Debug   Library Member Name

        56          6          0          0          0         88   __2snprintf.o
        44          6          0          0          0         84   __2sprintf.o
         8          0          0          0          0         68   __main.o
       392          4         17          0          0         92   __printf_flags_ss_wp.o
        14          0          0          0          0         68   __printf_wp.o
         0          0          0          0          0          0   __rtentry.o
        12          0          0          0          0          0   __rtentry2.o
         6          0          0          0          0          0   __rtentry4.o
        52          8          0          0          0          0   __scatter.o
        26          0          0          0          0          0   __scatter_copy.o
        28          0          0          0          0          0   __scatter_zi.o
         6          0          0          0          0          0   _printf_a.o
         6          0          0          0          0          0   _printf_c.o
        44          0          0          0          0        108   _printf_char.o
        48          6          0          0          0         96   _printf_char_common.o
        40          0          0          0          0         68   _printf_charcount.o
         6          0          0          0          0          0   _printf_d.o
       120         16          0          0          0         92   _printf_dec.o
         6          0          0          0          0          0   _printf_e.o
         6          0          0          0          0          0   _printf_f.o
      1054          0          0          0          0        216   _printf_fp_dec.o
       764          8         38          0          0        100   _printf_fp_hex.o
       128         16          0          0          0         84   _printf_fp_infnan.o
         6          0          0          0          0          0   _printf_g.o
       148          4         40          0          0        160   _printf_hex_int_ll_ptr.o
         6          0          0          0          0          0   _printf_i.o
       178          0          0          0          0         88   _printf_intcommon.o
        10          0          0          0          0          0   _printf_l.o
         6          0          0          0          0          0   _printf_lc.o
        10          0          0          0          0          0   _printf_ll.o
         6          0          0          0          0          0   _printf_lld.o
         6          0          0          0          0          0   _printf_lli.o
         6          0          0          0          0          0   _printf_llo.o
         6          0          0          0          0          0   _printf_llu.o
         6          0          0          0          0          0   _printf_llx.o
       124         16          0          0          0         92   _printf_longlong_dec.o
         6          0          0          0          0          0   _printf_ls.o
         6          0          0          0          0          0   _printf_n.o
         6          0          0          0          0          0   _printf_o.o
       112         10          0          0          0        124   _printf_oct_int_ll.o
         6          0          0          0          0          0   _printf_p.o
        78          0          0          0          0        108   _printf_pad.o
         0          0          0          0          0          0   _printf_percent.o
         4          0          0          0          0          0   _printf_percent_end.o
         6          0          0          0          0          0   _printf_s.o
        82          0          0          0          0         80   _printf_str.o
        36          0          0          0          0         84   _printf_truncate.o
         6          0          0          0          0          0   _printf_u.o
        44          0          0          0          0        108   _printf_wchar.o
       188          6          8          0          0         92   _printf_wctomb.o
         6          0          0          0          0          0   _printf_x.o
        22          0          0          0          0        100   _rserrno.o
        16          0          0          0          0         68   _snputc.o
        10          0          0          0          0         68   _sputc.o
        64          0          0          0          0         92   _wcrtomb.o
        16          0          0          0          0         68   aeabi_memset.o
       228          4        148          0          0         96   bigflt0.o
      1936        128          0          0          0        672   btod.o
        18          0          0          0          0         80   exit.o
         6          0          0          0          0        152   heapauxi.o
        44         10        272          0          0         76   lc_ctype_c.o
        44         10         28          0          0         76   lc_numeric_c.o
         2          0          0          0          0          0   libinit.o
        30          0          0          0          0          0   libinit2.o
         2          0          0          0          0          0   libshutdown.o
         2          0          0          0          0          0   libshutdown2.o
         8          4          0          0         96         68   libspace.o
       138          0          0          0          0         80   lludiv10.o
        16          4          0          0          0         76   rt_ctype_table.o
         8          4          0          0          0         68   rt_errno_addr_intlibspace.o
         8          4          0          0          0         68   rt_locale_intlibspace.o
        68          0          0          0          0         68   rt_memclr.o
        78          0          0          0          0         80   rt_memclr_w.o
       138          0          0          0          0         68   rt_memcpy_v6.o
       100          0          0          0          0         80   rt_memcpy_w.o
         2          0          0          0          0          0   rtexit.o
        10          0          0          0          0          0   rtexit2.o
       128          0          0          0          0         68   strcmpv7m.o
        72          0          0          0          0         80   strcpy.o
        62          0          0          0          0         76   strlen.o
        22          0          0          0          0         68   strrchr.o
        74          0          0          0          0         80   sys_stackheap_outer.o
         2          0          0          0          0         68   use_no_semi.o
         2          0          0          0          0         68   use_no_semi_2.o
        52          4          0          0          0         80   vsnprintf.o
       430          8          0          0          0        168   faddsub_clz.o
        12          4          0          0          0         68   fcheck1.o
        24          0          0          0          0         68   fcmpi.o
       388         76          0          0          0         96   fdiv.o
        54          4          0          0          0         84   ffix.o
        86          0          0          0          0        136   fflt_clz.o
       104          4          0          0          0         84   fleqf.o
       258          4          0          0          0         84   fmul.o
       140          4          0          0          0         84   fnaninf.o
        10          0          0          0          0         68   fretinf.o
        98          0          0          0          0         68   frleqf.o
         4          0          0          0          0         68   printf1.o
         4          0          0          0          0         68   printf2.o
       100          0          0          0          0         68   retnan.o
        76          0          0          0          0         68   scalbnf.o
        48          0          0          0          0         68   trapv.o
         0          0          0          0          0          0   usenofp.o
        40          0          0          0          0         68   fpclassify.o
        24          0          0          0          0        204   funder.o
       400         38         64          0          0        132   logf.o

    ----------------------------------------------------------------------
      9722        420        620          0        100       6644   Library Totals
        24          0          5          0          4          0   (incl. Padding)

    ----------------------------------------------------------------------

      Code (inc. data)   RO Data    RW Data    ZI Data      Debug   Library Name

      7398        278        551          0         96       4892   c_w.l
      1836        104          0          0          0       1348   fz_ws.l
       464         38         64          0          0        404   m_ws.l

    ----------------------------------------------------------------------
      9722        420        620          0        100       6644   Library Totals

    ----------------------------------------------------------------------

==============================================================================


      Code (inc. data)   RO Data    RW Data    ZI Data      Debug   

     27288       2096       1296        176      16040     803691   Grand Totals
     27288       2096       1296        176      16040     803691   ELF Image Totals
     27288       2096       1296        176          0          0   ROM Totals

==============================================================================

    Total RO  Size (Code + RO Data)                28584 (  27.91kB)
    Total RW  Size (RW Data + ZI Data)             16216 (  15.84kB)
    Total ROM Size (Code + RO Data + RW Data)      28760 (  28.09kB)

==============================================================================

